Archive member included to satisfy reference by file (symbol)

c:/st/stm32cubeide_1.9.0/stm32cubeide/plugins/com.st.stm32cube.ide.mcu.externaltools.gnu-tools-for-stm32.10.3-2021.10.win32_1.0.0.202111181127/tools/bin/../lib/gcc/arm-none-eabi/10.3.1/../../../../arm-none-eabi/lib/thumb/v7e-m+fp/hard\libc_nano.a(lib_a-errno.o)
                              ./Src/syscalls.o (__errno)
c:/st/stm32cubeide_1.9.0/stm32cubeide/plugins/com.st.stm32cube.ide.mcu.externaltools.gnu-tools-for-stm32.10.3-2021.10.win32_1.0.0.202111181127/tools/bin/../lib/gcc/arm-none-eabi/10.3.1/../../../../arm-none-eabi/lib/thumb/v7e-m+fp/hard\libc_nano.a(lib_a-exit.o)
                              c:/st/stm32cubeide_1.9.0/stm32cubeide/plugins/com.st.stm32cube.ide.mcu.externaltools.gnu-tools-for-stm32.10.3-2021.10.win32_1.0.0.202111181127/tools/bin/../lib/gcc/arm-none-eabi/10.3.1/../../../../arm-none-eabi/lib/thumb/v7e-m+fp/hard/crt0.o (exit)
c:/st/stm32cubeide_1.9.0/stm32cubeide/plugins/com.st.stm32cube.ide.mcu.externaltools.gnu-tools-for-stm32.10.3-2021.10.win32_1.0.0.202111181127/tools/bin/../lib/gcc/arm-none-eabi/10.3.1/../../../../arm-none-eabi/lib/thumb/v7e-m+fp/hard\libc_nano.a(lib_a-impure.o)
                              c:/st/stm32cubeide_1.9.0/stm32cubeide/plugins/com.st.stm32cube.ide.mcu.externaltools.gnu-tools-for-stm32.10.3-2021.10.win32_1.0.0.202111181127/tools/bin/../lib/gcc/arm-none-eabi/10.3.1/../../../../arm-none-eabi/lib/thumb/v7e-m+fp/hard\libc_nano.a(lib_a-exit.o) (_global_impure_ptr)
c:/st/stm32cubeide_1.9.0/stm32cubeide/plugins/com.st.stm32cube.ide.mcu.externaltools.gnu-tools-for-stm32.10.3-2021.10.win32_1.0.0.202111181127/tools/bin/../lib/gcc/arm-none-eabi/10.3.1/../../../../arm-none-eabi/lib/thumb/v7e-m+fp/hard\libc_nano.a(lib_a-init.o)
                              c:/st/stm32cubeide_1.9.0/stm32cubeide/plugins/com.st.stm32cube.ide.mcu.externaltools.gnu-tools-for-stm32.10.3-2021.10.win32_1.0.0.202111181127/tools/bin/../lib/gcc/arm-none-eabi/10.3.1/../../../../arm-none-eabi/lib/thumb/v7e-m+fp/hard/crt0.o (__libc_init_array)
c:/st/stm32cubeide_1.9.0/stm32cubeide/plugins/com.st.stm32cube.ide.mcu.externaltools.gnu-tools-for-stm32.10.3-2021.10.win32_1.0.0.202111181127/tools/bin/../lib/gcc/arm-none-eabi/10.3.1/../../../../arm-none-eabi/lib/thumb/v7e-m+fp/hard\libc_nano.a(lib_a-memset.o)
                              c:/st/stm32cubeide_1.9.0/stm32cubeide/plugins/com.st.stm32cube.ide.mcu.externaltools.gnu-tools-for-stm32.10.3-2021.10.win32_1.0.0.202111181127/tools/bin/../lib/gcc/arm-none-eabi/10.3.1/../../../../arm-none-eabi/lib/thumb/v7e-m+fp/hard/crt0.o (memset)
c:/st/stm32cubeide_1.9.0/stm32cubeide/plugins/com.st.stm32cube.ide.mcu.externaltools.gnu-tools-for-stm32.10.3-2021.10.win32_1.0.0.202111181127/tools/bin/../lib/gcc/arm-none-eabi/10.3.1/../../../../arm-none-eabi/lib/thumb/v7e-m+fp/hard\libc_nano.a(lib_a-qsort.o)
                              ./Src/dsp.o (qsort)
c:/st/stm32cubeide_1.9.0/stm32cubeide/plugins/com.st.stm32cube.ide.mcu.externaltools.gnu-tools-for-stm32.10.3-2021.10.win32_1.0.0.202111181127/tools/bin/../lib/gcc/arm-none-eabi/10.3.1/thumb/v7e-m+fp/hard\libgcc.a(_arm_muldf3.o)
                              ./Src/control.o (__aeabi_dmul)
c:/st/stm32cubeide_1.9.0/stm32cubeide/plugins/com.st.stm32cube.ide.mcu.externaltools.gnu-tools-for-stm32.10.3-2021.10.win32_1.0.0.202111181127/tools/bin/../lib/gcc/arm-none-eabi/10.3.1/thumb/v7e-m+fp/hard\libgcc.a(_arm_addsubdf3.o)
                              ./Src/control.o (__aeabi_dadd)
c:/st/stm32cubeide_1.9.0/stm32cubeide/plugins/com.st.stm32cube.ide.mcu.externaltools.gnu-tools-for-stm32.10.3-2021.10.win32_1.0.0.202111181127/tools/bin/../lib/gcc/arm-none-eabi/10.3.1/thumb/v7e-m+fp/hard\libgcc.a(_arm_truncdfsf2.o)
                              ./Src/control.o (__aeabi_d2f)

Discarded input sections

 .text          0x0000000000000000        0x0 c:/st/stm32cubeide_1.9.0/stm32cubeide/plugins/com.st.stm32cube.ide.mcu.externaltools.gnu-tools-for-stm32.10.3-2021.10.win32_1.0.0.202111181127/tools/bin/../lib/gcc/arm-none-eabi/10.3.1/thumb/v7e-m+fp/hard/crti.o
 .data          0x0000000000000000        0x0 c:/st/stm32cubeide_1.9.0/stm32cubeide/plugins/com.st.stm32cube.ide.mcu.externaltools.gnu-tools-for-stm32.10.3-2021.10.win32_1.0.0.202111181127/tools/bin/../lib/gcc/arm-none-eabi/10.3.1/thumb/v7e-m+fp/hard/crti.o
 .bss           0x0000000000000000        0x0 c:/st/stm32cubeide_1.9.0/stm32cubeide/plugins/com.st.stm32cube.ide.mcu.externaltools.gnu-tools-for-stm32.10.3-2021.10.win32_1.0.0.202111181127/tools/bin/../lib/gcc/arm-none-eabi/10.3.1/thumb/v7e-m+fp/hard/crti.o
 .data          0x0000000000000000        0x4 c:/st/stm32cubeide_1.9.0/stm32cubeide/plugins/com.st.stm32cube.ide.mcu.externaltools.gnu-tools-for-stm32.10.3-2021.10.win32_1.0.0.202111181127/tools/bin/../lib/gcc/arm-none-eabi/10.3.1/thumb/v7e-m+fp/hard/crtbegin.o
[...]
Memory Configuration

Name             Origin             Length             Attributes
RAM              0x0000000020000000 0x0000000000050000 xrw
FLASH            0x0000000008000000 0x0000000000100000 xr
*default*        0x0000000000000000 0xffffffffffffffff

Linker script and memory map

LOAD c:/st/stm32cubeide_1.9.0/stm32cubeide/plugins/com.st.stm32cube.ide.mcu.externaltools.gnu-tools-for-stm32.10.3-2021.10.win32_1.0.0.202111181127/tools/bin/../lib/gcc/arm-none-eabi/10.3.1/thumb/v7e-m+fp/hard/crti.o
LOAD c:/st/stm32cubeide_1.9.0/stm32cubeide/plugins/com.st.stm32cube.ide.mcu.externaltools.gnu-tools-for-stm32.10.3-2021.10.win32_1.0.0.202111181127/tools/bin/../lib/gcc/arm-none-eabi/10.3.1/thumb/v7e-m+fp/hard/crtbegin.o
LOAD c:/st/stm32cubeide_1.9.0/stm32cubeide/plugins/com.st.stm32cube.ide.mcu.externaltools.gnu-tools-for-stm32.10.3-2021.10.win32_1.0.0.202111181127/tools/bin/../lib/gcc/arm-none-eabi/10.3.1/../../../../arm-none-eabi/lib/thumb/v7e-m+fp/hard/crt0.o
LOAD ./Src/control.o
LOAD ./Src/dsp.o
LOAD ./Src/main.o
LOAD ./Src/syscalls.o
LOAD ./Src/sysmem.o
LOAD ./Src/system_stm32f7xx.o
LOAD ./Src/periph/adc.o
LOAD ./Src/periph/dac.o
LOAD ./Src/periph/dma.o
LOAD ./Src/periph/gpio.o
LOAD ./Src/periph/interrupt.o
LOAD ./Src/periph/rcc.o
LOAD ./Src/periph/timer.o
LOAD ./Startup/startup_stm32f746zgtx.o
START GROUP
LOAD c:/st/stm32cubeide_1.9.0/stm32cubeide/plugins/com.st.stm32cube.ide.mcu.externaltools.gnu-tools-for-stm32.10.3-2021.10.win32_1.0.0.202111181127/tools/bin/../lib/gcc/arm-none-eabi/10.3.1/../../../../arm-none-eabi/lib/thumb/v7e-m+fp/hard\libstdc++_nano.a
LOAD c:/st/stm32cubeide_1.9.0/stm32cubeide/plugins/com.st.stm32cube.ide.mcu.externaltools.gnu-tools-for-stm32.10.3-2021.10.win32_1.0.0.202111181127/tools/bin/../lib/gcc/arm-none-eabi/10.3.1/../../../../arm-none-eabi/lib/thumb/v7e-m+fp/hard\libsupc++_nano.a
END GROUP
LOAD c:/st/stm32cubeide_1.9.0/stm32cubeide/plugins/com.st.stm32cube.ide.mcu.externaltools.gnu-tools-for-stm32.10.3-2021.10.win32_1.0.0.202111181127/tools/bin/../lib/gcc/arm-none-eabi/10.3.1/../../../../arm-none-eabi/lib/thumb/v7e-m+fp/hard\libstdc++_nano.a
LOAD c:/st/stm32cubeide_1.9.0/stm32cubeide/plugins/com.st.stm32cube.ide.mcu.externaltools.gnu-tools-for-stm32.10.3-2021.10.win32_1.0.0.202111181127/tools/bin/../lib/gcc/arm-none-eabi/10.3.1/../../../../arm-none-eabi/lib/thumb/v7e-m+fp/hard\libm.a
LOAD c:/st/stm32cubeide_1.9.0/stm32cubeide/plugins/com.st.stm32cube.ide.mcu.externaltools.gnu-tools-for-stm32.10.3-2021.10.win32_1.0.0.202111181127/tools/bin/../lib/gcc/arm-none-eabi/10.3.1/../../../../arm-none-eabi/lib/thumb/v7e-m+fp/hard\libc_nano.a
START GROUP
LOAD c:/st/stm32cubeide_1.9.0/stm32cubeide/plugins/com.st.stm32cube.ide.mcu.externaltools.gnu-tools-for-stm32.10.3-2021.10.win32_1.0.0.202111181127/tools/bin/../lib/gcc/arm-none-eabi/10.3.1/thumb/v7e-m+fp/hard\libgcc.a
LOAD c:/st/stm32cubeide_1.9.0/stm32cubeide/plugins/com.st.stm32cube.ide.mcu.externaltools.gnu-tools-for-stm32.10.3-2021.10.win32_1.0.0.202111181127/tools/bin/../lib/gcc/arm-none-eabi/10.3.1/../../../../arm-none-eabi/lib/thumb/v7e-m+fp/hard\libc_nano.a
END GROUP
START GROUP
LOAD c:/st/stm32cubeide_1.9.0/stm32cubeide/plugins/com.st.stm32cube.ide.mcu.externaltools.gnu-tools-for-stm32.10.3-2021.10.win32_1.0.0.202111181127/tools/bin/../lib/gcc/arm-none-eabi/10.3.1/thumb/v7e-m+fp/hard\libgcc.a
LOAD c:/st/stm32cubeide_1.9.0/stm32cubeide/plugins/com.st.stm32cube.ide.mcu.externaltools.gnu-tools-for-stm32.10.3-2021.10.win32_1.0.0.202111181127/tools/bin/../lib/gcc/arm-none-eabi/10.3.1/../../../../arm-none-eabi/lib/thumb/v7e-m+fp/hard\libc_nano.a
LOAD c:/st/stm32cubeide_1.9.0/stm32cubeide/plugins/com.st.stm32cube.ide.mcu.externaltools.gnu-tools-for-stm32.10.3-2021.10.win32_1.0.0.202111181127/tools/bin/../lib/gcc/arm-none-eabi/10.3.1/../../../../arm-none-eabi/lib/thumb/v7e-m+fp/hard\libnosys.a
END GROUP
START GROUP
LOAD c:/st/stm32cubeide_1.9.0/stm32cubeide/plugins/com.st.stm32cube.ide.mcu.externaltools.gnu-tools-for-stm32.10.3-2021.10.win32_1.0.0.202111181127/tools/bin/../lib/gcc/arm-none-eabi/10.3.1/thumb/v7e-m+fp/hard\libgcc.a
LOAD c:/st/stm32cubeide_1.9.0/stm32cubeide/plugins/com.st.stm32cube.ide.mcu.externaltools.gnu-tools-for-stm32.10.3-2021.10.win32_1.0.0.202111181127/tools/bin/../lib/gcc/arm-none-eabi/10.3.1/../../../../arm-none-eabi/lib/thumb/v7e-m+fp/hard\libc_nano.a
LOAD c:/st/stm32cubeide_1.9.0/stm32cubeide/plugins/com.st.stm32cube.ide.mcu.externaltools.gnu-tools-for-stm32.10.3-2021.10.win32_1.0.0.202111181127/tools/bin/../lib/gcc/arm-none-eabi/10.3.1/../../../../arm-none-eabi/lib/thumb/v7e-m+fp/hard\libnosys.a
END GROUP
LOAD c:/st/stm32cubeide_1.9.0/stm32cubeide/plugins/com.st.stm32cube.ide.mcu.externaltools.gnu-tools-for-stm32.10.3-2021.10.win32_1.0.0.202111181127/tools/bin/../lib/gcc/arm-none-eabi/10.3.1/thumb/v7e-m+fp/hard/crtend.o
LOAD c:/st/stm32cubeide_1.9.0/stm32cubeide/plugins/com.st.stm32cube.ide.mcu.externaltools.gnu-tools-for-stm32.10.3-2021.10.win32_1.0.0.202111181127/tools/bin/../lib/gcc/arm-none-eabi/10.3.1/thumb/v7e-m+fp/hard/crtn.o
                0x0000000020050000                _estack = (ORIGIN (RAM) + LENGTH (RAM))
                0x0000000000000200                _Min_Heap_Size = 0x200
                0x0000000000000400                _Min_Stack_Size = 0x400

.isr_vector     0x0000000008000000      0x1c8
                0x0000000008000000                . = ALIGN (0x4)
 *(.isr_vector)
 .isr_vector    0x0000000008000000      0x1c8 ./Startup/startup_stm32f746zgtx.o
                0x0000000008000000                g_pfnVectors
                0x00000000080001c8                . = ALIGN (0x4)

.text           0x00000000080001c8     0x16ec
                0x00000000080001c8                . = ALIGN (0x4)
 *(.text)
 .text          0x00000000080001c8       0x40 c:/st/stm32cubeide_1.9.0/stm32cubeide/plugins/com.st.stm32cube.ide.mcu.externaltools.gnu-tools-for-stm32.10.3-2021.10.win32_1.0.0.202111181127/tools/bin/../lib/gcc/arm-none-eabi/10.3.1/thumb/v7e-m+fp/hard/crtbegin.o
 .text          0x0000000008000208      0x254 c:/st/stm32cubeide_1.9.0/stm32cubeide/plugins/com.st.stm32cube.ide.mcu.externaltools.gnu-tools-for-stm32.10.3-2021.10.win32_1.0.0.202111181127/tools/bin/../lib/gcc/arm-none-eabi/10.3.1/thumb/v7e-m+fp/hard\libgcc.a(_arm_muldf3.o)
                0x0000000008000208                __muldf3
                0x0000000008000208                __aeabi_dmul
 .text          0x000000000800045c      0x378 c:/st/stm32cubeide_1.9.0/stm32cubeide/plugins/com.st.stm32cube.ide.mcu.externaltools.gnu-tools-for-stm32.10.3-2021.10.win32_1.0.0.202111181127/tools/bin/../lib/gcc/arm-none-eabi/10.3.1/thumb/v7e-m+fp/hard\libgcc.a(_arm_addsubdf3.o)
                0x000000000800045c                __aeabi_drsub
                0x0000000008000464                __aeabi_dsub
                0x0000000008000464                __subdf3
                0x0000000008000468                __aeabi_dadd
                0x0000000008000468                __adddf3
                0x00000000080006e0                __floatunsidf
                0x00000000080006e0                __aeabi_ui2d
                0x0000000008000700                __floatsidf
                0x0000000008000700                __aeabi_i2d
                0x0000000008000724                __aeabi_f2d
                0x0000000008000724                __extendsfdf2
                0x0000000008000768                __floatundidf
                0x0000000008000768                __aeabi_ul2d
                0x0000000008000778                __floatdidf
                0x0000000008000778                __aeabi_l2d
 .text          0x00000000080007d4       0xa0 c:/st/stm32cubeide_1.9.0/stm32cubeide/plugins/com.st.stm32cube.ide.mcu.externaltools.gnu-tools-for-stm32.10.3-2021.10.win32_1.0.0.202111181127/tools/bin/../lib/gcc/arm-none-eabi/10.3.1/thumb/v7e-m+fp/hard\libgcc.a(_arm_truncdfsf2.o)
                0x00000000080007d4                __truncdfsf2
                0x00000000080007d4                __aeabi_d2f
 *(.text*)
 .text.DMA2_Stream0_IRQHandler
                0x0000000008000874      0x14c ./Src/control.o
                0x0000000008000874                DMA2_Stream0_IRQHandler
 .text.shift_and_scale
                0x00000000080009c0       0xfc ./Src/control.o
                0x00000000080009c0                shift_and_scale
 .text.set_shifts
                0x0000000008000abc       0x7c ./Src/control.o
                0x0000000008000abc                set_shifts
 .text.protect_software
                0x0000000008000b38       0xb0 ./Src/control.o
                0x0000000008000b38                protect_software
 .text.integral_protect
                0x0000000008000be8       0xbc ./Src/control.o
                0x0000000008000be8                integral_protect
 .text.BackwardEuler_Integrator
                0x0000000008000ca4       0xa0 ./Src/dsp.o
                0x0000000008000ca4                BackwardEuler_Integrator
 .text.Linear_Ramp
                0x0000000008000d44       0x54 ./Src/dsp.o
                0x0000000008000d44                Linear_Ramp
 .text.SShaped_Ramp
                0x0000000008000d98       0xb0 ./Src/dsp.o
                0x0000000008000d98                SShaped_Ramp
 .text.main     0x0000000008000e48       0x68 ./Src/main.o
                0x0000000008000e48                main
 .text.SystemInit
                0x0000000008000eb0       0x24 ./Src/system_stm32f7xx.o
                0x0000000008000eb0                SystemInit
 .text.SystemCoreClockUpdate
                0x0000000008000ed4      0x100 ./Src/system_stm32f7xx.o
                0x0000000008000ed4                SystemCoreClockUpdate
 .text.init_ADC
                0x0000000008000fd4      0x188 ./Src/periph/adc.o
                0x0000000008000fd4                init_ADC
 .text.init_DAC
                0x000000000800115c       0x30 ./Src/periph/dac.o
                0x000000000800115c                init_DAC
 .text.init_DMA
                0x000000000800118c       0x98 ./Src/periph/dma.o
                0x000000000800118c                init_DMA
 .text.init_GPIO
                0x0000000008001224       0xfc ./Src/periph/gpio.o
                0x0000000008001224                init_GPIO
 .text.init_GPIO_Output
                0x0000000008001320       0x2a ./Src/periph/gpio.o
                0x0000000008001320                init_GPIO_Output
 .text.init_GPIO_AFunction
                0x000000000800134a       0x72 ./Src/periph/gpio.o
                0x000000000800134a                init_GPIO_AFunction
 .text.init_GPIO_Analog
                0x00000000080013bc       0x2a ./Src/periph/gpio.o
                0x00000000080013bc                init_GPIO_Analog
 *fill*         0x00000000080013e6        0x2 
 .text.__NVIC_SetPriorityGrouping
                0x00000000080013e8       0x48 ./Src/periph/interrupt.o
 .text.__NVIC_GetPriorityGrouping
                0x0000000008001430       0x1c ./Src/periph/interrupt.o
 .text.__NVIC_EnableIRQ
                0x000000000800144c       0x3c ./Src/periph/interrupt.o
 .text.__NVIC_SetPriority
                0x0000000008001488       0x54 ./Src/periph/interrupt.o
 .text.NVIC_EncodePriority
                0x00000000080014dc       0x66 ./Src/periph/interrupt.o
 .text.init_INTERRUPT
                0x0000000008001542       0x2e ./Src/periph/interrupt.o
                0x0000000008001542                init_INTERRUPT
 .text.TIM8_UP_TIM13_IRQHandler
                0x0000000008001570       0x24 ./Src/periph/interrupt.o
                0x0000000008001570                TIM8_UP_TIM13_IRQHandler
 .text.SCB_EnableICache
                0x0000000008001594       0x4c ./Src/periph/rcc.o
 .text.SCB_InvalidateICache
                0x00000000080015e0       0x34 ./Src/periph/rcc.o
 .text.init_RCC
                0x0000000008001614      0x128 ./Src/periph/rcc.o
                0x0000000008001614                init_RCC
 .text.init_TIMER8
                0x000000000800173c       0x84 ./Src/periph/timer.o
                0x000000000800173c                init_TIMER8
 .text.timer_PWM_On
                0x00000000080017c0       0x20 ./Src/periph/timer.o
                0x00000000080017c0                timer_PWM_On
 .text.timer_PWM_Off
                0x00000000080017e0       0x20 ./Src/periph/timer.o
                0x00000000080017e0                timer_PWM_Off
 .text.Reset_Handler
                0x0000000008001800       0x50 ./Startup/startup_stm32f746zgtx.o
                0x0000000008001800                Reset_Handler
 .text.Default_Handler
                0x0000000008001850        0x2 ./Startup/startup_stm32f746zgtx.o
                0x0000000008001850                HASH_RNG_IRQHandler
                0x0000000008001850                EXTI2_IRQHandler
                0x0000000008001850                TIM8_CC_IRQHandler
                0x0000000008001850                DebugMon_Handler
                0x0000000008001850                UART8_IRQHandler
                0x0000000008001850                SPI4_IRQHandler
                0x0000000008001850                TIM1_CC_IRQHandler
                0x0000000008001850                QuadSPI_IRQHandler
                0x0000000008001850                DMA2_Stream5_IRQHandler
                0x0000000008001850                HardFault_Handler
                0x0000000008001850                DMA1_Stream5_IRQHandler
                0x0000000008001850                SysTick_Handler
                0x0000000008001850                PVD_IRQHandler
                0x0000000008001850                TAMP_STAMP_IRQHandler
                0x0000000008001850                PendSV_Handler
                0x0000000008001850                NMI_Handler
                0x0000000008001850                CAN2_RX1_IRQHandler
                0x0000000008001850                EXTI3_IRQHandler
                0x0000000008001850                TIM8_TRG_COM_TIM14_IRQHandler
                0x0000000008001850                TIM1_UP_TIM10_IRQHandler
                0x0000000008001850                I2C3_ER_IRQHandler
                0x0000000008001850                LCD_TFT_IRQHandler
                0x0000000008001850                EXTI0_IRQHandler
                0x0000000008001850                I2C2_EV_IRQHandler
                0x0000000008001850                DMA1_Stream2_IRQHandler
                0x0000000008001850                CAN1_RX0_IRQHandler
                0x0000000008001850                FPU_IRQHandler
                0x0000000008001850                OTG_HS_WKUP_IRQHandler
                0x0000000008001850                UsageFault_Handler
                0x0000000008001850                LTDC_ER_IRQHandler
                0x0000000008001850                CAN2_SCE_IRQHandler
                0x0000000008001850                DMA2_Stream2_IRQHandler
                0x0000000008001850                SPI1_IRQHandler
                0x0000000008001850                TIM6_DAC_IRQHandler
                0x0000000008001850                TIM1_BRK_TIM9_IRQHandler
                0x0000000008001850                DCMI_IRQHandler
                0x0000000008001850                CAN2_RX0_IRQHandler
                0x0000000008001850                DMA2_Stream3_IRQHandler
                0x0000000008001850                RTC_ALARM_IRQHandler
                0x0000000008001850                SAI2_IRQHandler
                0x0000000008001850                USART6_IRQHandler
                0x0000000008001850                USART3_IRQHandler
                0x0000000008001850                CRYP_IRQHandler
                0x0000000008001850                CAN1_RX1_IRQHandler
                0x0000000008001850                UART5_IRQHandler
                0x0000000008001850                TIM4_IRQHandler
                0x0000000008001850                I2C1_EV_IRQHandler
                0x0000000008001850                HDMI_CEC_IRQHandler
                0x0000000008001850                DMA1_Stream6_IRQHandler
                0x0000000008001850                DMA1_Stream1_IRQHandler
                0x0000000008001850                UART4_IRQHandler
                0x0000000008001850                TIM3_IRQHandler
                0x0000000008001850                RCC_IRQHandler
                0x0000000008001850                TIM8_BRK_TIM12_IRQHandler
                0x0000000008001850                Default_Handler
                0x0000000008001850                EXTI15_10_IRQHandler
                0x0000000008001850                ADC_IRQHandler
                0x0000000008001850                DMA1_Stream7_IRQHandler
                0x0000000008001850                SPI5_IRQHandler
                0x0000000008001850                LPTimer1_IRQHandler
                0x0000000008001850                TIM7_IRQHandler
                0x0000000008001850                SDMMC1_IRQHandler
                0x0000000008001850                CAN2_TX_IRQHandler
                0x0000000008001850                TIM5_IRQHandler
                0x0000000008001850                DMA2_Stream7_IRQHandler
                0x0000000008001850                I2C3_EV_IRQHandler
                0x0000000008001850                EXTI9_5_IRQHandler
                0x0000000008001850                RTC_WKUP_IRQHandler
                0x0000000008001850                ETH_WKUP_IRQHandler
                0x0000000008001850                SPI2_IRQHandler
                0x0000000008001850                OTG_HS_EP1_IN_IRQHandler
                0x0000000008001850                MemManage_Handler
                0x0000000008001850                DMA1_Stream0_IRQHandler
                0x0000000008001850                CAN1_TX_IRQHandler
                0x0000000008001850                SVC_Handler
                0x0000000008001850                EXTI4_IRQHandler
                0x0000000008001850                ETH_IRQHandler
                0x0000000008001850                OTG_HS_EP1_OUT_IRQHandler
                0x0000000008001850                WWDG_IRQHandler
                0x0000000008001850                SPI6_IRQHandler
                0x0000000008001850                I2C4_EV_IRQHandler
                0x0000000008001850                TIM2_IRQHandler
                0x0000000008001850                OTG_FS_WKUP_IRQHandler
                0x0000000008001850                TIM1_TRG_COM_TIM11_IRQHandler
                0x0000000008001850                OTG_HS_IRQHandler
                0x0000000008001850                DMA2D_IRQHandler
                0x0000000008001850                EXTI1_IRQHandler
                0x0000000008001850                UART7_IRQHandler
                0x0000000008001850                USART2_IRQHandler
                0x0000000008001850                I2C2_ER_IRQHandler
                0x0000000008001850                SPDIFRX_IRQHandler
                0x0000000008001850                DMA2_Stream1_IRQHandler
                0x0000000008001850                CAN1_SCE_IRQHandler
                0x0000000008001850                FLASH_IRQHandler
                0x0000000008001850                DMA2_Stream4_IRQHandler
                0x0000000008001850                BusFault_Handler
                0x0000000008001850                USART1_IRQHandler
                0x0000000008001850                OTG_FS_IRQHandler
                0x0000000008001850                SPI3_IRQHandler
                0x0000000008001850                DMA1_Stream4_IRQHandler
                0x0000000008001850                I2C1_ER_IRQHandler
                0x0000000008001850                FMC_IRQHandler
                0x0000000008001850                I2C4_ER_IRQHandler
                0x0000000008001850                DMA2_Stream6_IRQHandler
                0x0000000008001850                SAI1_IRQHandler
                0x0000000008001850                DMA1_Stream3_IRQHandler
 *fill*         0x0000000008001852        0x2 
 .text.__libc_init_array
                0x0000000008001854       0x48 c:/st/stm32cubeide_1.9.0/stm32cubeide/plugins/com.st.stm32cube.ide.mcu.externaltools.gnu-tools-for-stm32.10.3-2021.10.win32_1.0.0.202111181127/tools/bin/../lib/gcc/arm-none-eabi/10.3.1/../../../../arm-none-eabi/lib/thumb/v7e-m+fp/hard\libc_nano.a(lib_a-init.o)
                0x0000000008001854                __libc_init_array
 *(.glue_7)
 .glue_7        0x000000000800189c        0x0 linker stubs
 *(.glue_7t)
 .glue_7t       0x000000000800189c        0x0 linker stubs
 *(.eh_frame)
 .eh_frame      0x000000000800189c        0x0 c:/st/stm32cubeide_1.9.0/stm32cubeide/plugins/com.st.stm32cube.ide.mcu.externaltools.gnu-tools-for-stm32.10.3-2021.10.win32_1.0.0.202111181127/tools/bin/../lib/gcc/arm-none-eabi/10.3.1/thumb/v7e-m+fp/hard/crtbegin.o
 *(.init)
 .init          0x000000000800189c        0x4 c:/st/stm32cubeide_1.9.0/stm32cubeide/plugins/com.st.stm32cube.ide.mcu.externaltools.gnu-tools-for-stm32.10.3-2021.10.win32_1.0.0.202111181127/tools/bin/../lib/gcc/arm-none-eabi/10.3.1/thumb/v7e-m+fp/hard/crti.o
                0x000000000800189c                _init
 .init          0x00000000080018a0        0x8 c:/st/stm32cubeide_1.9.0/stm32cubeide/plugins/com.st.stm32cube.ide.mcu.externaltools.gnu-tools-for-stm32.10.3-2021.10.win32_1.0.0.202111181127/tools/bin/../lib/gcc/arm-none-eabi/10.3.1/thumb/v7e-m+fp/hard/crtn.o
 *(.fini)
 .fini          0x00000000080018a8        0x4 c:/st/stm32cubeide_1.9.0/stm32cubeide/plugins/com.st.stm32cube.ide.mcu.externaltools.gnu-tools-for-stm32.10.3-2021.10.win32_1.0.0.202111181127/tools/bin/../lib/gcc/arm-none-eabi/10.3.1/thumb/v7e-m+fp/hard/crti.o
                0x00000000080018a8                _fini
 .fini          0x00000000080018ac        0x8 c:/st/stm32cubeide_1.9.0/stm32cubeide/plugins/com.st.stm32cube.ide.mcu.externaltools.gnu-tools-for-stm32.10.3-2021.10.win32_1.0.0.202111181127/tools/bin/../lib/gcc/arm-none-eabi/10.3.1/thumb/v7e-m+fp/hard/crtn.o
                0x00000000080018b4                . = ALIGN (0x4)
                0x00000000080018b4                _etext = .

.vfp11_veneer   0x00000000080018b4        0x0
 .vfp11_veneer  0x00000000080018b4        0x0 linker stubs

.v4_bx          0x00000000080018b4        0x0
 .v4_bx         0x00000000080018b4        0x0 linker stubs

.iplt           0x00000000080018b4        0x0
 .iplt          0x00000000080018b4        0x0 c:/st/stm32cubeide_1.9.0/stm32cubeide/plugins/com.st.stm32cube.ide.mcu.externaltools.gnu-tools-for-stm32.10.3-2021.10.win32_1.0.0.202111181127/tools/bin/../lib/gcc/arm-none-eabi/10.3.1/thumb/v7e-m+fp/hard/crtbegin.o

.rodata         0x00000000080018b4       0x10
                0x00000000080018b4                . = ALIGN (0x4)
 *(.rodata)
 *(.rodata*)
 .rodata.AHBPrescTable
                0x00000000080018b4       0x10 ./Src/system_stm32f7xx.o
                0x00000000080018b4                AHBPrescTable
                0x00000000080018c4                . = ALIGN (0x4)

.rel.dyn        0x00000000080018c4        0x0
 .rel.iplt      0x00000000080018c4        0x0 c:/st/stm32cubeide_1.9.0/stm32cubeide/plugins/com.st.stm32cube.ide.mcu.externaltools.gnu-tools-for-stm32.10.3-2021.10.win32_1.0.0.202111181127/tools/bin/../lib/gcc/arm-none-eabi/10.3.1/thumb/v7e-m+fp/hard/crtbegin.o

.ARM.extab      0x00000000080018c4        0x0
                0x00000000080018c4                . = ALIGN (0x4)
 *(.ARM.extab* .gnu.linkonce.armextab.*)
                0x00000000080018c4                . = ALIGN (0x4)

.ARM            0x00000000080018c4        0x0
                0x00000000080018c4                . = ALIGN (0x4)
                0x00000000080018c4                __exidx_start = .
 *(.ARM.exidx*)
                0x00000000080018c4                __exidx_end = .
                0x00000000080018c4                . = ALIGN (0x4)

.preinit_array  0x00000000080018c4        0x0
                0x00000000080018c4                . = ALIGN (0x4)
                0x00000000080018c4                PROVIDE (__preinit_array_start = .)
 *(.preinit_array*)
                0x00000000080018c4                PROVIDE (__preinit_array_end = .)
                0x00000000080018c4                . = ALIGN (0x4)

.init_array     0x00000000080018c4        0x4
                0x00000000080018c4                . = ALIGN (0x4)
                0x00000000080018c4                PROVIDE (__init_array_start = .)
 *(SORT_BY_NAME(.init_array.*))
 *(.init_array*)
 .init_array    0x00000000080018c4        0x4 c:/st/stm32cubeide_1.9.0/stm32cubeide/plugins/com.st.stm32cube.ide.mcu.externaltools.gnu-tools-for-stm32.10.3-2021.10.win32_1.0.0.202111181127/tools/bin/../lib/gcc/arm-none-eabi/10.3.1/thumb/v7e-m+fp/hard/crtbegin.o
                0x00000000080018c8                PROVIDE (__init_array_end = .)
                0x00000000080018c8                . = ALIGN (0x4)

.fini_array     0x00000000080018c8        0x4
                0x00000000080018c8                . = ALIGN (0x4)
                [!provide]                        PROVIDE (__fini_array_start = .)
 *(SORT_BY_NAME(.fini_array.*))
 *(.fini_array*)
 .fini_array    0x00000000080018c8        0x4 c:/st/stm32cubeide_1.9.0/stm32cubeide/plugins/com.st.stm32cube.ide.mcu.externaltools.gnu-tools-for-stm32.10.3-2021.10.win32_1.0.0.202111181127/tools/bin/../lib/gcc/arm-none-eabi/10.3.1/thumb/v7e-m+fp/hard/crtbegin.o
                [!provide]                        PROVIDE (__fini_array_end = .)
                0x00000000080018cc                . = ALIGN (0x4)
                0x00000000080018cc                _sidata = LOADADDR (.data)

.data           0x0000000020000000       0xd8 load address 0x00000000080018cc
                0x0000000020000000                . = ALIGN (0x4)
                0x0000000020000000                _sdata = .
 *(.data)
 *(.data*)
 .data.Boost_Measure
                0x0000000020000000       0x7c ./Src/control.o
                0x0000000020000000                Boost_Measure
 .data.Boost_Protect
                0x000000002000007c       0x24 ./Src/control.o
                0x000000002000007c                Boost_Protect
 .data.LINEAR_RAMP
                0x00000000200000a0       0x10 ./Src/control.o
                0x00000000200000a0                LINEAR_RAMP
 .data.SSHAPED_RAMP
                0x00000000200000b0       0x24 ./Src/control.o
                0x00000000200000b0                SSHAPED_RAMP
 .data.SystemCoreClock
                0x00000000200000d4        0x4 ./Src/system_stm32f7xx.o
                0x00000000200000d4                SystemCoreClock
 *(.RamFunc)
 *(.RamFunc*)
                0x00000000200000d8                . = ALIGN (0x4)
                0x00000000200000d8                _edata = .

.igot.plt       0x00000000200000d8        0x0 load address 0x00000000080019a4
 .igot.plt      0x00000000200000d8        0x0 c:/st/stm32cubeide_1.9.0/stm32cubeide/plugins/com.st.stm32cube.ide.mcu.externaltools.gnu-tools-for-stm32.10.3-2021.10.win32_1.0.0.202111181127/tools/bin/../lib/gcc/arm-none-eabi/10.3.1/thumb/v7e-m+fp/hard/crtbegin.o
                0x00000000200000d8                . = ALIGN (0x4)

.bss            0x00000000200000d8       0x38 load address 0x00000000080019a4
                0x00000000200000d8                _sbss = .
                0x00000000200000d8                __bss_start__ = _sbss
 *(.bss)
 .bss           0x00000000200000d8       0x1c c:/st/stm32cubeide_1.9.0/stm32cubeide/plugins/com.st.stm32cube.ide.mcu.externaltools.gnu-tools-for-stm32.10.3-2021.10.win32_1.0.0.202111181127/tools/bin/../lib/gcc/arm-none-eabi/10.3.1/thumb/v7e-m+fp/hard/crtbegin.o
 *(.bss*)
 .bss.Boost_Control
                0x00000000200000f4        0x4 ./Src/control.o
                0x00000000200000f4                Boost_Control
 .bss.ADC_Buffer
                0x00000000200000f8       0x18 ./Src/periph/dma.o
                0x00000000200000f8                ADC_Buffer
 *(COMMON)
                0x0000000020000110                . = ALIGN (0x4)
                0x0000000020000110                _ebss = .
                0x0000000020000110                __bss_end__ = _ebss

._user_heap_stack
                0x0000000020000110      0x600 load address 0x00000000080019a4
                0x0000000020000110                . = ALIGN (0x8)
                [!provide]                        PROVIDE (end = .)
                0x0000000020000110                PROVIDE (_end = .)
                0x0000000020000310                . = (. + _Min_Heap_Size)
 *fill*         0x0000000020000110      0x200 
                0x0000000020000710                . = (. + _Min_Stack_Size)
 *fill*         0x0000000020000310      0x400 
                0x0000000020000710                . = ALIGN (0x8)

/DISCARD/
 libc.a(*)
 libm.a(*)
 libgcc.a(*)

.ARM.attributes
                0x0000000000000000       0x30
 *(.ARM.attributes)
 .ARM.attributes
                0x0000000000000000       0x1e c:/st/stm32cubeide_1.9.0/stm32cubeide/plugins/com.st.stm32cube.ide.mcu.externaltools.gnu-tools-for-stm32.10.3-2021.10.win32_1.0.0.202111181127/tools/bin/../lib/gcc/arm-none-eabi/10.3.1/thumb/v7e-m+fp/hard/crti.o
 .ARM.attributes
                0x000000000000001e       0x34 c:/st/stm32cubeide_1.9.0/stm32cubeide/plugins/com.st.stm32cube.ide.mcu.externaltools.gnu-tools-for-stm32.10.3-2021.10.win32_1.0.0.202111181127/tools/bin/../lib/gcc/arm-none-eabi/10.3.1/thumb/v7e-m+fp/hard/crtbegin.o
 .ARM.attributes
                0x0000000000000052       0x34 ./Src/control.o
 .ARM.attributes
                0x0000000000000086       0x34 ./Src/dsp.o
 .ARM.attributes
                0x00000000000000ba       0x34 ./Src/main.o
 .ARM.attributes
                0x00000000000000ee       0x34 ./Src/system_stm32f7xx.o
 .ARM.attributes
                0x0000000000000122       0x34 ./Src/periph/adc.o
 .ARM.attributes
                0x0000000000000156       0x34 ./Src/periph/dac.o
 .ARM.attributes
                0x000000000000018a       0x34 ./Src/periph/dma.o
 .ARM.attributes
                0x00000000000001be       0x34 ./Src/periph/gpio.o
 .ARM.attributes
                0x00000000000001f2       0x34 ./Src/periph/interrupt.o
 .ARM.attributes
                0x0000000000000226       0x34 ./Src/periph/rcc.o
 .ARM.attributes
                0x000000000000025a       0x34 ./Src/periph/timer.o
 .ARM.attributes
                0x000000000000028e       0x21 ./Startup/startup_stm32f746zgtx.o
 .ARM.attributes
                0x00000000000002af       0x34 c:/st/stm32cubeide_1.9.0/stm32cubeide/plugins/com.st.stm32cube.ide.mcu.externaltools.gnu-tools-for-stm32.10.3-2021.10.win32_1.0.0.202111181127/tools/bin/../lib/gcc/arm-none-eabi/10.3.1/../../../../arm-none-eabi/lib/thumb/v7e-m+fp/hard\libc_nano.a(lib_a-init.o)
 .ARM.attributes
                0x00000000000002e3       0x1e c:/st/stm32cubeide_1.9.0/stm32cubeide/plugins/com.st.stm32cube.ide.mcu.externaltools.gnu-tools-for-stm32.10.3-2021.10.win32_1.0.0.202111181127/tools/bin/../lib/gcc/arm-none-eabi/10.3.1/thumb/v7e-m+fp/hard\libgcc.a(_arm_muldf3.o)
 .ARM.attributes
                0x0000000000000301       0x1e c:/st/stm32cubeide_1.9.0/stm32cubeide/plugins/com.st.stm32cube.ide.mcu.externaltools.gnu-tools-for-stm32.10.3-2021.10.win32_1.0.0.202111181127/tools/bin/../lib/gcc/arm-none-eabi/10.3.1/thumb/v7e-m+fp/hard\libgcc.a(_arm_addsubdf3.o)
 .ARM.attributes
                0x000000000000031f       0x1e c:/st/stm32cubeide_1.9.0/stm32cubeide/plugins/com.st.stm32cube.ide.mcu.externaltools.gnu-tools-for-stm32.10.3-2021.10.win32_1.0.0.202111181127/tools/bin/../lib/gcc/arm-none-eabi/10.3.1/thumb/v7e-m+fp/hard\libgcc.a(_arm_truncdfsf2.o)
 .ARM.attributes
                0x000000000000033d       0x1e c:/st/stm32cubeide_1.9.0/stm32cubeide/plugins/com.st.stm32cube.ide.mcu.externaltools.gnu-tools-for-stm32.10.3-2021.10.win32_1.0.0.202111181127/tools/bin/../lib/gcc/arm-none-eabi/10.3.1/thumb/v7e-m+fp/hard/crtn.o
OUTPUT(main course2.elf elf32-littlearm)
LOAD linker stubs
LOAD c:/st/stm32cubeide_1.9.0/stm32cubeide/plugins/com.st.stm32cube.ide.mcu.externaltools.gnu-tools-for-stm32.10.3-2021.10.win32_1.0.0.202111181127/tools/bin/../lib/gcc/arm-none-eabi/10.3.1/../../../../arm-none-eabi/lib/thumb/v7e-m+fp/hard\libc.a
LOAD c:/st/stm32cubeide_1.9.0/stm32cubeide/plugins/com.st.stm32cube.ide.mcu.externaltools.gnu-tools-for-stm32.10.3-2021.10.win32_1.0.0.202111181127/tools/bin/../lib/gcc/arm-none-eabi/10.3.1/../../../../arm-none-eabi/lib/thumb/v7e-m+fp/hard\libm.a
LOAD c:/st/stm32cubeide_1.9.0/stm32cubeide/plugins/com.st.stm32cube.ide.mcu.externaltools.gnu-tools-for-stm32.10.3-2021.10.win32_1.0.0.202111181127/tools/bin/../lib/gcc/arm-none-eabi/10.3.1/thumb/v7e-m+fp/hard\libgcc.a

.debug_info     0x0000000000000000     0x3e74
 .debug_info    0x0000000000000000      0x7d9 ./Src/control.o
 .debug_info    0x00000000000007d9      0x687 ./Src/dsp.o
 .debug_info    0x0000000000000e60      0x2e8 ./Src/main.o
 .debug_info    0x0000000000001148      0x725 ./Src/system_stm32f7xx.o
 .debug_info    0x000000000000186d      0x3e9 ./Src/periph/adc.o
 .debug_info    0x0000000000001c56      0x36e ./Src/periph/dac.o
 .debug_info    0x0000000000001fc4      0x368 ./Src/periph/dma.o
 .debug_info    0x000000000000232c      0x3f2 ./Src/periph/gpio.o
 .debug_info    0x000000000000271e      0xafe ./Src/periph/interrupt.o
 .debug_info    0x000000000000321c      0x818 ./Src/periph/rcc.o
 .debug_info    0x0000000000003a34      0x41e ./Src/periph/timer.o
 .debug_info    0x0000000000003e52       0x22 ./Startup/startup_stm32f746zgtx.o

.debug_abbrev   0x0000000000000000      0xdc9
 .debug_abbrev  0x0000000000000000      0x1ea ./Src/control.o
 .debug_abbrev  0x00000000000001ea      0x22b ./Src/dsp.o
 .debug_abbrev  0x0000000000000415      0x13f ./Src/main.o
 .debug_abbrev  0x0000000000000554      0x136 ./Src/system_stm32f7xx.o
 .debug_abbrev  0x000000000000068a       0xe0 ./Src/periph/adc.o
 .debug_abbrev  0x000000000000076a       0xaf ./Src/periph/dac.o
 .debug_abbrev  0x0000000000000819       0xe2 ./Src/periph/dma.o
 .debug_abbrev  0x00000000000008fb       0xf6 ./Src/periph/gpio.o
 .debug_abbrev  0x00000000000009f1      0x1c5 ./Src/periph/interrupt.o
 .debug_abbrev  0x0000000000000bb6      0x138 ./Src/periph/rcc.o
 .debug_abbrev  0x0000000000000cee       0xc9 ./Src/periph/timer.o
 .debug_abbrev  0x0000000000000db7       0x12 ./Startup/startup_stm32f746zgtx.o

.debug_aranges  0x0000000000000000      0x258
 .debug_aranges
                0x0000000000000000       0x40 ./Src/control.o
 .debug_aranges
                0x0000000000000040       0x60 ./Src/dsp.o
 .debug_aranges
                0x00000000000000a0       0x20 ./Src/main.o
 .debug_aranges
                0x00000000000000c0       0x28 ./Src/system_stm32f7xx.o
 .debug_aranges
                0x00000000000000e8       0x20 ./Src/periph/adc.o
 .debug_aranges
                0x0000000000000108       0x20 ./Src/periph/dac.o
 .debug_aranges
                0x0000000000000128       0x20 ./Src/periph/dma.o
 .debug_aranges
                0x0000000000000148       0x38 ./Src/periph/gpio.o
 .debug_aranges
                0x0000000000000180       0x50 ./Src/periph/interrupt.o
 .debug_aranges
                0x00000000000001d0       0x30 ./Src/periph/rcc.o
 .debug_aranges
                0x0000000000000200       0x30 ./Src/periph/timer.o
 .debug_aranges
                0x0000000000000230       0x28 ./Startup/startup_stm32f746zgtx.o

.debug_ranges   0x0000000000000000      0x1a0
 .debug_ranges  0x0000000000000000       0x30 ./Src/control.o
 .debug_ranges  0x0000000000000030       0x50 ./Src/dsp.o
 .debug_ranges  0x0000000000000080       0x10 ./Src/main.o
 .debug_ranges  0x0000000000000090       0x18 ./Src/system_stm32f7xx.o
 .debug_ranges  0x00000000000000a8       0x10 ./Src/periph/adc.o
 .debug_ranges  0x00000000000000b8       0x10 ./Src/periph/dac.o
 .debug_ranges  0x00000000000000c8       0x10 ./Src/periph/dma.o
 .debug_ranges  0x00000000000000d8       0x28 ./Src/periph/gpio.o
 .debug_ranges  0x0000000000000100       0x40 ./Src/periph/interrupt.o
 .debug_ranges  0x0000000000000140       0x20 ./Src/periph/rcc.o
 .debug_ranges  0x0000000000000160       0x20 ./Src/periph/timer.o
 .debug_ranges  0x0000000000000180       0x20 ./Startup/startup_stm32f746zgtx.o

.debug_macro    0x0000000000000000    0x1cc58
 .debug_macro   0x0000000000000000       0xff ./Src/control.o
 .debug_macro   0x00000000000000ff      0xa84 ./Src/control.o
 .debug_macro   0x0000000000000b83       0x28 ./Src/control.o
 .debug_macro   0x0000000000000bab       0x3b ./Src/control.o
 .debug_macro   0x0000000000000be6       0x22 ./Src/control.o
 .debug_macro   0x0000000000000c08       0x8e ./Src/control.o
 .debug_macro   0x0000000000000c96       0x51 ./Src/control.o
 .debug_macro   0x0000000000000ce7      0x103 ./Src/control.o
 .debug_macro   0x0000000000000dea       0x6a ./Src/control.o
 .debug_macro   0x0000000000000e54      0x1df ./Src/control.o
 .debug_macro   0x0000000000001033       0x1c ./Src/control.o
 .debug_macro   0x000000000000104f       0x22 ./Src/control.o
 .debug_macro   0x0000000000001071       0xd9 ./Src/control.o
 .debug_macro   0x000000000000114a     0x12cd ./Src/control.o
 .debug_macro   0x0000000000002417      0x11f ./Src/control.o
 .debug_macro   0x0000000000002536       0x19 ./Src/control.o
 .debug_macro   0x000000000000254f    0x1920a ./Src/control.o
 .debug_macro   0x000000000001b759       0x6d ./Src/control.o
 .debug_macro   0x000000000001b7c6       0x10 ./Src/control.o
 .debug_macro   0x000000000001b7d6       0x3a ./Src/control.o
 .debug_macro   0x000000000001b810      0x1ee ./Src/dsp.o
 .debug_macro   0x000000000001b9fe       0x52 ./Src/dsp.o
 .debug_macro   0x000000000001ba50       0x1e ./Src/dsp.o
 .debug_macro   0x000000000001ba6e       0x3c ./Src/dsp.o
 .debug_macro   0x000000000001baaa       0x34 ./Src/dsp.o
 .debug_macro   0x000000000001bade      0x174 ./Src/dsp.o
 .debug_macro   0x000000000001bc52       0x16 ./Src/dsp.o
 .debug_macro   0x000000000001bc68       0x43 ./Src/dsp.o
 .debug_macro   0x000000000001bcab       0x34 ./Src/dsp.o
 .debug_macro   0x000000000001bcdf       0x10 ./Src/dsp.o
 .debug_macro   0x000000000001bcef       0x58 ./Src/dsp.o
 .debug_macro   0x000000000001bd47       0x71 ./Src/dsp.o
 .debug_macro   0x000000000001bdb8       0x1c ./Src/dsp.o
 .debug_macro   0x000000000001bdd4      0x12a ./Src/dsp.o
 .debug_macro   0x000000000001befe      0x341 ./Src/dsp.o
 .debug_macro   0x000000000001c23f       0x10 ./Src/dsp.o
 .debug_macro   0x000000000001c24f       0x35 ./Src/dsp.o
 .debug_macro   0x000000000001c284       0x20 ./Src/dsp.o
 .debug_macro   0x000000000001c2a4       0x16 ./Src/dsp.o
 .debug_macro   0x000000000001c2ba       0x16 ./Src/dsp.o
 .debug_macro   0x000000000001c2d0       0x29 ./Src/dsp.o
 .debug_macro   0x000000000001c2f9      0x19b ./Src/dsp.o
 .debug_macro   0x000000000001c494      0x11a ./Src/main.o
 .debug_macro   0x000000000001c5ae       0xd7 ./Src/system_stm32f7xx.o
 .debug_macro   0x000000000001c685       0xd5 ./Src/periph/adc.o
 .debug_macro   0x000000000001c75a       0xd5 ./Src/periph/dac.o
 .debug_macro   0x000000000001c82f       0xd5 ./Src/periph/dma.o
 .debug_macro   0x000000000001c904       0xd5 ./Src/periph/gpio.o
 .debug_macro   0x000000000001c9d9       0xd5 ./Src/periph/interrupt.o
 .debug_macro   0x000000000001caae       0xd5 ./Src/periph/rcc.o
 .debug_macro   0x000000000001cb83       0xd5 ./Src/periph/timer.o

.debug_line     0x0000000000000000     0x4467
 .debug_line    0x0000000000000000      0x797 ./Src/control.o
 .debug_line    0x0000000000000797      0x97e ./Src/dsp.o
 .debug_line    0x0000000000001115      0x5b3 ./Src/main.o
 .debug_line    0x00000000000016c8      0x55f ./Src/system_stm32f7xx.o
 .debug_line    0x0000000000001c27      0x54a ./Src/periph/adc.o
 .debug_line    0x0000000000002171      0x524 ./Src/periph/dac.o
 .debug_line    0x0000000000002695      0x540 ./Src/periph/dma.o
 .debug_line    0x0000000000002bd5      0x5c6 ./Src/periph/gpio.o
 .debug_line    0x000000000000319b      0x662 ./Src/periph/interrupt.o
 .debug_line    0x00000000000037fd      0x675 ./Src/periph/rcc.o
 .debug_line    0x0000000000003e72      0x571 ./Src/periph/timer.o
 .debug_line    0x00000000000043e3       0x84 ./Startup/startup_stm32f746zgtx.o

.debug_str      0x0000000000000000    0x9fa60
 .debug_str     0x0000000000000000    0x9b2ea ./Src/control.o
                                      0x9b483 (size before relaxing)
 .debug_str     0x000000000009b2ea     0x3b34 ./Src/dsp.o
                                      0x9ed39 (size before relaxing)
 .debug_str     0x000000000009ee1e       0xd9 ./Src/main.o
                                      0x9b1b2 (size before relaxing)
 .debug_str     0x000000000009eef7      0x2fb ./Src/system_stm32f7xx.o
                                      0x9b31b (size before relaxing)
 .debug_str     0x000000000009f1f2       0x7f ./Src/periph/adc.o
                                      0x9b1bf (size before relaxing)
 .debug_str     0x000000000009f271       0x14 ./Src/periph/dac.o
                                      0x9b1b7 (size before relaxing)
 .debug_str     0x000000000009f285       0x36 ./Src/periph/dma.o
                                      0x9b194 (size before relaxing)
 .debug_str     0x000000000009f2bb       0x50 ./Src/periph/gpio.o
                                      0x9b1c4 (size before relaxing)
 .debug_str     0x000000000009f30b      0x693 ./Src/periph/interrupt.o
                                      0x9b8fc (size before relaxing)
 .debug_str     0x000000000009f99e       0x7b ./Src/periph/rcc.o
                                      0x9b311 (size before relaxing)
 .debug_str     0x000000000009fa19       0x16 ./Src/periph/timer.o
                                      0x9b1cb (size before relaxing)
 .debug_str     0x000000000009fa2f       0x31 ./Startup/startup_stm32f746zgtx.o
                                         0x79 (size before relaxing)

.comment        0x0000000000000000       0x50
 .comment       0x0000000000000000       0x50 ./Src/control.o
                                         0x51 (size before relaxing)
 .comment       0x0000000000000050       0x51 ./Src/dsp.o
 .comment       0x0000000000000050       0x51 ./Src/main.o
 .comment       0x0000000000000050       0x51 ./Src/system_stm32f7xx.o
 .comment       0x0000000000000050       0x51 ./Src/periph/adc.o
 .comment       0x0000000000000050       0x51 ./Src/periph/dac.o
 .comment       0x0000000000000050       0x51 ./Src/periph/dma.o
 .comment       0x0000000000000050       0x51 ./Src/periph/gpio.o
 .comment       0x0000000000000050       0x51 ./Src/periph/interrupt.o
 .comment       0x0000000000000050       0x51 ./Src/periph/rcc.o
 .comment       0x0000000000000050       0x51 ./Src/periph/timer.o

.debug_frame    0x0000000000000000      0x6f4
 .debug_frame   0x0000000000000000       0xb8 ./Src/control.o
 .debug_frame   0x00000000000000b8      0x16c ./Src/dsp.o
 .debug_frame   0x0000000000000224       0x2c ./Src/main.o
 .debug_frame   0x0000000000000250       0x58 ./Src/system_stm32f7xx.o
 .debug_frame   0x00000000000002a8       0x30 ./Src/periph/adc.o
 .debug_frame   0x00000000000002d8       0x30 ./Src/periph/dac.o
 .debug_frame   0x0000000000000308       0x30 ./Src/periph/dma.o
 .debug_frame   0x0000000000000338       0xa4 ./Src/periph/gpio.o
 .debug_frame   0x00000000000003dc      0x10c ./Src/periph/interrupt.o
 .debug_frame   0x00000000000004e8       0x74 ./Src/periph/rcc.o
 .debug_frame   0x000000000000055c       0x6c ./Src/periph/timer.o
 .debug_frame   0x00000000000005c8       0x2c c:/st/stm32cubeide_1.9.0/stm32cubeide/plugins/com.st.stm32cube.ide.mcu.externaltools.gnu-tools-for-stm32.10.3-2021.10.win32_1.0.0.202111181127/tools/bin/../lib/gcc/arm-none-eabi/10.3.1/../../../../arm-none-eabi/lib/thumb/v7e-m+fp/hard\libc_nano.a(lib_a-init.o)
 .debug_frame   0x00000000000005f4       0x30 c:/st/stm32cubeide_1.9.0/stm32cubeide/plugins/com.st.stm32cube.ide.mcu.externaltools.gnu-tools-for-stm32.10.3-2021.10.win32_1.0.0.202111181127/tools/bin/../lib/gcc/arm-none-eabi/10.3.1/thumb/v7e-m+fp/hard\libgcc.a(_arm_muldf3.o)
 .debug_frame   0x0000000000000624       0xac c:/st/stm32cubeide_1.9.0/stm32cubeide/plugins/com.st.stm32cube.ide.mcu.externaltools.gnu-tools-for-stm32.10.3-2021.10.win32_1.0.0.202111181127/tools/bin/../lib/gcc/arm-none-eabi/10.3.1/thumb/v7e-m+fp/hard\libgcc.a(_arm_addsubdf3.o)
 .debug_frame   0x00000000000006d0       0x24 c:/st/stm32cubeide_1.9.0/stm32cubeide/plugins/com.st.stm32cube.ide.mcu.externaltools.gnu-tools-for-stm32.10.3-2021.10.win32_1.0.0.202111181127/tools/bin/../lib/gcc/arm-none-eabi/10.3.1/thumb/v7e-m+fp/hard\libgcc.a(_arm_truncdfsf2.o)
