Archive member included to satisfy reference by file (symbol)

c:/st/stm32cubeide_1.9.0/stm32cubeide/plugins/com.st.stm32cube.ide.mcu.externaltools.gnu-tools-for-stm32.10.3-2021.10.win32_1.0.0.202111181127/tools/bin/../lib/gcc/arm-none-eabi/10.3.1/../../../../arm-none-eabi/lib/thumb/v7e-m+fp/hard\libc_nano.a(lib_a-errno.o)
                              ./Src/syscalls.o (__errno)
c:/st/stm32cubeide_1.9.0/stm32cubeide/plugins/com.st.stm32cube.ide.mcu.externaltools.gnu-tools-for-stm32.10.3-2021.10.win32_1.0.0.202111181127/tools/bin/../lib/gcc/arm-none-eabi/10.3.1/../../../../arm-none-eabi/lib/thumb/v7e-m+fp/hard\libc_nano.a(lib_a-exit.o)
                              c:/st/stm32cubeide_1.9.0/stm32cubeide/plugins/com.st.stm32cube.ide.mcu.externaltools.gnu-tools-for-stm32.10.3-2021.10.win32_1.0.0.202111181127/tools/bin/../lib/gcc/arm-none-eabi/10.3.1/../../../../arm-none-eabi/lib/thumb/v7e-m+fp/hard/crt0.o (exit)
c:/st/stm32cubeide_1.9.0/stm32cubeide/plugins/com.st.stm32cube.ide.mcu.externaltools.gnu-tools-for-stm32.10.3-2021.10.win32_1.0.0.202111181127/tools/bin/../lib/gcc/arm-none-eabi/10.3.1/../../../../arm-none-eabi/lib/thumb/v7e-m+fp/hard\libc_nano.a(lib_a-impure.o)
                              c:/st/stm32cubeide_1.9.0/stm32cubeide/plugins/com.st.stm32cube.ide.mcu.externaltools.gnu-tools-for-stm32.10.3-2021.10.win32_1.0.0.202111181127/tools/bin/../lib/gcc/arm-none-eabi/10.3.1/../../../../arm-none-eabi/lib/thumb/v7e-m+fp/hard\libc_nano.a(lib_a-exit.o) (_global_impure_ptr)
c:/st/stm32cubeide_1.9.0/stm32cubeide/plugins/com.st.stm32cube.ide.mcu.externaltools.gnu-tools-for-stm32.10.3-2021.10.win32_1.0.0.202111181127/tools/bin/../lib/gcc/arm-none-eabi/10.3.1/../../../../arm-none-eabi/lib/thumb/v7e-m+fp/hard\libc_nano.a(lib_a-init.o)
                              c:/st/stm32cubeide_1.9.0/stm32cubeide/plugins/com.st.stm32cube.ide.mcu.externaltools.gnu-tools-for-stm32.10.3-2021.10.win32_1.0.0.202111181127/tools/bin/../lib/gcc/arm-none-eabi/10.3.1/../../../../arm-none-eabi/lib/thumb/v7e-m+fp/hard/crt0.o (__libc_init_array)
c:/st/stm32cubeide_1.9.0/stm32cubeide/plugins/com.st.stm32cube.ide.mcu.externaltools.gnu-tools-for-stm32.10.3-2021.10.win32_1.0.0.202111181127/tools/bin/../lib/gcc/arm-none-eabi/10.3.1/../../../../arm-none-eabi/lib/thumb/v7e-m+fp/hard\libc_nano.a(lib_a-memset.o)
                              c:/st/stm32cubeide_1.9.0/stm32cubeide/plugins/com.st.stm32cube.ide.mcu.externaltools.gnu-tools-for-stm32.10.3-2021.10.win32_1.0.0.202111181127/tools/bin/../lib/gcc/arm-none-eabi/10.3.1/../../../../arm-none-eabi/lib/thumb/v7e-m+fp/hard/crt0.o (memset)
c:/st/stm32cubeide_1.9.0/stm32cubeide/plugins/com.st.stm32cube.ide.mcu.externaltools.gnu-tools-for-stm32.10.3-2021.10.win32_1.0.0.202111181127/tools/bin/../lib/gcc/arm-none-eabi/10.3.1/../../../../arm-none-eabi/lib/thumb/v7e-m+fp/hard\libc_nano.a(lib_a-qsort.o)
                              ./Src/dsp.o (qsort)
c:/st/stm32cubeide_1.9.0/stm32cubeide/plugins/com.st.stm32cube.ide.mcu.externaltools.gnu-tools-for-stm32.10.3-2021.10.win32_1.0.0.202111181127/tools/bin/../lib/gcc/arm-none-eabi/10.3.1/thumb/v7e-m+fp/hard\libgcc.a(_arm_muldf3.o)
                              ./Src/control.o (__aeabi_dmul)
c:/st/stm32cubeide_1.9.0/stm32cubeide/plugins/com.st.stm32cube.ide.mcu.externaltools.gnu-tools-for-stm32.10.3-2021.10.win32_1.0.0.202111181127/tools/bin/../lib/gcc/arm-none-eabi/10.3.1/thumb/v7e-m+fp/hard\libgcc.a(_arm_addsubdf3.o)
                              ./Src/control.o (__aeabi_dadd)
c:/st/stm32cubeide_1.9.0/stm32cubeide/plugins/com.st.stm32cube.ide.mcu.externaltools.gnu-tools-for-stm32.10.3-2021.10.win32_1.0.0.202111181127/tools/bin/../lib/gcc/arm-none-eabi/10.3.1/thumb/v7e-m+fp/hard\libgcc.a(_arm_truncdfsf2.o)
                              ./Src/control.o (__aeabi_d2f)

Discarded input sections

 .text          0x0000000000000000        0x0 c:/st/stm32cubeide_1.9.0/stm32cubeide/plugins/com.st.stm32cube.ide.mcu.externaltools.gnu-tools-for-stm32.10.3-2021.10.win32_1.0.0.202111181127/tools/bin/../lib/gcc/arm-none-eabi/10.3.1/thumb/v7e-m+fp/hard/crti.o
 .data          0x0000000000000000        0x0 c:/st/stm32cubeide_1.9.0/stm32cubeide/plugins/com.st.stm32cube.ide.mcu.externaltools.gnu-tools-for-stm32.10.3-2021.10.win32_1.0.0.202111181127/tools/bin/../lib/gcc/arm-none-eabi/10.3.1/thumb/v7e-m+fp/hard/crti.o
 .bss           0x0000000000000000        0x0 c:/st/stm32cubeide_1.9.0/stm32cubeide/plugins/com.st.stm32cube.ide.mcu.externaltools.gnu-tools-for-stm32.10.3-2021.10.win32_1.0.0.202111181127/tools/bin/../lib/gcc/arm-none-eabi/10.3.1/thumb/v7e-m+fp/hard/crti.o
 .data          0x0000000000000000        0x4 c:/st/stm32cubeide_1.9.0/stm32cubeide/plugins/com.st.stm32cube.ide.mcu.externaltools.gnu-tools-for-stm32.10.3-2021.10.win32_1.0.0.202111181127/tools/bin/../lib/gcc/arm-none-eabi/10.3.1/thumb/v7e-m+fp/hard/crtbegin.o
[...]
Memory Configuration

Name             Origin             Length             Attributes
RAM              0x0000000020000000 0x0000000000050000 xrw
FLASH            0x0000000008000000 0x0000000000100000 xr
*default*        0x0000000000000000 0xffffffffffffffff

Linker script and memory map

LOAD c:/st/stm32cubeide_1.9.0/stm32cubeide/plugins/com.st.stm32cube.ide.mcu.externaltools.gnu-tools-for-stm32.10.3-2021.10.win32_1.0.0.202111181127/tools/bin/../lib/gcc/arm-none-eabi/10.3.1/thumb/v7e-m+fp/hard/crti.o
LOAD c:/st/stm32cubeide_1.9.0/stm32cubeide/plugins/com.st.stm32cube.ide.mcu.externaltools.gnu-tools-for-stm32.10.3-2021.10.win32_1.0.0.202111181127/tools/bin/../lib/gcc/arm-none-eabi/10.3.1/thumb/v7e-m+fp/hard/crtbegin.o
LOAD c:/st/stm32cubeide_1.9.0/stm32cubeide/plugins/com.st.stm32cube.ide.mcu.externaltools.gnu-tools-for-stm32.10.3-2021.10.win32_1.0.0.202111181127/tools/bin/../lib/gcc/arm-none-eabi/10.3.1/../../../../arm-none-eabi/lib/thumb/v7e-m+fp/hard/crt0.o
LOAD ./Drivers/CMSIS/DSP/Source/CommonTables/arm_common_tables.o
LOAD ./Drivers/CMSIS/DSP/Source/CommonTables/arm_const_structs.o
LOAD ./Drivers/CMSIS/DSP/Source/FastMathFunctions/arm_cos_f32.o
LOAD ./Drivers/CMSIS/DSP/Source/FastMathFunctions/arm_cos_q15.o
LOAD ./Drivers/CMSIS/DSP/Source/FastMathFunctions/arm_cos_q31.o
LOAD ./Drivers/CMSIS/DSP/Source/FastMathFunctions/arm_sin_f32.o
LOAD ./Drivers/CMSIS/DSP/Source/FastMathFunctions/arm_sin_q15.o
LOAD ./Drivers/CMSIS/DSP/Source/FastMathFunctions/arm_sin_q31.o
LOAD ./Drivers/CMSIS/DSP/Source/FastMathFunctions/arm_sqrt_q15.o
LOAD ./Drivers/CMSIS/DSP/Source/FastMathFunctions/arm_sqrt_q31.o
LOAD ./Src/control.o
LOAD ./Src/dsp.o
LOAD ./Src/main.o
LOAD ./Src/syscalls.o
LOAD ./Src/sysmem.o
LOAD ./Src/system_stm32f7xx.o
LOAD ./Src/periph/adc.o
LOAD ./Src/periph/dac.o
LOAD ./Src/periph/dma.o
LOAD ./Src/periph/gpio.o
LOAD ./Src/periph/interrupt.o
LOAD ./Src/periph/rcc.o
LOAD ./Src/periph/timer.o
LOAD ./Startup/startup_stm32f746zgtx.o
START GROUP
LOAD c:/st/stm32cubeide_1.9.0/stm32cubeide/plugins/com.st.stm32cube.ide.mcu.externaltools.gnu-tools-for-stm32.10.3-2021.10.win32_1.0.0.202111181127/tools/bin/../lib/gcc/arm-none-eabi/10.3.1/../../../../arm-none-eabi/lib/thumb/v7e-m+fp/hard\libstdc++_nano.a
LOAD c:/st/stm32cubeide_1.9.0/stm32cubeide/plugins/com.st.stm32cube.ide.mcu.externaltools.gnu-tools-for-stm32.10.3-2021.10.win32_1.0.0.202111181127/tools/bin/../lib/gcc/arm-none-eabi/10.3.1/../../../../arm-none-eabi/lib/thumb/v7e-m+fp/hard\libsupc++_nano.a
END GROUP
LOAD c:/st/stm32cubeide_1.9.0/stm32cubeide/plugins/com.st.stm32cube.ide.mcu.externaltools.gnu-tools-for-stm32.10.3-2021.10.win32_1.0.0.202111181127/tools/bin/../lib/gcc/arm-none-eabi/10.3.1/../../../../arm-none-eabi/lib/thumb/v7e-m+fp/hard\libstdc++_nano.a
LOAD c:/st/stm32cubeide_1.9.0/stm32cubeide/plugins/com.st.stm32cube.ide.mcu.externaltools.gnu-tools-for-stm32.10.3-2021.10.win32_1.0.0.202111181127/tools/bin/../lib/gcc/arm-none-eabi/10.3.1/../../../../arm-none-eabi/lib/thumb/v7e-m+fp/hard\libm.a
LOAD c:/st/stm32cubeide_1.9.0/stm32cubeide/plugins/com.st.stm32cube.ide.mcu.externaltools.gnu-tools-for-stm32.10.3-2021.10.win32_1.0.0.202111181127/tools/bin/../lib/gcc/arm-none-eabi/10.3.1/../../../../arm-none-eabi/lib/thumb/v7e-m+fp/hard\libc_nano.a
START GROUP
LOAD c:/st/stm32cubeide_1.9.0/stm32cubeide/plugins/com.st.stm32cube.ide.mcu.externaltools.gnu-tools-for-stm32.10.3-2021.10.win32_1.0.0.202111181127/tools/bin/../lib/gcc/arm-none-eabi/10.3.1/thumb/v7e-m+fp/hard\libgcc.a
LOAD c:/st/stm32cubeide_1.9.0/stm32cubeide/plugins/com.st.stm32cube.ide.mcu.externaltools.gnu-tools-for-stm32.10.3-2021.10.win32_1.0.0.202111181127/tools/bin/../lib/gcc/arm-none-eabi/10.3.1/../../../../arm-none-eabi/lib/thumb/v7e-m+fp/hard\libc_nano.a
END GROUP
START GROUP
LOAD c:/st/stm32cubeide_1.9.0/stm32cubeide/plugins/com.st.stm32cube.ide.mcu.externaltools.gnu-tools-for-stm32.10.3-2021.10.win32_1.0.0.202111181127/tools/bin/../lib/gcc/arm-none-eabi/10.3.1/thumb/v7e-m+fp/hard\libgcc.a
LOAD c:/st/stm32cubeide_1.9.0/stm32cubeide/plugins/com.st.stm32cube.ide.mcu.externaltools.gnu-tools-for-stm32.10.3-2021.10.win32_1.0.0.202111181127/tools/bin/../lib/gcc/arm-none-eabi/10.3.1/../../../../arm-none-eabi/lib/thumb/v7e-m+fp/hard\libc_nano.a
LOAD c:/st/stm32cubeide_1.9.0/stm32cubeide/plugins/com.st.stm32cube.ide.mcu.externaltools.gnu-tools-for-stm32.10.3-2021.10.win32_1.0.0.202111181127/tools/bin/../lib/gcc/arm-none-eabi/10.3.1/../../../../arm-none-eabi/lib/thumb/v7e-m+fp/hard\libnosys.a
END GROUP
START GROUP
LOAD c:/st/stm32cubeide_1.9.0/stm32cubeide/plugins/com.st.stm32cube.ide.mcu.externaltools.gnu-tools-for-stm32.10.3-2021.10.win32_1.0.0.202111181127/tools/bin/../lib/gcc/arm-none-eabi/10.3.1/thumb/v7e-m+fp/hard\libgcc.a
LOAD c:/st/stm32cubeide_1.9.0/stm32cubeide/plugins/com.st.stm32cube.ide.mcu.externaltools.gnu-tools-for-stm32.10.3-2021.10.win32_1.0.0.202111181127/tools/bin/../lib/gcc/arm-none-eabi/10.3.1/../../../../arm-none-eabi/lib/thumb/v7e-m+fp/hard\libc_nano.a
LOAD c:/st/stm32cubeide_1.9.0/stm32cubeide/plugins/com.st.stm32cube.ide.mcu.externaltools.gnu-tools-for-stm32.10.3-2021.10.win32_1.0.0.202111181127/tools/bin/../lib/gcc/arm-none-eabi/10.3.1/../../../../arm-none-eabi/lib/thumb/v7e-m+fp/hard\libnosys.a
END GROUP
LOAD c:/st/stm32cubeide_1.9.0/stm32cubeide/plugins/com.st.stm32cube.ide.mcu.externaltools.gnu-tools-for-stm32.10.3-2021.10.win32_1.0.0.202111181127/tools/bin/../lib/gcc/arm-none-eabi/10.3.1/thumb/v7e-m+fp/hard/crtend.o
LOAD c:/st/stm32cubeide_1.9.0/stm32cubeide/plugins/com.st.stm32cube.ide.mcu.externaltools.gnu-tools-for-stm32.10.3-2021.10.win32_1.0.0.202111181127/tools/bin/../lib/gcc/arm-none-eabi/10.3.1/thumb/v7e-m+fp/hard/crtn.o
                0x0000000020050000                _estack = (ORIGIN (RAM) + LENGTH (RAM))
                0x0000000000000200                _Min_Heap_Size = 0x200
                0x0000000000000400                _Min_Stack_Size = 0x400

.isr_vector     0x0000000008000000      0x1c8
                0x0000000008000000                . = ALIGN (0x4)
 *(.isr_vector)
 .isr_vector    0x0000000008000000      0x1c8 ./Startup/startup_stm32f746zgtx.o
                0x0000000008000000                g_pfnVectors
                0x00000000080001c8                . = ALIGN (0x4)

.text           0x00000000080001c8     0x17b0
                0x00000000080001c8                . = ALIGN (0x4)
 *(.text)
 .text          0x00000000080001c8       0x40 c:/st/stm32cubeide_1.9.0/stm32cubeide/plugins/com.st.stm32cube.ide.mcu.externaltools.gnu-tools-for-stm32.10.3-2021.10.win32_1.0.0.202111181127/tools/bin/../lib/gcc/arm-none-eabi/10.3.1/thumb/v7e-m+fp/hard/crtbegin.o
 .text          0x0000000008000208      0x254 c:/st/stm32cubeide_1.9.0/stm32cubeide/plugins/com.st.stm32cube.ide.mcu.externaltools.gnu-tools-for-stm32.10.3-2021.10.win32_1.0.0.202111181127/tools/bin/../lib/gcc/arm-none-eabi/10.3.1/thumb/v7e-m+fp/hard\libgcc.a(_arm_muldf3.o)
                0x0000000008000208                __muldf3
                0x0000000008000208                __aeabi_dmul
 .text          0x000000000800045c      0x378 c:/st/stm32cubeide_1.9.0/stm32cubeide/plugins/com.st.stm32cube.ide.mcu.externaltools.gnu-tools-for-stm32.10.3-2021.10.win32_1.0.0.202111181127/tools/bin/../lib/gcc/arm-none-eabi/10.3.1/thumb/v7e-m+fp/hard\libgcc.a(_arm_addsubdf3.o)
                0x000000000800045c                __aeabi_drsub
                0x0000000008000464                __aeabi_dsub
                0x0000000008000464                __subdf3
                0x0000000008000468                __aeabi_dadd
                0x0000000008000468                __adddf3
                0x00000000080006e0                __floatunsidf
                0x00000000080006e0                __aeabi_ui2d
                0x0000000008000700                __floatsidf
                0x0000000008000700                __aeabi_i2d
                0x0000000008000724                __aeabi_f2d
                0x0000000008000724                __extendsfdf2
                0x0000000008000768                __floatundidf
                0x0000000008000768                __aeabi_ul2d
                0x0000000008000778                __floatdidf
                0x0000000008000778                __aeabi_l2d
 .text          0x00000000080007d4       0xa0 c:/st/stm32cubeide_1.9.0/stm32cubeide/plugins/com.st.stm32cube.ide.mcu.externaltools.gnu-tools-for-stm32.10.3-2021.10.win32_1.0.0.202111181127/tools/bin/../lib/gcc/arm-none-eabi/10.3.1/thumb/v7e-m+fp/hard\libgcc.a(_arm_truncdfsf2.o)
                0x00000000080007d4                __truncdfsf2
                0x00000000080007d4                __aeabi_d2f
 *(.text*)
 .text.DMA2_Stream0_IRQHandler
                0x0000000008000874      0x1a8 ./Src/control.o
                0x0000000008000874                DMA2_Stream0_IRQHandler
 .text.shift_and_scale
                0x0000000008000a1c       0xfc ./Src/control.o
                0x0000000008000a1c                shift_and_scale
 .text.set_shifts
                0x0000000008000b18       0x7c ./Src/control.o
                0x0000000008000b18                set_shifts
 .text.protect_software
                0x0000000008000b94       0xb0 ./Src/control.o
                0x0000000008000b94                protect_software
 *fill*         0x0000000008000c44        0x4 
 .text.integral_protect
                0x0000000008000c48       0xbc ./Src/control.o
                0x0000000008000c48                integral_protect
 .text.Trapezoidal_Integrator
                0x0000000008000d04       0xb8 ./Src/dsp.o
                0x0000000008000d04                Trapezoidal_Integrator
 .text.BackwardEuler_Diff
                0x0000000008000dbc       0x42 ./Src/dsp.o
                0x0000000008000dbc                BackwardEuler_Diff
 .text.PID_Controller
                0x0000000008000dfe       0xb8 ./Src/dsp.o
                0x0000000008000dfe                PID_Controller
 *fill*         0x0000000008000eb6        0x2 
 .text.main     0x0000000008000eb8       0xbc ./Src/main.o
                0x0000000008000eb8                main
 .text.SystemInit
                0x0000000008000f74       0x24 ./Src/system_stm32f7xx.o
                0x0000000008000f74                SystemInit
 .text.SystemCoreClockUpdate
                0x0000000008000f98      0x100 ./Src/system_stm32f7xx.o
                0x0000000008000f98                SystemCoreClockUpdate
 .text.init_ADC
                0x0000000008001098      0x188 ./Src/periph/adc.o
                0x0000000008001098                init_ADC
 .text.init_DAC
                0x0000000008001220       0x30 ./Src/periph/dac.o
                0x0000000008001220                init_DAC
 .text.init_DMA
                0x0000000008001250       0x98 ./Src/periph/dma.o
                0x0000000008001250                init_DMA
 .text.init_GPIO
                0x00000000080012e8       0xfc ./Src/periph/gpio.o
                0x00000000080012e8                init_GPIO
 .text.init_GPIO_Output
                0x00000000080013e4       0x2a ./Src/periph/gpio.o
                0x00000000080013e4                init_GPIO_Output
 .text.init_GPIO_AFunction
                0x000000000800140e       0x72 ./Src/periph/gpio.o
                0x000000000800140e                init_GPIO_AFunction
 .text.init_GPIO_Analog
                0x0000000008001480       0x2a ./Src/periph/gpio.o
                0x0000000008001480                init_GPIO_Analog
 *fill*         0x00000000080014aa        0x2 
 .text.__NVIC_SetPriorityGrouping
                0x00000000080014ac       0x48 ./Src/periph/interrupt.o
 .text.__NVIC_GetPriorityGrouping
                0x00000000080014f4       0x1c ./Src/periph/interrupt.o
 .text.__NVIC_EnableIRQ
                0x0000000008001510       0x3c ./Src/periph/interrupt.o
 .text.__NVIC_SetPriority
                0x000000000800154c       0x54 ./Src/periph/interrupt.o
 .text.NVIC_EncodePriority
                0x00000000080015a0       0x66 ./Src/periph/interrupt.o
 .text.init_INTERRUPT
                0x0000000008001606       0x2e ./Src/periph/interrupt.o
                0x0000000008001606                init_INTERRUPT
 .text.TIM8_UP_TIM13_IRQHandler
                0x0000000008001634       0x24 ./Src/periph/interrupt.o
                0x0000000008001634                TIM8_UP_TIM13_IRQHandler
 .text.SCB_EnableICache
                0x0000000008001658       0x4c ./Src/periph/rcc.o
 .text.SCB_InvalidateICache
                0x00000000080016a4       0x34 ./Src/periph/rcc.o
 .text.init_RCC
                0x00000000080016d8      0x128 ./Src/periph/rcc.o
                0x00000000080016d8                init_RCC
 .text.init_TIMER8
                0x0000000008001800       0x84 ./Src/periph/timer.o
                0x0000000008001800                init_TIMER8
 .text.timer_PWM_On
                0x0000000008001884       0x20 ./Src/periph/timer.o
                0x0000000008001884                timer_PWM_On
 .text.timer_PWM_Off
                0x00000000080018a4       0x20 ./Src/periph/timer.o
                0x00000000080018a4                timer_PWM_Off
 .text.Reset_Handler
                0x00000000080018c4       0x50 ./Startup/startup_stm32f746zgtx.o
                0x00000000080018c4                Reset_Handler
 .text.Default_Handler
                0x0000000008001914        0x2 ./Startup/startup_stm32f746zgtx.o
                0x0000000008001914                HASH_RNG_IRQHandler
                0x0000000008001914                EXTI2_IRQHandler
                0x0000000008001914                TIM8_CC_IRQHandler
                0x0000000008001914                DebugMon_Handler
                0x0000000008001914                UART8_IRQHandler
                0x0000000008001914                SPI4_IRQHandler
                0x0000000008001914                TIM1_CC_IRQHandler
                0x0000000008001914                QuadSPI_IRQHandler
                0x0000000008001914                DMA2_Stream5_IRQHandler
                0x0000000008001914                HardFault_Handler
                0x0000000008001914                DMA1_Stream5_IRQHandler
                0x0000000008001914                SysTick_Handler
                0x0000000008001914                PVD_IRQHandler
                0x0000000008001914                TAMP_STAMP_IRQHandler
                0x0000000008001914                PendSV_Handler
                0x0000000008001914                NMI_Handler
                0x0000000008001914                CAN2_RX1_IRQHandler
                0x0000000008001914                EXTI3_IRQHandler
                0x0000000008001914                TIM8_TRG_COM_TIM14_IRQHandler
                0x0000000008001914                TIM1_UP_TIM10_IRQHandler
                0x0000000008001914                I2C3_ER_IRQHandler
                0x0000000008001914                LCD_TFT_IRQHandler
                0x0000000008001914                EXTI0_IRQHandler
                0x0000000008001914                I2C2_EV_IRQHandler
                0x0000000008001914                DMA1_Stream2_IRQHandler
                0x0000000008001914                CAN1_RX0_IRQHandler
                0x0000000008001914                FPU_IRQHandler
                0x0000000008001914                OTG_HS_WKUP_IRQHandler
                0x0000000008001914                UsageFault_Handler
                0x0000000008001914                LTDC_ER_IRQHandler
                0x0000000008001914                CAN2_SCE_IRQHandler
                0x0000000008001914                DMA2_Stream2_IRQHandler
                0x0000000008001914                SPI1_IRQHandler
                0x0000000008001914                TIM6_DAC_IRQHandler
                0x0000000008001914                TIM1_BRK_TIM9_IRQHandler
                0x0000000008001914                DCMI_IRQHandler
                0x0000000008001914                CAN2_RX0_IRQHandler
                0x0000000008001914                DMA2_Stream3_IRQHandler
                0x0000000008001914                RTC_ALARM_IRQHandler
                0x0000000008001914                SAI2_IRQHandler
                0x0000000008001914                USART6_IRQHandler
                0x0000000008001914                USART3_IRQHandler
                0x0000000008001914                CRYP_IRQHandler
                0x0000000008001914                CAN1_RX1_IRQHandler
                0x0000000008001914                UART5_IRQHandler
                0x0000000008001914                TIM4_IRQHandler
                0x0000000008001914                I2C1_EV_IRQHandler
                0x0000000008001914                HDMI_CEC_IRQHandler
                0x0000000008001914                DMA1_Stream6_IRQHandler
                0x0000000008001914                DMA1_Stream1_IRQHandler
                0x0000000008001914                UART4_IRQHandler
                0x0000000008001914                TIM3_IRQHandler
                0x0000000008001914                RCC_IRQHandler
                0x0000000008001914                TIM8_BRK_TIM12_IRQHandler
                0x0000000008001914                Default_Handler
                0x0000000008001914                EXTI15_10_IRQHandler
                0x0000000008001914                ADC_IRQHandler
                0x0000000008001914                DMA1_Stream7_IRQHandler
                0x0000000008001914                SPI5_IRQHandler
                0x0000000008001914                LPTimer1_IRQHandler
                0x0000000008001914                TIM7_IRQHandler
                0x0000000008001914                SDMMC1_IRQHandler
                0x0000000008001914                CAN2_TX_IRQHandler
                0x0000000008001914                TIM5_IRQHandler
                0x0000000008001914                DMA2_Stream7_IRQHandler
                0x0000000008001914                I2C3_EV_IRQHandler
                0x0000000008001914                EXTI9_5_IRQHandler
                0x0000000008001914                RTC_WKUP_IRQHandler
                0x0000000008001914                ETH_WKUP_IRQHandler
                0x0000000008001914                SPI2_IRQHandler
                0x0000000008001914                OTG_HS_EP1_IN_IRQHandler
                0x0000000008001914                MemManage_Handler
                0x0000000008001914                DMA1_Stream0_IRQHandler
                0x0000000008001914                CAN1_TX_IRQHandler
                0x0000000008001914                SVC_Handler
                0x0000000008001914                EXTI4_IRQHandler
                0x0000000008001914                ETH_IRQHandler
                0x0000000008001914                OTG_HS_EP1_OUT_IRQHandler
                0x0000000008001914                WWDG_IRQHandler
                0x0000000008001914                SPI6_IRQHandler
                0x0000000008001914                I2C4_EV_IRQHandler
                0x0000000008001914                TIM2_IRQHandler
                0x0000000008001914                OTG_FS_WKUP_IRQHandler
                0x0000000008001914                TIM1_TRG_COM_TIM11_IRQHandler
                0x0000000008001914                OTG_HS_IRQHandler
                0x0000000008001914                DMA2D_IRQHandler
                0x0000000008001914                EXTI1_IRQHandler
                0x0000000008001914                UART7_IRQHandler
                0x0000000008001914                USART2_IRQHandler
                0x0000000008001914                I2C2_ER_IRQHandler
                0x0000000008001914                SPDIFRX_IRQHandler
                0x0000000008001914                DMA2_Stream1_IRQHandler
                0x0000000008001914                CAN1_SCE_IRQHandler
                0x0000000008001914                FLASH_IRQHandler
                0x0000000008001914                DMA2_Stream4_IRQHandler
                0x0000000008001914                BusFault_Handler
                0x0000000008001914                USART1_IRQHandler
                0x0000000008001914                OTG_FS_IRQHandler
                0x0000000008001914                SPI3_IRQHandler
                0x0000000008001914                DMA1_Stream4_IRQHandler
                0x0000000008001914                I2C1_ER_IRQHandler
                0x0000000008001914                FMC_IRQHandler
                0x0000000008001914                I2C4_ER_IRQHandler
                0x0000000008001914                DMA2_Stream6_IRQHandler
                0x0000000008001914                SAI1_IRQHandler
                0x0000000008001914                DMA1_Stream3_IRQHandler
 *fill*         0x0000000008001916        0x2 
 .text.__libc_init_array
                0x0000000008001918       0x48 c:/st/stm32cubeide_1.9.0/stm32cubeide/plugins/com.st.stm32cube.ide.mcu.externaltools.gnu-tools-for-stm32.10.3-2021.10.win32_1.0.0.202111181127/tools/bin/../lib/gcc/arm-none-eabi/10.3.1/../../../../arm-none-eabi/lib/thumb/v7e-m+fp/hard\libc_nano.a(lib_a-init.o)
                0x0000000008001918                __libc_init_array
 *(.glue_7)
 .glue_7        0x0000000008001960        0x0 linker stubs
 *(.glue_7t)
 .glue_7t       0x0000000008001960        0x0 linker stubs
 *(.eh_frame)
 .eh_frame      0x0000000008001960        0x0 c:/st/stm32cubeide_1.9.0/stm32cubeide/plugins/com.st.stm32cube.ide.mcu.externaltools.gnu-tools-for-stm32.10.3-2021.10.win32_1.0.0.202111181127/tools/bin/../lib/gcc/arm-none-eabi/10.3.1/thumb/v7e-m+fp/hard/crtbegin.o
 *(.init)
 .init          0x0000000008001960        0x4 c:/st/stm32cubeide_1.9.0/stm32cubeide/plugins/com.st.stm32cube.ide.mcu.externaltools.gnu-tools-for-stm32.10.3-2021.10.win32_1.0.0.202111181127/tools/bin/../lib/gcc/arm-none-eabi/10.3.1/thumb/v7e-m+fp/hard/crti.o
                0x0000000008001960                _init
 .init          0x0000000008001964        0x8 c:/st/stm32cubeide_1.9.0/stm32cubeide/plugins/com.st.stm32cube.ide.mcu.externaltools.gnu-tools-for-stm32.10.3-2021.10.win32_1.0.0.202111181127/tools/bin/../lib/gcc/arm-none-eabi/10.3.1/thumb/v7e-m+fp/hard/crtn.o
 *(.fini)
 .fini          0x000000000800196c        0x4 c:/st/stm32cubeide_1.9.0/stm32cubeide/plugins/com.st.stm32cube.ide.mcu.externaltools.gnu-tools-for-stm32.10.3-2021.10.win32_1.0.0.202111181127/tools/bin/../lib/gcc/arm-none-eabi/10.3.1/thumb/v7e-m+fp/hard/crti.o
                0x000000000800196c                _fini
 .fini          0x0000000008001970        0x8 c:/st/stm32cubeide_1.9.0/stm32cubeide/plugins/com.st.stm32cube.ide.mcu.externaltools.gnu-tools-for-stm32.10.3-2021.10.win32_1.0.0.202111181127/tools/bin/../lib/gcc/arm-none-eabi/10.3.1/thumb/v7e-m+fp/hard/crtn.o
                0x0000000008001978                . = ALIGN (0x4)
                0x0000000008001978                _etext = .

.vfp11_veneer   0x0000000008001978        0x0
 .vfp11_veneer  0x0000000008001978        0x0 linker stubs

.v4_bx          0x0000000008001978        0x0
 .v4_bx         0x0000000008001978        0x0 linker stubs

.iplt           0x0000000008001978        0x0
 .iplt          0x0000000008001978        0x0 c:/st/stm32cubeide_1.9.0/stm32cubeide/plugins/com.st.stm32cube.ide.mcu.externaltools.gnu-tools-for-stm32.10.3-2021.10.win32_1.0.0.202111181127/tools/bin/../lib/gcc/arm-none-eabi/10.3.1/thumb/v7e-m+fp/hard/crtbegin.o

.rodata         0x0000000008001978       0x10
                0x0000000008001978                . = ALIGN (0x4)
 *(.rodata)
 *(.rodata*)
 .rodata.AHBPrescTable
                0x0000000008001978       0x10 ./Src/system_stm32f7xx.o
                0x0000000008001978                AHBPrescTable
                0x0000000008001988                . = ALIGN (0x4)

.rel.dyn        0x0000000008001988        0x0
 .rel.iplt      0x0000000008001988        0x0 c:/st/stm32cubeide_1.9.0/stm32cubeide/plugins/com.st.stm32cube.ide.mcu.externaltools.gnu-tools-for-stm32.10.3-2021.10.win32_1.0.0.202111181127/tools/bin/../lib/gcc/arm-none-eabi/10.3.1/thumb/v7e-m+fp/hard/crtbegin.o

.ARM.extab      0x0000000008001988        0x0
                0x0000000008001988                . = ALIGN (0x4)
 *(.ARM.extab* .gnu.linkonce.armextab.*)
                0x0000000008001988                . = ALIGN (0x4)

.ARM            0x0000000008001988        0x0
                0x0000000008001988                . = ALIGN (0x4)
                0x0000000008001988                __exidx_start = .
 *(.ARM.exidx*)
                0x0000000008001988                __exidx_end = .
                0x0000000008001988                . = ALIGN (0x4)

.preinit_array  0x0000000008001988        0x0
                0x0000000008001988                . = ALIGN (0x4)
                0x0000000008001988                PROVIDE (__preinit_array_start = .)
 *(.preinit_array*)
                0x0000000008001988                PROVIDE (__preinit_array_end = .)
                0x0000000008001988                . = ALIGN (0x4)

.init_array     0x0000000008001988        0x4
                0x0000000008001988                . = ALIGN (0x4)
                0x0000000008001988                PROVIDE (__init_array_start = .)
 *(SORT_BY_NAME(.init_array.*))
 *(.init_array*)
 .init_array    0x0000000008001988        0x4 c:/st/stm32cubeide_1.9.0/stm32cubeide/plugins/com.st.stm32cube.ide.mcu.externaltools.gnu-tools-for-stm32.10.3-2021.10.win32_1.0.0.202111181127/tools/bin/../lib/gcc/arm-none-eabi/10.3.1/thumb/v7e-m+fp/hard/crtbegin.o
                0x000000000800198c                PROVIDE (__init_array_end = .)
                0x000000000800198c                . = ALIGN (0x4)

.fini_array     0x000000000800198c        0x4
                0x000000000800198c                . = ALIGN (0x4)
                [!provide]                        PROVIDE (__fini_array_start = .)
 *(SORT_BY_NAME(.fini_array.*))
 *(.fini_array*)
 .fini_array    0x000000000800198c        0x4 c:/st/stm32cubeide_1.9.0/stm32cubeide/plugins/com.st.stm32cube.ide.mcu.externaltools.gnu-tools-for-stm32.10.3-2021.10.win32_1.0.0.202111181127/tools/bin/../lib/gcc/arm-none-eabi/10.3.1/thumb/v7e-m+fp/hard/crtbegin.o
                [!provide]                        PROVIDE (__fini_array_end = .)
                0x0000000008001990                . = ALIGN (0x4)
                0x0000000008001990                _sidata = LOADADDR (.data)

.data           0x0000000020000000       0xd8 load address 0x0000000008001990
                0x0000000020000000                . = ALIGN (0x4)
                0x0000000020000000                _sdata = .
 *(.data)
 *(.data*)
 .data.Boost_Control
                0x0000000020000000       0x34 ./Src/control.o
                0x0000000020000000                Boost_Control
 .data.Boost_Measure
                0x0000000020000034       0x7c ./Src/control.o
                0x0000000020000034                Boost_Measure
 .data.Boost_Protect
                0x00000000200000b0       0x24 ./Src/control.o
                0x00000000200000b0                Boost_Protect
 .data.SystemCoreClock
                0x00000000200000d4        0x4 ./Src/system_stm32f7xx.o
                0x00000000200000d4                SystemCoreClock
 *(.RamFunc)
 *(.RamFunc*)
                0x00000000200000d8                . = ALIGN (0x4)
                0x00000000200000d8                _edata = .

.igot.plt       0x00000000200000d8        0x0 load address 0x0000000008001a68
 .igot.plt      0x00000000200000d8        0x0 c:/st/stm32cubeide_1.9.0/stm32cubeide/plugins/com.st.stm32cube.ide.mcu.externaltools.gnu-tools-for-stm32.10.3-2021.10.win32_1.0.0.202111181127/tools/bin/../lib/gcc/arm-none-eabi/10.3.1/thumb/v7e-m+fp/hard/crtbegin.o
                0x00000000200000d8                . = ALIGN (0x4)

.bss            0x00000000200000d8       0x44 load address 0x0000000008001a68
                0x00000000200000d8                _sbss = .
                0x00000000200000d8                __bss_start__ = _sbss
 *(.bss)
 .bss           0x00000000200000d8       0x1c c:/st/stm32cubeide_1.9.0/stm32cubeide/plugins/com.st.stm32cube.ide.mcu.externaltools.gnu-tools-for-stm32.10.3-2021.10.win32_1.0.0.202111181127/tools/bin/../lib/gcc/arm-none-eabi/10.3.1/thumb/v7e-m+fp/hard/crtbegin.o
 *(.bss*)
 .bss.REF_CONTROLLER
                0x00000000200000f4        0x4 ./Src/control.o
                0x00000000200000f4                REF_CONTROLLER
 .bss.TIC       0x00000000200000f8        0x4 ./Src/control.o
                0x00000000200000f8                TIC
 .bss.TOC       0x00000000200000fc        0x4 ./Src/control.o
                0x00000000200000fc                TOC
 .bss.cnt.0     0x0000000020000100        0x4 ./Src/control.o
 .bss.ADC_Buffer
                0x0000000020000104       0x18 ./Src/periph/dma.o
                0x0000000020000104                ADC_Buffer
 *(COMMON)
                0x000000002000011c                . = ALIGN (0x4)
                0x000000002000011c                _ebss = .
                0x000000002000011c                __bss_end__ = _ebss

._user_heap_stack
                0x000000002000011c      0x604 load address 0x0000000008001a68
                0x0000000020000120                . = ALIGN (0x8)
 *fill*         0x000000002000011c        0x4 
                [!provide]                        PROVIDE (end = .)
                0x0000000020000120                PROVIDE (_end = .)
                0x0000000020000320                . = (. + _Min_Heap_Size)
 *fill*         0x0000000020000120      0x200 
                0x0000000020000720                . = (. + _Min_Stack_Size)
 *fill*         0x0000000020000320      0x400 
                0x0000000020000720                . = ALIGN (0x8)

/DISCARD/
 libc.a(*)
 libm.a(*)
 libgcc.a(*)

.ARM.attributes
                0x0000000000000000       0x30
 *(.ARM.attributes)
 .ARM.attributes
                0x0000000000000000       0x1e c:/st/stm32cubeide_1.9.0/stm32cubeide/plugins/com.st.stm32cube.ide.mcu.externaltools.gnu-tools-for-stm32.10.3-2021.10.win32_1.0.0.202111181127/tools/bin/../lib/gcc/arm-none-eabi/10.3.1/thumb/v7e-m+fp/hard/crti.o
 .ARM.attributes
                0x000000000000001e       0x34 c:/st/stm32cubeide_1.9.0/stm32cubeide/plugins/com.st.stm32cube.ide.mcu.externaltools.gnu-tools-for-stm32.10.3-2021.10.win32_1.0.0.202111181127/tools/bin/../lib/gcc/arm-none-eabi/10.3.1/thumb/v7e-m+fp/hard/crtbegin.o
 .ARM.attributes
                0x0000000000000052       0x34 ./Src/control.o
 .ARM.attributes
                0x0000000000000086       0x34 ./Src/dsp.o
 .ARM.attributes
                0x00000000000000ba       0x34 ./Src/main.o
 .ARM.attributes
                0x00000000000000ee       0x34 ./Src/system_stm32f7xx.o
 .ARM.attributes
                0x0000000000000122       0x34 ./Src/periph/adc.o
 .ARM.attributes
                0x0000000000000156       0x34 ./Src/periph/dac.o
 .ARM.attributes
                0x000000000000018a       0x34 ./Src/periph/dma.o
 .ARM.attributes
                0x00000000000001be       0x34 ./Src/periph/gpio.o
 .ARM.attributes
                0x00000000000001f2       0x34 ./Src/periph/interrupt.o
 .ARM.attributes
                0x0000000000000226       0x34 ./Src/periph/rcc.o
 .ARM.attributes
                0x000000000000025a       0x34 ./Src/periph/timer.o
 .ARM.attributes
                0x000000000000028e       0x21 ./Startup/startup_stm32f746zgtx.o
 .ARM.attributes
                0x00000000000002af       0x34 c:/st/stm32cubeide_1.9.0/stm32cubeide/plugins/com.st.stm32cube.ide.mcu.externaltools.gnu-tools-for-stm32.10.3-2021.10.win32_1.0.0.202111181127/tools/bin/../lib/gcc/arm-none-eabi/10.3.1/../../../../arm-none-eabi/lib/thumb/v7e-m+fp/hard\libc_nano.a(lib_a-init.o)
 .ARM.attributes
                0x00000000000002e3       0x1e c:/st/stm32cubeide_1.9.0/stm32cubeide/plugins/com.st.stm32cube.ide.mcu.externaltools.gnu-tools-for-stm32.10.3-2021.10.win32_1.0.0.202111181127/tools/bin/../lib/gcc/arm-none-eabi/10.3.1/thumb/v7e-m+fp/hard\libgcc.a(_arm_muldf3.o)
 .ARM.attributes
                0x0000000000000301       0x1e c:/st/stm32cubeide_1.9.0/stm32cubeide/plugins/com.st.stm32cube.ide.mcu.externaltools.gnu-tools-for-stm32.10.3-2021.10.win32_1.0.0.202111181127/tools/bin/../lib/gcc/arm-none-eabi/10.3.1/thumb/v7e-m+fp/hard\libgcc.a(_arm_addsubdf3.o)
 .ARM.attributes
                0x000000000000031f       0x1e c:/st/stm32cubeide_1.9.0/stm32cubeide/plugins/com.st.stm32cube.ide.mcu.externaltools.gnu-tools-for-stm32.10.3-2021.10.win32_1.0.0.202111181127/tools/bin/../lib/gcc/arm-none-eabi/10.3.1/thumb/v7e-m+fp/hard\libgcc.a(_arm_truncdfsf2.o)
 .ARM.attributes
                0x000000000000033d       0x1e c:/st/stm32cubeide_1.9.0/stm32cubeide/plugins/com.st.stm32cube.ide.mcu.externaltools.gnu-tools-for-stm32.10.3-2021.10.win32_1.0.0.202111181127/tools/bin/../lib/gcc/arm-none-eabi/10.3.1/thumb/v7e-m+fp/hard/crtn.o
OUTPUT(main course2.elf elf32-littlearm)
LOAD linker stubs
LOAD c:/st/stm32cubeide_1.9.0/stm32cubeide/plugins/com.st.stm32cube.ide.mcu.externaltools.gnu-tools-for-stm32.10.3-2021.10.win32_1.0.0.202111181127/tools/bin/../lib/gcc/arm-none-eabi/10.3.1/../../../../arm-none-eabi/lib/thumb/v7e-m+fp/hard\libc.a
LOAD c:/st/stm32cubeide_1.9.0/stm32cubeide/plugins/com.st.stm32cube.ide.mcu.externaltools.gnu-tools-for-stm32.10.3-2021.10.win32_1.0.0.202111181127/tools/bin/../lib/gcc/arm-none-eabi/10.3.1/../../../../arm-none-eabi/lib/thumb/v7e-m+fp/hard\libm.a
LOAD c:/st/stm32cubeide_1.9.0/stm32cubeide/plugins/com.st.stm32cube.ide.mcu.externaltools.gnu-tools-for-stm32.10.3-2021.10.win32_1.0.0.202111181127/tools/bin/../lib/gcc/arm-none-eabi/10.3.1/thumb/v7e-m+fp/hard\libgcc.a

.debug_info     0x0000000000000000     0x4611
 .debug_info    0x0000000000000000      0xaa9 ./Src/control.o
 .debug_info    0x0000000000000aa9      0x90d ./Src/dsp.o
 .debug_info    0x00000000000013b6      0x52f ./Src/main.o
 .debug_info    0x00000000000018e5      0x725 ./Src/system_stm32f7xx.o
 .debug_info    0x000000000000200a      0x3e9 ./Src/periph/adc.o
 .debug_info    0x00000000000023f3      0x36e ./Src/periph/dac.o
 .debug_info    0x0000000000002761      0x368 ./Src/periph/dma.o
 .debug_info    0x0000000000002ac9      0x3f2 ./Src/periph/gpio.o
 .debug_info    0x0000000000002ebb      0xafe ./Src/periph/interrupt.o
 .debug_info    0x00000000000039b9      0x818 ./Src/periph/rcc.o
 .debug_info    0x00000000000041d1      0x41e ./Src/periph/timer.o
 .debug_info    0x00000000000045ef       0x22 ./Startup/startup_stm32f746zgtx.o

.debug_abbrev   0x0000000000000000      0xe6e
 .debug_abbrev  0x0000000000000000      0x236 ./Src/control.o
 .debug_abbrev  0x0000000000000236      0x238 ./Src/dsp.o
 .debug_abbrev  0x000000000000046e      0x18b ./Src/main.o
 .debug_abbrev  0x00000000000005f9      0x136 ./Src/system_stm32f7xx.o
 .debug_abbrev  0x000000000000072f       0xe0 ./Src/periph/adc.o
 .debug_abbrev  0x000000000000080f       0xaf ./Src/periph/dac.o
 .debug_abbrev  0x00000000000008be       0xe2 ./Src/periph/dma.o
 .debug_abbrev  0x00000000000009a0       0xf6 ./Src/periph/gpio.o
 .debug_abbrev  0x0000000000000a96      0x1c5 ./Src/periph/interrupt.o
 .debug_abbrev  0x0000000000000c5b      0x138 ./Src/periph/rcc.o
 .debug_abbrev  0x0000000000000d93       0xc9 ./Src/periph/timer.o
 .debug_abbrev  0x0000000000000e5c       0x12 ./Startup/startup_stm32f746zgtx.o

.debug_aranges  0x0000000000000000      0x288
 .debug_aranges
                0x0000000000000000       0x40 ./Src/control.o
 .debug_aranges
                0x0000000000000040       0x90 ./Src/dsp.o
 .debug_aranges
                0x00000000000000d0       0x20 ./Src/main.o
 .debug_aranges
                0x00000000000000f0       0x28 ./Src/system_stm32f7xx.o
 .debug_aranges
                0x0000000000000118       0x20 ./Src/periph/adc.o
 .debug_aranges
                0x0000000000000138       0x20 ./Src/periph/dac.o
 .debug_aranges
                0x0000000000000158       0x20 ./Src/periph/dma.o
 .debug_aranges
                0x0000000000000178       0x38 ./Src/periph/gpio.o
 .debug_aranges
                0x00000000000001b0       0x50 ./Src/periph/interrupt.o
 .debug_aranges
                0x0000000000000200       0x30 ./Src/periph/rcc.o
 .debug_aranges
                0x0000000000000230       0x30 ./Src/periph/timer.o
 .debug_aranges
                0x0000000000000260       0x28 ./Startup/startup_stm32f746zgtx.o

.debug_ranges   0x0000000000000000      0x1d0
 .debug_ranges  0x0000000000000000       0x30 ./Src/control.o
 .debug_ranges  0x0000000000000030       0x80 ./Src/dsp.o
 .debug_ranges  0x00000000000000b0       0x10 ./Src/main.o
 .debug_ranges  0x00000000000000c0       0x18 ./Src/system_stm32f7xx.o
 .debug_ranges  0x00000000000000d8       0x10 ./Src/periph/adc.o
 .debug_ranges  0x00000000000000e8       0x10 ./Src/periph/dac.o
 .debug_ranges  0x00000000000000f8       0x10 ./Src/periph/dma.o
 .debug_ranges  0x0000000000000108       0x28 ./Src/periph/gpio.o
 .debug_ranges  0x0000000000000130       0x40 ./Src/periph/interrupt.o
 .debug_ranges  0x0000000000000170       0x20 ./Src/periph/rcc.o
 .debug_ranges  0x0000000000000190       0x20 ./Src/periph/timer.o
 .debug_ranges  0x00000000000001b0       0x20 ./Startup/startup_stm32f746zgtx.o

.debug_macro    0x0000000000000000    0x1b356
 .debug_macro   0x0000000000000000      0x109 ./Src/control.o
 .debug_macro   0x0000000000000109       0x28 ./Src/control.o
 .debug_macro   0x0000000000000131       0x34 ./Src/control.o
 .debug_macro   0x0000000000000165     0x12cd ./Src/control.o
 .debug_macro   0x0000000000001432      0x11f ./Src/control.o
 .debug_macro   0x0000000000001551       0x19 ./Src/control.o
 .debug_macro   0x000000000000156a    0x1920a ./Src/control.o
 .debug_macro   0x000000000001a774       0x6d ./Src/control.o
 .debug_macro   0x000000000001a7e1       0x3a ./Src/control.o
 .debug_macro   0x000000000001a81b       0x16 ./Src/control.o
 .debug_macro   0x000000000001a831      0x1ee ./Src/dsp.o
 .debug_macro   0x000000000001aa1f       0x16 ./Src/dsp.o
 .debug_macro   0x000000000001aa35       0x16 ./Src/dsp.o
 .debug_macro   0x000000000001aa4b       0x29 ./Src/dsp.o
 .debug_macro   0x000000000001aa74      0x222 ./Src/main.o
 .debug_macro   0x000000000001ac96       0x16 ./Src/main.o
 .debug_macro   0x000000000001acac       0xd7 ./Src/system_stm32f7xx.o
 .debug_macro   0x000000000001ad83       0xd5 ./Src/periph/adc.o
 .debug_macro   0x000000000001ae58       0xd5 ./Src/periph/dac.o
 .debug_macro   0x000000000001af2d       0xd5 ./Src/periph/dma.o
 .debug_macro   0x000000000001b002       0xd5 ./Src/periph/gpio.o
 .debug_macro   0x000000000001b0d7       0xd5 ./Src/periph/interrupt.o
 .debug_macro   0x000000000001b1ac       0xd5 ./Src/periph/rcc.o
 .debug_macro   0x000000000001b281       0xd5 ./Src/periph/timer.o

.debug_line     0x0000000000000000     0x48b0
 .debug_line    0x0000000000000000      0x7ac ./Src/control.o
 .debug_line    0x00000000000007ac      0xba5 ./Src/dsp.o
 .debug_line    0x0000000000001351      0x7c0 ./Src/main.o
 .debug_line    0x0000000000001b11      0x55f ./Src/system_stm32f7xx.o
 .debug_line    0x0000000000002070      0x54a ./Src/periph/adc.o
 .debug_line    0x00000000000025ba      0x524 ./Src/periph/dac.o
 .debug_line    0x0000000000002ade      0x540 ./Src/periph/dma.o
 .debug_line    0x000000000000301e      0x5c6 ./Src/periph/gpio.o
 .debug_line    0x00000000000035e4      0x662 ./Src/periph/interrupt.o
 .debug_line    0x0000000000003c46      0x675 ./Src/periph/rcc.o
 .debug_line    0x00000000000042bb      0x571 ./Src/periph/timer.o
 .debug_line    0x000000000000482c       0x84 ./Startup/startup_stm32f746zgtx.o

.debug_str      0x0000000000000000    0xa01ae
 .debug_str     0x0000000000000000    0x9b41e ./Src/control.o
                                      0x9b5bc (size before relaxing)
 .debug_str     0x000000000009b41e     0x3bb3 ./Src/dsp.o
                                      0x9edcf (size before relaxing)
 .debug_str     0x000000000009efd1      0x69c ./Src/main.o
                                      0x9f2fd (size before relaxing)
 .debug_str     0x000000000009f66d      0x2d3 ./Src/system_stm32f7xx.o
                                      0x9b329 (size before relaxing)
 .debug_str     0x000000000009f940       0x7f ./Src/periph/adc.o
                                      0x9b1cd (size before relaxing)
 .debug_str     0x000000000009f9bf       0x14 ./Src/periph/dac.o
                                      0x9b1c5 (size before relaxing)
 .debug_str     0x000000000009f9d3       0x36 ./Src/periph/dma.o
                                      0x9b1a2 (size before relaxing)
 .debug_str     0x000000000009fa09       0x50 ./Src/periph/gpio.o
                                      0x9b1d2 (size before relaxing)
 .debug_str     0x000000000009fa59      0x693 ./Src/periph/interrupt.o
                                      0x9b90a (size before relaxing)
 .debug_str     0x00000000000a00ec       0x7b ./Src/periph/rcc.o
                                      0x9b31f (size before relaxing)
 .debug_str     0x00000000000a0167       0x16 ./Src/periph/timer.o
                                      0x9b1d9 (size before relaxing)
 .debug_str     0x00000000000a017d       0x31 ./Startup/startup_stm32f746zgtx.o
                                         0x79 (size before relaxing)

.comment        0x0000000000000000       0x50
 .comment       0x0000000000000000       0x50 ./Src/control.o
                                         0x51 (size before relaxing)
 .comment       0x0000000000000050       0x51 ./Src/dsp.o
 .comment       0x0000000000000050       0x51 ./Src/main.o
 .comment       0x0000000000000050       0x51 ./Src/system_stm32f7xx.o
 .comment       0x0000000000000050       0x51 ./Src/periph/adc.o
 .comment       0x0000000000000050       0x51 ./Src/periph/dac.o
 .comment       0x0000000000000050       0x51 ./Src/periph/dma.o
 .comment       0x0000000000000050       0x51 ./Src/periph/gpio.o
 .comment       0x0000000000000050       0x51 ./Src/periph/interrupt.o
 .comment       0x0000000000000050       0x51 ./Src/periph/rcc.o
 .comment       0x0000000000000050       0x51 ./Src/periph/timer.o

.debug_frame    0x0000000000000000      0x7e0
 .debug_frame   0x0000000000000000       0xb8 ./Src/control.o
 .debug_frame   0x00000000000000b8      0x254 ./Src/dsp.o
 .debug_frame   0x000000000000030c       0x30 ./Src/main.o
 .debug_frame   0x000000000000033c       0x58 ./Src/system_stm32f7xx.o
 .debug_frame   0x0000000000000394       0x30 ./Src/periph/adc.o
 .debug_frame   0x00000000000003c4       0x30 ./Src/periph/dac.o
 .debug_frame   0x00000000000003f4       0x30 ./Src/periph/dma.o
 .debug_frame   0x0000000000000424       0xa4 ./Src/periph/gpio.o
 .debug_frame   0x00000000000004c8      0x10c ./Src/periph/interrupt.o
 .debug_frame   0x00000000000005d4       0x74 ./Src/periph/rcc.o
 .debug_frame   0x0000000000000648       0x6c ./Src/periph/timer.o
 .debug_frame   0x00000000000006b4       0x2c c:/st/stm32cubeide_1.9.0/stm32cubeide/plugins/com.st.stm32cube.ide.mcu.externaltools.gnu-tools-for-stm32.10.3-2021.10.win32_1.0.0.202111181127/tools/bin/../lib/gcc/arm-none-eabi/10.3.1/../../../../arm-none-eabi/lib/thumb/v7e-m+fp/hard\libc_nano.a(lib_a-init.o)
 .debug_frame   0x00000000000006e0       0x30 c:/st/stm32cubeide_1.9.0/stm32cubeide/plugins/com.st.stm32cube.ide.mcu.externaltools.gnu-tools-for-stm32.10.3-2021.10.win32_1.0.0.202111181127/tools/bin/../lib/gcc/arm-none-eabi/10.3.1/thumb/v7e-m+fp/hard\libgcc.a(_arm_muldf3.o)
 .debug_frame   0x0000000000000710       0xac c:/st/stm32cubeide_1.9.0/stm32cubeide/plugins/com.st.stm32cube.ide.mcu.externaltools.gnu-tools-for-stm32.10.3-2021.10.win32_1.0.0.202111181127/tools/bin/../lib/gcc/arm-none-eabi/10.3.1/thumb/v7e-m+fp/hard\libgcc.a(_arm_addsubdf3.o)
 .debug_frame   0x00000000000007bc       0x24 c:/st/stm32cubeide_1.9.0/stm32cubeide/plugins/com.st.stm32cube.ide.mcu.externaltools.gnu-tools-for-stm32.10.3-2021.10.win32_1.0.0.202111181127/tools/bin/../lib/gcc/arm-none-eabi/10.3.1/thumb/v7e-m+fp/hard\libgcc.a(_arm_truncdfsf2.o)
