Archive member included to satisfy reference by file (symbol)

c:/st/stm32cubeide_1.9.0/stm32cubeide/plugins/com.st.stm32cube.ide.mcu.externaltools.gnu-tools-for-stm32.10.3-2021.10.win32_1.0.0.202111181127/tools/bin/../lib/gcc/arm-none-eabi/10.3.1/../../../../arm-none-eabi/lib/thumb/v7e-m+fp/hard\libc_nano.a(lib_a-errno.o)
                              ./Src/syscalls.o (__errno)
c:/st/stm32cubeide_1.9.0/stm32cubeide/plugins/com.st.stm32cube.ide.mcu.externaltools.gnu-tools-for-stm32.10.3-2021.10.win32_1.0.0.202111181127/tools/bin/../lib/gcc/arm-none-eabi/10.3.1/../../../../arm-none-eabi/lib/thumb/v7e-m+fp/hard\libc_nano.a(lib_a-exit.o)
                              c:/st/stm32cubeide_1.9.0/stm32cubeide/plugins/com.st.stm32cube.ide.mcu.externaltools.gnu-tools-for-stm32.10.3-2021.10.win32_1.0.0.202111181127/tools/bin/../lib/gcc/arm-none-eabi/10.3.1/../../../../arm-none-eabi/lib/thumb/v7e-m+fp/hard/crt0.o (exit)
c:/st/stm32cubeide_1.9.0/stm32cubeide/plugins/com.st.stm32cube.ide.mcu.externaltools.gnu-tools-for-stm32.10.3-2021.10.win32_1.0.0.202111181127/tools/bin/../lib/gcc/arm-none-eabi/10.3.1/../../../../arm-none-eabi/lib/thumb/v7e-m+fp/hard\libc_nano.a(lib_a-impure.o)
                              c:/st/stm32cubeide_1.9.0/stm32cubeide/plugins/com.st.stm32cube.ide.mcu.externaltools.gnu-tools-for-stm32.10.3-2021.10.win32_1.0.0.202111181127/tools/bin/../lib/gcc/arm-none-eabi/10.3.1/../../../../arm-none-eabi/lib/thumb/v7e-m+fp/hard\libc_nano.a(lib_a-exit.o) (_global_impure_ptr)
c:/st/stm32cubeide_1.9.0/stm32cubeide/plugins/com.st.stm32cube.ide.mcu.externaltools.gnu-tools-for-stm32.10.3-2021.10.win32_1.0.0.202111181127/tools/bin/../lib/gcc/arm-none-eabi/10.3.1/../../../../arm-none-eabi/lib/thumb/v7e-m+fp/hard\libc_nano.a(lib_a-init.o)
                              c:/st/stm32cubeide_1.9.0/stm32cubeide/plugins/com.st.stm32cube.ide.mcu.externaltools.gnu-tools-for-stm32.10.3-2021.10.win32_1.0.0.202111181127/tools/bin/../lib/gcc/arm-none-eabi/10.3.1/../../../../arm-none-eabi/lib/thumb/v7e-m+fp/hard/crt0.o (__libc_init_array)
c:/st/stm32cubeide_1.9.0/stm32cubeide/plugins/com.st.stm32cube.ide.mcu.externaltools.gnu-tools-for-stm32.10.3-2021.10.win32_1.0.0.202111181127/tools/bin/../lib/gcc/arm-none-eabi/10.3.1/../../../../arm-none-eabi/lib/thumb/v7e-m+fp/hard\libc_nano.a(lib_a-memset.o)
                              c:/st/stm32cubeide_1.9.0/stm32cubeide/plugins/com.st.stm32cube.ide.mcu.externaltools.gnu-tools-for-stm32.10.3-2021.10.win32_1.0.0.202111181127/tools/bin/../lib/gcc/arm-none-eabi/10.3.1/../../../../arm-none-eabi/lib/thumb/v7e-m+fp/hard/crt0.o (memset)
c:/st/stm32cubeide_1.9.0/stm32cubeide/plugins/com.st.stm32cube.ide.mcu.externaltools.gnu-tools-for-stm32.10.3-2021.10.win32_1.0.0.202111181127/tools/bin/../lib/gcc/arm-none-eabi/10.3.1/../../../../arm-none-eabi/lib/thumb/v7e-m+fp/hard\libc_nano.a(lib_a-qsort.o)
                              ./Src/dsp.o (qsort)

Discarded input sections

 .text          0x0000000000000000        0x0 c:/st/stm32cubeide_1.9.0/stm32cubeide/plugins/com.st.stm32cube.ide.mcu.externaltools.gnu-tools-for-stm32.10.3-2021.10.win32_1.0.0.202111181127/tools/bin/../lib/gcc/arm-none-eabi/10.3.1/thumb/v7e-m+fp/hard/crti.o
 .data          0x0000000000000000        0x0 c:/st/stm32cubeide_1.9.0/stm32cubeide/plugins/com.st.stm32cube.ide.mcu.externaltools.gnu-tools-for-stm32.10.3-2021.10.win32_1.0.0.202111181127/tools/bin/../lib/gcc/arm-none-eabi/10.3.1/thumb/v7e-m+fp/hard/crti.o
 .bss           0x0000000000000000        0x0 c:/st/stm32cubeide_1.9.0/stm32cubeide/plugins/com.st.stm32cube.ide.mcu.externaltools.gnu-tools-for-stm32.10.3-2021.10.win32_1.0.0.202111181127/tools/bin/../lib/gcc/arm-none-eabi/10.3.1/thumb/v7e-m+fp/hard/crti.o
 .data          0x0000000000000000        0x4 c:/st/stm32cubeide_1.9.0/stm32cubeide/plugins/com.st.stm32cube.ide.mcu.externaltools.gnu-tools-for-stm32.10.3-2021.10.win32_1.0.0.202111181127/tools/bin/../lib/gcc/arm-none-eabi/10.3.1/thumb/v7e-m+fp/hard/crtbegin.o
 .rodata        0x0000000000000000       0x24 c:/st/stm32cubeide_1.9.0/stm32cubeide/plugins/com.st.stm32cube.ide.mcu.externaltools.gnu-tools-for-stm32.10.3-2021.10.win32_1.0.0.202111181127/tools/bin/../lib/gcc/arm-none-eabi/10.3.1/thumb/v7e-m+fp/hard/crtbegin.o
 .text          0x0000000000000000       0x7c c:/st/stm32cubeide_1.9.0/stm32cubeide/plugins/com.st.stm32cube.ide.mcu.externaltools.gnu-tools-for-stm32.10.3-2021.10.win32_1.0.0.202111181127/tools/bin/../lib/gcc/arm-none-eabi/10.3.1/../../../../arm-none-eabi/lib/thumb/v7e-m+fp/hard/crt0.o
 .data          0x0000000000000000        0x0 c:/st/stm32cubeide_1.9.0/stm32cubeide/plugins/com.st.stm32cube.ide.mcu.externaltools.gnu-tools-for-stm32.10.3-2021.10.win32_1.0.0.202111181127/tools/bin/../lib/gcc/arm-none-eabi/10.3.1/../../../../arm-none-eabi/lib/thumb/v7e-m+fp/hard/crt0.o
 .bss           0x0000000000000000        0x0 c:/st/stm32cubeide_1.9.0/stm32cubeide/plugins/com.st.stm32cube.ide.mcu.externaltools.gnu-tools-for-stm32.10.3-2021.10.win32_1.0.0.202111181127/tools/bin/../lib/gcc/arm-none-eabi/10.3.1/../../../../arm-none-eabi/lib/thumb/v7e-m+fp/hard/crt0.o
 .ARM.extab     0x0000000000000000        0x0 c:/st/stm32cubeide_1.9.0/stm32cubeide/plugins/com.st.stm32cube.ide.mcu.externaltools.gnu-tools-for-stm32.10.3-2021.10.win32_1.0.0.202111181127/tools/bin/../lib/gcc/arm-none-eabi/10.3.1/../../../../arm-none-eabi/lib/thumb/v7e-m+fp/hard/crt0.o
 .ARM.exidx     0x0000000000000000       0x10 c:/st/stm32cubeide_1.9.0/stm32cubeide/plugins/com.st.stm32cube.ide.mcu.externaltools.gnu-tools-for-stm32.10.3-2021.10.win32_1.0.0.202111181127/tools/bin/../lib/gcc/arm-none-eabi/10.3.1/../../../../arm-none-eabi/lib/thumb/v7e-m+fp/hard/crt0.o
 .ARM.attributes
                0x0000000000000000       0x1c c:/st/stm32cubeide_1.9.0/stm32cubeide/plugins/com.st.stm32cube.ide.mcu.externaltools.gnu-tools-for-stm32.10.3-2021.10.win32_1.0.0.202111181127/tools/bin/../lib/gcc/arm-none-eabi/10.3.1/../../../../arm-none-eabi/lib/thumb/v7e-m+fp/hard/crt0.o
 .group         0x0000000000000000        0xc ./Src/control.o
 .group         0x0000000000000000        0xc ./Src/control.o
 .group         0x0000000000000000        0xc ./Src/control.o
 .group         0x0000000000000000        0xc ./Src/control.o
 .group         0x0000000000000000        0xc ./Src/control.o
 .group         0x0000000000000000        0xc ./Src/control.o
 .group         0x0000000000000000        0xc ./Src/control.o
 .group         0x0000000000000000        0xc ./Src/control.o
 .group         0x0000000000000000        0xc ./Src/control.o
 .group         0x0000000000000000        0xc ./Src/control.o
 .group         0x0000000000000000        0xc ./Src/control.o
 .group         0x0000000000000000        0xc ./Src/control.o
 .group         0x0000000000000000        0xc ./Src/control.o
 .group         0x0000000000000000        0xc ./Src/control.o
 .group         0x0000000000000000        0xc ./Src/control.o
 .group         0x0000000000000000        0xc ./Src/control.o
 .group         0x0000000000000000        0xc ./Src/control.o
 .group         0x0000000000000000        0xc ./Src/control.o
 .group         0x0000000000000000        0xc ./Src/control.o
 .text          0x0000000000000000        0x0 ./Src/control.o
 .data          0x0000000000000000        0x0 ./Src/control.o
 .bss           0x0000000000000000        0x0 ./Src/control.o
 .bss.Boost_Control
                0x0000000000000000        0x0 ./Src/control.o
 .group         0x0000000000000000        0xc ./Src/dsp.o
 .group         0x0000000000000000        0xc ./Src/dsp.o
 .group         0x0000000000000000        0xc ./Src/dsp.o
 .group         0x0000000000000000        0xc ./Src/dsp.o
 .group         0x0000000000000000        0xc ./Src/dsp.o
 .group         0x0000000000000000        0xc ./Src/dsp.o
 .group         0x0000000000000000        0xc ./Src/dsp.o
 .group         0x0000000000000000        0xc ./Src/dsp.o
 .group         0x0000000000000000        0xc ./Src/dsp.o
 .group         0x0000000000000000        0xc ./Src/dsp.o
 .group         0x0000000000000000        0xc ./Src/dsp.o
 .group         0x0000000000000000        0xc ./Src/dsp.o
 .group         0x0000000000000000        0xc ./Src/dsp.o
 .group         0x0000000000000000        0xc ./Src/dsp.o
 .group         0x0000000000000000        0xc ./Src/dsp.o
 .group         0x0000000000000000        0xc ./Src/dsp.o
 .group         0x0000000000000000        0xc ./Src/dsp.o
 .group         0x0000000000000000        0xc ./Src/dsp.o
 .group         0x0000000000000000        0xc ./Src/dsp.o
 .group         0x0000000000000000        0xc ./Src/dsp.o
 .group         0x0000000000000000        0xc ./Src/dsp.o
 .group         0x0000000000000000        0xc ./Src/dsp.o
 .group         0x0000000000000000        0xc ./Src/dsp.o
 .group         0x0000000000000000        0xc ./Src/dsp.o
 .group         0x0000000000000000        0xc ./Src/dsp.o
 .group         0x0000000000000000        0xc ./Src/dsp.o
 .group         0x0000000000000000        0xc ./Src/dsp.o
 .group         0x0000000000000000        0xc ./Src/dsp.o
 .group         0x0000000000000000        0xc ./Src/dsp.o
 .group         0x0000000000000000        0xc ./Src/dsp.o
 .group         0x0000000000000000        0xc ./Src/dsp.o
 .group         0x0000000000000000        0xc ./Src/dsp.o
 .group         0x0000000000000000        0xc ./Src/dsp.o
 .group         0x0000000000000000        0xc ./Src/dsp.o
 .group         0x0000000000000000        0xc ./Src/dsp.o
 .group         0x0000000000000000        0xc ./Src/dsp.o
 .text          0x0000000000000000        0x0 ./Src/dsp.o
 .data          0x0000000000000000        0x0 ./Src/dsp.o
 .bss           0x0000000000000000        0x0 ./Src/dsp.o
 .bss.FILTER_MOV
                0x0000000000000000      0x7d8 ./Src/dsp.o
 .bss.FILTER_MFF
                0x0000000000000000      0x7d8 ./Src/dsp.o
 .text.MovingFloatFilter
                0x0000000000000000       0x94 ./Src/dsp.o
 .text.cmp      0x0000000000000000       0x2e ./Src/dsp.o
 .text.MedianFloatFilter
                0x0000000000000000       0xa4 ./Src/dsp.o
 .debug_macro   0x0000000000000000      0xa84 ./Src/dsp.o
 .debug_macro   0x0000000000000000       0x28 ./Src/dsp.o
 .debug_macro   0x0000000000000000       0x3b ./Src/dsp.o
 .debug_macro   0x0000000000000000       0x22 ./Src/dsp.o
 .debug_macro   0x0000000000000000       0x8e ./Src/dsp.o
 .debug_macro   0x0000000000000000       0x51 ./Src/dsp.o
 .debug_macro   0x0000000000000000      0x103 ./Src/dsp.o
 .debug_macro   0x0000000000000000       0x6a ./Src/dsp.o
 .debug_macro   0x0000000000000000      0x1df ./Src/dsp.o
 .debug_macro   0x0000000000000000       0x1c ./Src/dsp.o
 .debug_macro   0x0000000000000000       0x22 ./Src/dsp.o
 .debug_macro   0x0000000000000000       0xd9 ./Src/dsp.o
 .debug_macro   0x0000000000000000     0x12cd ./Src/dsp.o
 .debug_macro   0x0000000000000000      0x11f ./Src/dsp.o
 .debug_macro   0x0000000000000000       0x19 ./Src/dsp.o
 .debug_macro   0x0000000000000000    0x1920a ./Src/dsp.o
 .debug_macro   0x0000000000000000       0x6d ./Src/dsp.o
 .debug_macro   0x0000000000000000       0x22 ./Src/dsp.o
 .group         0x0000000000000000        0xc ./Src/main.o
 .group         0x0000000000000000        0xc ./Src/main.o
 .group         0x0000000000000000        0xc ./Src/main.o
 .group         0x0000000000000000        0xc ./Src/main.o
 .group         0x0000000000000000        0xc ./Src/main.o
 .group         0x0000000000000000        0xc ./Src/main.o
 .group         0x0000000000000000        0xc ./Src/main.o
 .group         0x0000000000000000        0xc ./Src/main.o
 .group         0x0000000000000000        0xc ./Src/main.o
 .group         0x0000000000000000        0xc ./Src/main.o
 .group         0x0000000000000000        0xc ./Src/main.o
 .group         0x0000000000000000        0xc ./Src/main.o
 .group         0x0000000000000000        0xc ./Src/main.o
 .group         0x0000000000000000        0xc ./Src/main.o
 .group         0x0000000000000000        0xc ./Src/main.o
 .group         0x0000000000000000        0xc ./Src/main.o
 .group         0x0000000000000000        0xc ./Src/main.o
 .group         0x0000000000000000        0xc ./Src/main.o
 .text          0x0000000000000000        0x0 ./Src/main.o
 .data          0x0000000000000000        0x0 ./Src/main.o
 .bss           0x0000000000000000        0x0 ./Src/main.o
 .debug_macro   0x0000000000000000      0xa84 ./Src/main.o
 .debug_macro   0x0000000000000000       0x22 ./Src/main.o
 .debug_macro   0x0000000000000000       0x8e ./Src/main.o
 .debug_macro   0x0000000000000000       0x51 ./Src/main.o
 .debug_macro   0x0000000000000000      0x103 ./Src/main.o
 .debug_macro   0x0000000000000000       0x6a ./Src/main.o
 .debug_macro   0x0000000000000000      0x1df ./Src/main.o
 .debug_macro   0x0000000000000000       0x28 ./Src/main.o
 .debug_macro   0x0000000000000000       0x3b ./Src/main.o
 .debug_macro   0x0000000000000000       0x1c ./Src/main.o
 .debug_macro   0x0000000000000000       0x22 ./Src/main.o
 .debug_macro   0x0000000000000000       0xd9 ./Src/main.o
 .debug_macro   0x0000000000000000     0x12cd ./Src/main.o
 .debug_macro   0x0000000000000000      0x11f ./Src/main.o
 .debug_macro   0x0000000000000000       0x19 ./Src/main.o
 .debug_macro   0x0000000000000000    0x1920a ./Src/main.o
 .debug_macro   0x0000000000000000       0x6d ./Src/main.o
 .debug_macro   0x0000000000000000       0x10 ./Src/main.o
 .group         0x0000000000000000        0xc ./Src/syscalls.o
 .group         0x0000000000000000        0xc ./Src/syscalls.o
 .group         0x0000000000000000        0xc ./Src/syscalls.o
 .group         0x0000000000000000        0xc ./Src/syscalls.o
 .group         0x0000000000000000        0xc ./Src/syscalls.o
 .group         0x0000000000000000        0xc ./Src/syscalls.o
 .group         0x0000000000000000        0xc ./Src/syscalls.o
 .group         0x0000000000000000        0xc ./Src/syscalls.o
 .group         0x0000000000000000        0xc ./Src/syscalls.o
 .group         0x0000000000000000        0xc ./Src/syscalls.o
 .group         0x0000000000000000        0xc ./Src/syscalls.o
 .group         0x0000000000000000        0xc ./Src/syscalls.o
 .group         0x0000000000000000        0xc ./Src/syscalls.o
 .group         0x0000000000000000        0xc ./Src/syscalls.o
 .group         0x0000000000000000        0xc ./Src/syscalls.o
 .group         0x0000000000000000        0xc ./Src/syscalls.o
 .group         0x0000000000000000        0xc ./Src/syscalls.o
 .group         0x0000000000000000        0xc ./Src/syscalls.o
 .group         0x0000000000000000        0xc ./Src/syscalls.o
 .group         0x0000000000000000        0xc ./Src/syscalls.o
 .group         0x0000000000000000        0xc ./Src/syscalls.o
 .group         0x0000000000000000        0xc ./Src/syscalls.o
 .group         0x0000000000000000        0xc ./Src/syscalls.o
 .group         0x0000000000000000        0xc ./Src/syscalls.o
 .group         0x0000000000000000        0xc ./Src/syscalls.o
 .group         0x0000000000000000        0xc ./Src/syscalls.o
 .group         0x0000000000000000        0xc ./Src/syscalls.o
 .group         0x0000000000000000        0xc ./Src/syscalls.o
 .group         0x0000000000000000        0xc ./Src/syscalls.o
 .group         0x0000000000000000        0xc ./Src/syscalls.o
 .group         0x0000000000000000        0xc ./Src/syscalls.o
 .group         0x0000000000000000        0xc ./Src/syscalls.o
 .group         0x0000000000000000        0xc ./Src/syscalls.o
 .group         0x0000000000000000        0xc ./Src/syscalls.o
 .group         0x0000000000000000        0xc ./Src/syscalls.o
 .group         0x0000000000000000        0xc ./Src/syscalls.o
 .group         0x0000000000000000        0xc ./Src/syscalls.o
 .group         0x0000000000000000        0xc ./Src/syscalls.o
 .group         0x0000000000000000        0xc ./Src/syscalls.o
 .group         0x0000000000000000        0xc ./Src/syscalls.o
 .group         0x0000000000000000        0xc ./Src/syscalls.o
 .group         0x0000000000000000        0xc ./Src/syscalls.o
 .group         0x0000000000000000        0xc ./Src/syscalls.o
 .group         0x0000000000000000        0xc ./Src/syscalls.o
 .group         0x0000000000000000        0xc ./Src/syscalls.o
 .group         0x0000000000000000        0xc ./Src/syscalls.o
 .group         0x0000000000000000        0xc ./Src/syscalls.o
 .text          0x0000000000000000        0x0 ./Src/syscalls.o
 .data          0x0000000000000000        0x0 ./Src/syscalls.o
 .bss           0x0000000000000000        0x0 ./Src/syscalls.o
 .bss.__env     0x0000000000000000        0x4 ./Src/syscalls.o
 .data.environ  0x0000000000000000        0x4 ./Src/syscalls.o
 .text.initialise_monitor_handles
                0x0000000000000000        0xe ./Src/syscalls.o
 .text._getpid  0x0000000000000000       0x10 ./Src/syscalls.o
 .text._kill    0x0000000000000000       0x20 ./Src/syscalls.o
 .text._exit    0x0000000000000000       0x14 ./Src/syscalls.o
 .text._read    0x0000000000000000       0x3a ./Src/syscalls.o
 .text._write   0x0000000000000000       0x38 ./Src/syscalls.o
 .text._close   0x0000000000000000       0x18 ./Src/syscalls.o
 .text._fstat   0x0000000000000000       0x20 ./Src/syscalls.o
 .text._isatty  0x0000000000000000       0x16 ./Src/syscalls.o
 .text._lseek   0x0000000000000000       0x1a ./Src/syscalls.o
 .text._open    0x0000000000000000       0x1c ./Src/syscalls.o
 .text._wait    0x0000000000000000       0x1e ./Src/syscalls.o
 .text._unlink  0x0000000000000000       0x1e ./Src/syscalls.o
 .text._times   0x0000000000000000       0x18 ./Src/syscalls.o
 .text._stat    0x0000000000000000       0x20 ./Src/syscalls.o
 .text._link    0x0000000000000000       0x20 ./Src/syscalls.o
 .text._fork    0x0000000000000000       0x16 ./Src/syscalls.o
 .text._execve  0x0000000000000000       0x22 ./Src/syscalls.o
 .debug_info    0x0000000000000000      0x6e0 ./Src/syscalls.o
 .debug_abbrev  0x0000000000000000      0x1b3 ./Src/syscalls.o
 .debug_aranges
                0x0000000000000000       0xa8 ./Src/syscalls.o
 .debug_ranges  0x0000000000000000       0x98 ./Src/syscalls.o
 .debug_macro   0x0000000000000000      0x24c ./Src/syscalls.o
 .debug_macro   0x0000000000000000      0xa84 ./Src/syscalls.o
 .debug_macro   0x0000000000000000       0x22 ./Src/syscalls.o
 .debug_macro   0x0000000000000000       0x4c ./Src/syscalls.o
 .debug_macro   0x0000000000000000       0x1e ./Src/syscalls.o
 .debug_macro   0x0000000000000000       0x94 ./Src/syscalls.o
 .debug_macro   0x0000000000000000       0x3c ./Src/syscalls.o
 .debug_macro   0x0000000000000000       0x34 ./Src/syscalls.o
 .debug_macro   0x0000000000000000       0x57 ./Src/syscalls.o
 .debug_macro   0x0000000000000000      0x174 ./Src/syscalls.o
 .debug_macro   0x0000000000000000      0x341 ./Src/syscalls.o
 .debug_macro   0x0000000000000000       0x16 ./Src/syscalls.o
 .debug_macro   0x0000000000000000       0x43 ./Src/syscalls.o
 .debug_macro   0x0000000000000000       0x34 ./Src/syscalls.o
 .debug_macro   0x0000000000000000       0x10 ./Src/syscalls.o
 .debug_macro   0x0000000000000000       0x58 ./Src/syscalls.o
 .debug_macro   0x0000000000000000       0x71 ./Src/syscalls.o
 .debug_macro   0x0000000000000000       0x1c ./Src/syscalls.o
 .debug_macro   0x0000000000000000      0x12a ./Src/syscalls.o
 .debug_macro   0x0000000000000000       0x10 ./Src/syscalls.o
 .debug_macro   0x0000000000000000       0x35 ./Src/syscalls.o
 .debug_macro   0x0000000000000000       0x10 ./Src/syscalls.o
 .debug_macro   0x0000000000000000       0x10 ./Src/syscalls.o
 .debug_macro   0x0000000000000000       0x10 ./Src/syscalls.o
 .debug_macro   0x0000000000000000       0x6a ./Src/syscalls.o
 .debug_macro   0x0000000000000000       0x1c ./Src/syscalls.o
 .debug_macro   0x0000000000000000       0x52 ./Src/syscalls.o
 .debug_macro   0x0000000000000000       0x22 ./Src/syscalls.o
 .debug_macro   0x0000000000000000       0x10 ./Src/syscalls.o
 .debug_macro   0x0000000000000000       0x52 ./Src/syscalls.o
 .debug_macro   0x0000000000000000       0xd5 ./Src/syscalls.o
 .debug_macro   0x0000000000000000       0x1c ./Src/syscalls.o
 .debug_macro   0x0000000000000000       0x3d ./Src/syscalls.o
 .debug_macro   0x0000000000000000       0x35 ./Src/syscalls.o
 .debug_macro   0x0000000000000000      0x12c ./Src/syscalls.o
 .debug_macro   0x0000000000000000       0x16 ./Src/syscalls.o
 .debug_macro   0x0000000000000000       0x16 ./Src/syscalls.o
 .debug_macro   0x0000000000000000       0x29 ./Src/syscalls.o
 .debug_macro   0x0000000000000000       0x10 ./Src/syscalls.o
 .debug_macro   0x0000000000000000      0x241 ./Src/syscalls.o
 .debug_macro   0x0000000000000000       0x1c ./Src/syscalls.o
 .debug_macro   0x0000000000000000       0x10 ./Src/syscalls.o
 .debug_macro   0x0000000000000000       0x10 ./Src/syscalls.o
 .debug_macro   0x0000000000000000       0x16 ./Src/syscalls.o
 .debug_macro   0x0000000000000000      0x145 ./Src/syscalls.o
 .debug_macro   0x0000000000000000      0x189 ./Src/syscalls.o
 .debug_macro   0x0000000000000000       0x16 ./Src/syscalls.o
 .debug_macro   0x0000000000000000       0xce ./Src/syscalls.o
 .debug_line    0x0000000000000000      0x7ea ./Src/syscalls.o
 .debug_str     0x0000000000000000     0x8a8e ./Src/syscalls.o
 .comment       0x0000000000000000       0x51 ./Src/syscalls.o
 .debug_frame   0x0000000000000000      0x2ac ./Src/syscalls.o
 .ARM.attributes
                0x0000000000000000       0x34 ./Src/syscalls.o
 .group         0x0000000000000000        0xc ./Src/sysmem.o
 .group         0x0000000000000000        0xc ./Src/sysmem.o
 .group         0x0000000000000000        0xc ./Src/sysmem.o
 .group         0x0000000000000000        0xc ./Src/sysmem.o
 .group         0x0000000000000000        0xc ./Src/sysmem.o
 .group         0x0000000000000000        0xc ./Src/sysmem.o
 .group         0x0000000000000000        0xc ./Src/sysmem.o
 .group         0x0000000000000000        0xc ./Src/sysmem.o
 .group         0x0000000000000000        0xc ./Src/sysmem.o
 .group         0x0000000000000000        0xc ./Src/sysmem.o
 .group         0x0000000000000000        0xc ./Src/sysmem.o
 .group         0x0000000000000000        0xc ./Src/sysmem.o
 .group         0x0000000000000000        0xc ./Src/sysmem.o
 .group         0x0000000000000000        0xc ./Src/sysmem.o
 .group         0x0000000000000000        0xc ./Src/sysmem.o
 .group         0x0000000000000000        0xc ./Src/sysmem.o
 .group         0x0000000000000000        0xc ./Src/sysmem.o
 .group         0x0000000000000000        0xc ./Src/sysmem.o
 .group         0x0000000000000000        0xc ./Src/sysmem.o
 .group         0x0000000000000000        0xc ./Src/sysmem.o
 .group         0x0000000000000000        0xc ./Src/sysmem.o
 .group         0x0000000000000000        0xc ./Src/sysmem.o
 .text          0x0000000000000000        0x0 ./Src/sysmem.o
 .data          0x0000000000000000        0x0 ./Src/sysmem.o
 .bss           0x0000000000000000        0x0 ./Src/sysmem.o
 .bss.__sbrk_heap_end
                0x0000000000000000        0x4 ./Src/sysmem.o
 .text._sbrk    0x0000000000000000       0x6c ./Src/sysmem.o
 .debug_info    0x0000000000000000      0x171 ./Src/sysmem.o
 .debug_abbrev  0x0000000000000000       0xbb ./Src/sysmem.o
 .debug_aranges
                0x0000000000000000       0x20 ./Src/sysmem.o
 .debug_ranges  0x0000000000000000       0x10 ./Src/sysmem.o
 .debug_macro   0x0000000000000000       0xff ./Src/sysmem.o
 .debug_macro   0x0000000000000000      0xa84 ./Src/sysmem.o
 .debug_macro   0x0000000000000000       0x10 ./Src/sysmem.o
 .debug_macro   0x0000000000000000       0x22 ./Src/sysmem.o
 .debug_macro   0x0000000000000000       0x4c ./Src/sysmem.o
 .debug_macro   0x0000000000000000       0x1e ./Src/sysmem.o
 .debug_macro   0x0000000000000000       0x94 ./Src/sysmem.o
 .debug_macro   0x0000000000000000       0x3c ./Src/sysmem.o
 .debug_macro   0x0000000000000000       0x34 ./Src/sysmem.o
 .debug_macro   0x0000000000000000      0x174 ./Src/sysmem.o
 .debug_macro   0x0000000000000000       0x16 ./Src/sysmem.o
 .debug_macro   0x0000000000000000       0x43 ./Src/sysmem.o
 .debug_macro   0x0000000000000000       0x57 ./Src/sysmem.o
 .debug_macro   0x0000000000000000       0x34 ./Src/sysmem.o
 .debug_macro   0x0000000000000000       0x10 ./Src/sysmem.o
 .debug_macro   0x0000000000000000       0x58 ./Src/sysmem.o
 .debug_macro   0x0000000000000000       0x71 ./Src/sysmem.o
 .debug_macro   0x0000000000000000       0x1c ./Src/sysmem.o
 .debug_macro   0x0000000000000000      0x12a ./Src/sysmem.o
 .debug_macro   0x0000000000000000      0x23b ./Src/sysmem.o
 .debug_macro   0x0000000000000000      0x103 ./Src/sysmem.o
 .debug_macro   0x0000000000000000       0x6a ./Src/sysmem.o
 .debug_macro   0x0000000000000000      0x1df ./Src/sysmem.o
 .debug_line    0x0000000000000000      0x4e0 ./Src/sysmem.o
 .debug_str     0x0000000000000000     0x5dca ./Src/sysmem.o
 .comment       0x0000000000000000       0x51 ./Src/sysmem.o
 .debug_frame   0x0000000000000000       0x34 ./Src/sysmem.o
 .ARM.attributes
                0x0000000000000000       0x34 ./Src/sysmem.o
 .group         0x0000000000000000        0xc ./Src/system_stm32f7xx.o
 .group         0x0000000000000000        0xc ./Src/system_stm32f7xx.o
 .group         0x0000000000000000        0xc ./Src/system_stm32f7xx.o
 .group         0x0000000000000000        0xc ./Src/system_stm32f7xx.o
 .group         0x0000000000000000        0xc ./Src/system_stm32f7xx.o
 .group         0x0000000000000000        0xc ./Src/system_stm32f7xx.o
 .group         0x0000000000000000        0xc ./Src/system_stm32f7xx.o
 .group         0x0000000000000000        0xc ./Src/system_stm32f7xx.o
 .group         0x0000000000000000        0xc ./Src/system_stm32f7xx.o
 .group         0x0000000000000000        0xc ./Src/system_stm32f7xx.o
 .group         0x0000000000000000        0xc ./Src/system_stm32f7xx.o
 .group         0x0000000000000000        0xc ./Src/system_stm32f7xx.o
 .group         0x0000000000000000        0xc ./Src/system_stm32f7xx.o
 .group         0x0000000000000000        0xc ./Src/system_stm32f7xx.o
 .group         0x0000000000000000        0xc ./Src/system_stm32f7xx.o
 .group         0x0000000000000000        0xc ./Src/system_stm32f7xx.o
 .group         0x0000000000000000        0xc ./Src/system_stm32f7xx.o
 .text          0x0000000000000000        0x0 ./Src/system_stm32f7xx.o
 .data          0x0000000000000000        0x0 ./Src/system_stm32f7xx.o
 .bss           0x0000000000000000        0x0 ./Src/system_stm32f7xx.o
 .rodata.APBPrescTable
                0x0000000000000000        0x8 ./Src/system_stm32f7xx.o
 .debug_macro   0x0000000000000000      0xa84 ./Src/system_stm32f7xx.o
 .debug_macro   0x0000000000000000       0x28 ./Src/system_stm32f7xx.o
 .debug_macro   0x0000000000000000       0x3b ./Src/system_stm32f7xx.o
 .debug_macro   0x0000000000000000       0x22 ./Src/system_stm32f7xx.o
 .debug_macro   0x0000000000000000       0x8e ./Src/system_stm32f7xx.o
 .debug_macro   0x0000000000000000       0x51 ./Src/system_stm32f7xx.o
 .debug_macro   0x0000000000000000      0x103 ./Src/system_stm32f7xx.o
 .debug_macro   0x0000000000000000       0x6a ./Src/system_stm32f7xx.o
 .debug_macro   0x0000000000000000      0x1df ./Src/system_stm32f7xx.o
 .debug_macro   0x0000000000000000       0x1c ./Src/system_stm32f7xx.o
 .debug_macro   0x0000000000000000       0x22 ./Src/system_stm32f7xx.o
 .debug_macro   0x0000000000000000       0xd9 ./Src/system_stm32f7xx.o
 .debug_macro   0x0000000000000000     0x12cd ./Src/system_stm32f7xx.o
 .debug_macro   0x0000000000000000      0x11f ./Src/system_stm32f7xx.o
 .debug_macro   0x0000000000000000       0x19 ./Src/system_stm32f7xx.o
 .debug_macro   0x0000000000000000    0x1920a ./Src/system_stm32f7xx.o
 .debug_macro   0x0000000000000000       0x6d ./Src/system_stm32f7xx.o
 .group         0x0000000000000000        0xc ./Src/periph/adc.o
 .group         0x0000000000000000        0xc ./Src/periph/adc.o
 .group         0x0000000000000000        0xc ./Src/periph/adc.o
 .group         0x0000000000000000        0xc ./Src/periph/adc.o
 .group         0x0000000000000000        0xc ./Src/periph/adc.o
 .group         0x0000000000000000        0xc ./Src/periph/adc.o
 .group         0x0000000000000000        0xc ./Src/periph/adc.o
 .group         0x0000000000000000        0xc ./Src/periph/adc.o
 .group         0x0000000000000000        0xc ./Src/periph/adc.o
 .group         0x0000000000000000        0xc ./Src/periph/adc.o
 .group         0x0000000000000000        0xc ./Src/periph/adc.o
 .group         0x0000000000000000        0xc ./Src/periph/adc.o
 .group         0x0000000000000000        0xc ./Src/periph/adc.o
 .group         0x0000000000000000        0xc ./Src/periph/adc.o
 .group         0x0000000000000000        0xc ./Src/periph/adc.o
 .group         0x0000000000000000        0xc ./Src/periph/adc.o
 .group         0x0000000000000000        0xc ./Src/periph/adc.o
 .text          0x0000000000000000        0x0 ./Src/periph/adc.o
 .data          0x0000000000000000        0x0 ./Src/periph/adc.o
 .bss           0x0000000000000000        0x0 ./Src/periph/adc.o
 .debug_macro   0x0000000000000000      0xa84 ./Src/periph/adc.o
 .debug_macro   0x0000000000000000       0x28 ./Src/periph/adc.o
 .debug_macro   0x0000000000000000       0x3b ./Src/periph/adc.o
 .debug_macro   0x0000000000000000       0x22 ./Src/periph/adc.o
 .debug_macro   0x0000000000000000       0x8e ./Src/periph/adc.o
 .debug_macro   0x0000000000000000       0x51 ./Src/periph/adc.o
 .debug_macro   0x0000000000000000      0x103 ./Src/periph/adc.o
 .debug_macro   0x0000000000000000       0x6a ./Src/periph/adc.o
 .debug_macro   0x0000000000000000      0x1df ./Src/periph/adc.o
 .debug_macro   0x0000000000000000       0x1c ./Src/periph/adc.o
 .debug_macro   0x0000000000000000       0x22 ./Src/periph/adc.o
 .debug_macro   0x0000000000000000       0xd9 ./Src/periph/adc.o
 .debug_macro   0x0000000000000000     0x12cd ./Src/periph/adc.o
 .debug_macro   0x0000000000000000      0x11f ./Src/periph/adc.o
 .debug_macro   0x0000000000000000       0x19 ./Src/periph/adc.o
 .debug_macro   0x0000000000000000    0x1920a ./Src/periph/adc.o
 .debug_macro   0x0000000000000000       0x6d ./Src/periph/adc.o
 .group         0x0000000000000000        0xc ./Src/periph/dac.o
 .group         0x0000000000000000        0xc ./Src/periph/dac.o
 .group         0x0000000000000000        0xc ./Src/periph/dac.o
 .group         0x0000000000000000        0xc ./Src/periph/dac.o
 .group         0x0000000000000000        0xc ./Src/periph/dac.o
 .group         0x0000000000000000        0xc ./Src/periph/dac.o
 .group         0x0000000000000000        0xc ./Src/periph/dac.o
 .group         0x0000000000000000        0xc ./Src/periph/dac.o
 .group         0x0000000000000000        0xc ./Src/periph/dac.o
 .group         0x0000000000000000        0xc ./Src/periph/dac.o
 .group         0x0000000000000000        0xc ./Src/periph/dac.o
 .group         0x0000000000000000        0xc ./Src/periph/dac.o
 .group         0x0000000000000000        0xc ./Src/periph/dac.o
 .group         0x0000000000000000        0xc ./Src/periph/dac.o
 .group         0x0000000000000000        0xc ./Src/periph/dac.o
 .group         0x0000000000000000        0xc ./Src/periph/dac.o
 .group         0x0000000000000000        0xc ./Src/periph/dac.o
 .text          0x0000000000000000        0x0 ./Src/periph/dac.o
 .data          0x0000000000000000        0x0 ./Src/periph/dac.o
 .bss           0x0000000000000000        0x0 ./Src/periph/dac.o
 .debug_macro   0x0000000000000000      0xa84 ./Src/periph/dac.o
 .debug_macro   0x0000000000000000       0x28 ./Src/periph/dac.o
 .debug_macro   0x0000000000000000       0x3b ./Src/periph/dac.o
 .debug_macro   0x0000000000000000       0x22 ./Src/periph/dac.o
 .debug_macro   0x0000000000000000       0x8e ./Src/periph/dac.o
 .debug_macro   0x0000000000000000       0x51 ./Src/periph/dac.o
 .debug_macro   0x0000000000000000      0x103 ./Src/periph/dac.o
 .debug_macro   0x0000000000000000       0x6a ./Src/periph/dac.o
 .debug_macro   0x0000000000000000      0x1df ./Src/periph/dac.o
 .debug_macro   0x0000000000000000       0x1c ./Src/periph/dac.o
 .debug_macro   0x0000000000000000       0x22 ./Src/periph/dac.o
 .debug_macro   0x0000000000000000       0xd9 ./Src/periph/dac.o
 .debug_macro   0x0000000000000000     0x12cd ./Src/periph/dac.o
 .debug_macro   0x0000000000000000      0x11f ./Src/periph/dac.o
 .debug_macro   0x0000000000000000       0x19 ./Src/periph/dac.o
 .debug_macro   0x0000000000000000    0x1920a ./Src/periph/dac.o
 .debug_macro   0x0000000000000000       0x6d ./Src/periph/dac.o
 .group         0x0000000000000000        0xc ./Src/periph/dma.o
 .group         0x0000000000000000        0xc ./Src/periph/dma.o
 .group         0x0000000000000000        0xc ./Src/periph/dma.o
 .group         0x0000000000000000        0xc ./Src/periph/dma.o
 .group         0x0000000000000000        0xc ./Src/periph/dma.o
 .group         0x0000000000000000        0xc ./Src/periph/dma.o
 .group         0x0000000000000000        0xc ./Src/periph/dma.o
 .group         0x0000000000000000        0xc ./Src/periph/dma.o
 .group         0x0000000000000000        0xc ./Src/periph/dma.o
 .group         0x0000000000000000        0xc ./Src/periph/dma.o
 .group         0x0000000000000000        0xc ./Src/periph/dma.o
 .group         0x0000000000000000        0xc ./Src/periph/dma.o
 .group         0x0000000000000000        0xc ./Src/periph/dma.o
 .group         0x0000000000000000        0xc ./Src/periph/dma.o
 .group         0x0000000000000000        0xc ./Src/periph/dma.o
 .group         0x0000000000000000        0xc ./Src/periph/dma.o
 .group         0x0000000000000000        0xc ./Src/periph/dma.o
 .text          0x0000000000000000        0x0 ./Src/periph/dma.o
 .data          0x0000000000000000        0x0 ./Src/periph/dma.o
 .bss           0x0000000000000000        0x0 ./Src/periph/dma.o
 .debug_macro   0x0000000000000000      0xa84 ./Src/periph/dma.o
 .debug_macro   0x0000000000000000       0x28 ./Src/periph/dma.o
 .debug_macro   0x0000000000000000       0x3b ./Src/periph/dma.o
 .debug_macro   0x0000000000000000       0x22 ./Src/periph/dma.o
 .debug_macro   0x0000000000000000       0x8e ./Src/periph/dma.o
 .debug_macro   0x0000000000000000       0x51 ./Src/periph/dma.o
 .debug_macro   0x0000000000000000      0x103 ./Src/periph/dma.o
 .debug_macro   0x0000000000000000       0x6a ./Src/periph/dma.o
 .debug_macro   0x0000000000000000      0x1df ./Src/periph/dma.o
 .debug_macro   0x0000000000000000       0x1c ./Src/periph/dma.o
 .debug_macro   0x0000000000000000       0x22 ./Src/periph/dma.o
 .debug_macro   0x0000000000000000       0xd9 ./Src/periph/dma.o
 .debug_macro   0x0000000000000000     0x12cd ./Src/periph/dma.o
 .debug_macro   0x0000000000000000      0x11f ./Src/periph/dma.o
 .debug_macro   0x0000000000000000       0x19 ./Src/periph/dma.o
 .debug_macro   0x0000000000000000    0x1920a ./Src/periph/dma.o
 .debug_macro   0x0000000000000000       0x6d ./Src/periph/dma.o
 .group         0x0000000000000000        0xc ./Src/periph/gpio.o
 .group         0x0000000000000000        0xc ./Src/periph/gpio.o
 .group         0x0000000000000000        0xc ./Src/periph/gpio.o
 .group         0x0000000000000000        0xc ./Src/periph/gpio.o
 .group         0x0000000000000000        0xc ./Src/periph/gpio.o
 .group         0x0000000000000000        0xc ./Src/periph/gpio.o
 .group         0x0000000000000000        0xc ./Src/periph/gpio.o
 .group         0x0000000000000000        0xc ./Src/periph/gpio.o
 .group         0x0000000000000000        0xc ./Src/periph/gpio.o
 .group         0x0000000000000000        0xc ./Src/periph/gpio.o
 .group         0x0000000000000000        0xc ./Src/periph/gpio.o
 .group         0x0000000000000000        0xc ./Src/periph/gpio.o
 .group         0x0000000000000000        0xc ./Src/periph/gpio.o
 .group         0x0000000000000000        0xc ./Src/periph/gpio.o
 .group         0x0000000000000000        0xc ./Src/periph/gpio.o
 .group         0x0000000000000000        0xc ./Src/periph/gpio.o
 .group         0x0000000000000000        0xc ./Src/periph/gpio.o
 .text          0x0000000000000000        0x0 ./Src/periph/gpio.o
 .data          0x0000000000000000        0x0 ./Src/periph/gpio.o
 .bss           0x0000000000000000        0x0 ./Src/periph/gpio.o
 .debug_macro   0x0000000000000000      0xa84 ./Src/periph/gpio.o
 .debug_macro   0x0000000000000000       0x28 ./Src/periph/gpio.o
 .debug_macro   0x0000000000000000       0x3b ./Src/periph/gpio.o
 .debug_macro   0x0000000000000000       0x22 ./Src/periph/gpio.o
 .debug_macro   0x0000000000000000       0x8e ./Src/periph/gpio.o
 .debug_macro   0x0000000000000000       0x51 ./Src/periph/gpio.o
 .debug_macro   0x0000000000000000      0x103 ./Src/periph/gpio.o
 .debug_macro   0x0000000000000000       0x6a ./Src/periph/gpio.o
 .debug_macro   0x0000000000000000      0x1df ./Src/periph/gpio.o
 .debug_macro   0x0000000000000000       0x1c ./Src/periph/gpio.o
 .debug_macro   0x0000000000000000       0x22 ./Src/periph/gpio.o
 .debug_macro   0x0000000000000000       0xd9 ./Src/periph/gpio.o
 .debug_macro   0x0000000000000000     0x12cd ./Src/periph/gpio.o
 .debug_macro   0x0000000000000000      0x11f ./Src/periph/gpio.o
 .debug_macro   0x0000000000000000       0x19 ./Src/periph/gpio.o
 .debug_macro   0x0000000000000000    0x1920a ./Src/periph/gpio.o
 .debug_macro   0x0000000000000000       0x6d ./Src/periph/gpio.o
 .group         0x0000000000000000        0xc ./Src/periph/interrupt.o
 .group         0x0000000000000000        0xc ./Src/periph/interrupt.o
 .group         0x0000000000000000        0xc ./Src/periph/interrupt.o
 .group         0x0000000000000000        0xc ./Src/periph/interrupt.o
 .group         0x0000000000000000        0xc ./Src/periph/interrupt.o
 .group         0x0000000000000000        0xc ./Src/periph/interrupt.o
 .group         0x0000000000000000        0xc ./Src/periph/interrupt.o
 .group         0x0000000000000000        0xc ./Src/periph/interrupt.o
 .group         0x0000000000000000        0xc ./Src/periph/interrupt.o
 .group         0x0000000000000000        0xc ./Src/periph/interrupt.o
 .group         0x0000000000000000        0xc ./Src/periph/interrupt.o
 .group         0x0000000000000000        0xc ./Src/periph/interrupt.o
 .group         0x0000000000000000        0xc ./Src/periph/interrupt.o
 .group         0x0000000000000000        0xc ./Src/periph/interrupt.o
 .group         0x0000000000000000        0xc ./Src/periph/interrupt.o
 .group         0x0000000000000000        0xc ./Src/periph/interrupt.o
 .group         0x0000000000000000        0xc ./Src/periph/interrupt.o
 .group         0x0000000000000000        0xc ./Src/periph/interrupt.o
 .text          0x0000000000000000        0x0 ./Src/periph/interrupt.o
 .data          0x0000000000000000        0x0 ./Src/periph/interrupt.o
 .bss           0x0000000000000000        0x0 ./Src/periph/interrupt.o
 .debug_macro   0x0000000000000000      0xa84 ./Src/periph/interrupt.o
 .debug_macro   0x0000000000000000       0x28 ./Src/periph/interrupt.o
 .debug_macro   0x0000000000000000       0x3b ./Src/periph/interrupt.o
 .debug_macro   0x0000000000000000       0x22 ./Src/periph/interrupt.o
 .debug_macro   0x0000000000000000       0x8e ./Src/periph/interrupt.o
 .debug_macro   0x0000000000000000       0x51 ./Src/periph/interrupt.o
 .debug_macro   0x0000000000000000      0x103 ./Src/periph/interrupt.o
 .debug_macro   0x0000000000000000       0x6a ./Src/periph/interrupt.o
 .debug_macro   0x0000000000000000      0x1df ./Src/periph/interrupt.o
 .debug_macro   0x0000000000000000       0x1c ./Src/periph/interrupt.o
 .debug_macro   0x0000000000000000       0x22 ./Src/periph/interrupt.o
 .debug_macro   0x0000000000000000       0xd9 ./Src/periph/interrupt.o
 .debug_macro   0x0000000000000000     0x12cd ./Src/periph/interrupt.o
 .debug_macro   0x0000000000000000      0x11f ./Src/periph/interrupt.o
 .debug_macro   0x0000000000000000       0x19 ./Src/periph/interrupt.o
 .debug_macro   0x0000000000000000    0x1920a ./Src/periph/interrupt.o
 .debug_macro   0x0000000000000000       0x6d ./Src/periph/interrupt.o
 .debug_macro   0x0000000000000000       0x22 ./Src/periph/interrupt.o
 .group         0x0000000000000000        0xc ./Src/periph/rcc.o
 .group         0x0000000000000000        0xc ./Src/periph/rcc.o
 .group         0x0000000000000000        0xc ./Src/periph/rcc.o
 .group         0x0000000000000000        0xc ./Src/periph/rcc.o
 .group         0x0000000000000000        0xc ./Src/periph/rcc.o
 .group         0x0000000000000000        0xc ./Src/periph/rcc.o
 .group         0x0000000000000000        0xc ./Src/periph/rcc.o
 .group         0x0000000000000000        0xc ./Src/periph/rcc.o
 .group         0x0000000000000000        0xc ./Src/periph/rcc.o
 .group         0x0000000000000000        0xc ./Src/periph/rcc.o
 .group         0x0000000000000000        0xc ./Src/periph/rcc.o
 .group         0x0000000000000000        0xc ./Src/periph/rcc.o
 .group         0x0000000000000000        0xc ./Src/periph/rcc.o
 .group         0x0000000000000000        0xc ./Src/periph/rcc.o
 .group         0x0000000000000000        0xc ./Src/periph/rcc.o
 .group         0x0000000000000000        0xc ./Src/periph/rcc.o
 .group         0x0000000000000000        0xc ./Src/periph/rcc.o
 .text          0x0000000000000000        0x0 ./Src/periph/rcc.o
 .data          0x0000000000000000        0x0 ./Src/periph/rcc.o
 .bss           0x0000000000000000        0x0 ./Src/periph/rcc.o
 .debug_macro   0x0000000000000000      0xa84 ./Src/periph/rcc.o
 .debug_macro   0x0000000000000000       0x28 ./Src/periph/rcc.o
 .debug_macro   0x0000000000000000       0x3b ./Src/periph/rcc.o
 .debug_macro   0x0000000000000000       0x22 ./Src/periph/rcc.o
 .debug_macro   0x0000000000000000       0x8e ./Src/periph/rcc.o
 .debug_macro   0x0000000000000000       0x51 ./Src/periph/rcc.o
 .debug_macro   0x0000000000000000      0x103 ./Src/periph/rcc.o
 .debug_macro   0x0000000000000000       0x6a ./Src/periph/rcc.o
 .debug_macro   0x0000000000000000      0x1df ./Src/periph/rcc.o
 .debug_macro   0x0000000000000000       0x1c ./Src/periph/rcc.o
 .debug_macro   0x0000000000000000       0x22 ./Src/periph/rcc.o
 .debug_macro   0x0000000000000000       0xd9 ./Src/periph/rcc.o
 .debug_macro   0x0000000000000000     0x12cd ./Src/periph/rcc.o
 .debug_macro   0x0000000000000000      0x11f ./Src/periph/rcc.o
 .debug_macro   0x0000000000000000       0x19 ./Src/periph/rcc.o
 .debug_macro   0x0000000000000000    0x1920a ./Src/periph/rcc.o
 .debug_macro   0x0000000000000000       0x6d ./Src/periph/rcc.o
 .group         0x0000000000000000        0xc ./Src/periph/timer.o
 .group         0x0000000000000000        0xc ./Src/periph/timer.o
 .group         0x0000000000000000        0xc ./Src/periph/timer.o
 .group         0x0000000000000000        0xc ./Src/periph/timer.o
 .group         0x0000000000000000        0xc ./Src/periph/timer.o
 .group         0x0000000000000000        0xc ./Src/periph/timer.o
 .group         0x0000000000000000        0xc ./Src/periph/timer.o
 .group         0x0000000000000000        0xc ./Src/periph/timer.o
 .group         0x0000000000000000        0xc ./Src/periph/timer.o
 .group         0x0000000000000000        0xc ./Src/periph/timer.o
 .group         0x0000000000000000        0xc ./Src/periph/timer.o
 .group         0x0000000000000000        0xc ./Src/periph/timer.o
 .group         0x0000000000000000        0xc ./Src/periph/timer.o
 .group         0x0000000000000000        0xc ./Src/periph/timer.o
 .group         0x0000000000000000        0xc ./Src/periph/timer.o
 .group         0x0000000000000000        0xc ./Src/periph/timer.o
 .group         0x0000000000000000        0xc ./Src/periph/timer.o
 .text          0x0000000000000000        0x0 ./Src/periph/timer.o
 .data          0x0000000000000000        0x0 ./Src/periph/timer.o
 .bss           0x0000000000000000        0x0 ./Src/periph/timer.o
 .debug_macro   0x0000000000000000      0xa84 ./Src/periph/timer.o
 .debug_macro   0x0000000000000000       0x28 ./Src/periph/timer.o
 .debug_macro   0x0000000000000000       0x3b ./Src/periph/timer.o
 .debug_macro   0x0000000000000000       0x22 ./Src/periph/timer.o
 .debug_macro   0x0000000000000000       0x8e ./Src/periph/timer.o
 .debug_macro   0x0000000000000000       0x51 ./Src/periph/timer.o
 .debug_macro   0x0000000000000000      0x103 ./Src/periph/timer.o
 .debug_macro   0x0000000000000000       0x6a ./Src/periph/timer.o
 .debug_macro   0x0000000000000000      0x1df ./Src/periph/timer.o
 .debug_macro   0x0000000000000000       0x1c ./Src/periph/timer.o
 .debug_macro   0x0000000000000000       0x22 ./Src/periph/timer.o
 .debug_macro   0x0000000000000000       0xd9 ./Src/periph/timer.o
 .debug_macro   0x0000000000000000     0x12cd ./Src/periph/timer.o
 .debug_macro   0x0000000000000000      0x11f ./Src/periph/timer.o
 .debug_macro   0x0000000000000000       0x19 ./Src/periph/timer.o
 .debug_macro   0x0000000000000000    0x1920a ./Src/periph/timer.o
 .debug_macro   0x0000000000000000       0x6d ./Src/periph/timer.o
 .text          0x0000000000000000       0x14 ./Startup/startup_stm32f746zgtx.o
 .data          0x0000000000000000        0x0 ./Startup/startup_stm32f746zgtx.o
 .bss           0x0000000000000000        0x0 ./Startup/startup_stm32f746zgtx.o
 .text          0x0000000000000000        0x0 c:/st/stm32cubeide_1.9.0/stm32cubeide/plugins/com.st.stm32cube.ide.mcu.externaltools.gnu-tools-for-stm32.10.3-2021.10.win32_1.0.0.202111181127/tools/bin/../lib/gcc/arm-none-eabi/10.3.1/../../../../arm-none-eabi/lib/thumb/v7e-m+fp/hard\libc_nano.a(lib_a-errno.o)
 .data          0x0000000000000000        0x0 c:/st/stm32cubeide_1.9.0/stm32cubeide/plugins/com.st.stm32cube.ide.mcu.externaltools.gnu-tools-for-stm32.10.3-2021.10.win32_1.0.0.202111181127/tools/bin/../lib/gcc/arm-none-eabi/10.3.1/../../../../arm-none-eabi/lib/thumb/v7e-m+fp/hard\libc_nano.a(lib_a-errno.o)
 .bss           0x0000000000000000        0x0 c:/st/stm32cubeide_1.9.0/stm32cubeide/plugins/com.st.stm32cube.ide.mcu.externaltools.gnu-tools-for-stm32.10.3-2021.10.win32_1.0.0.202111181127/tools/bin/../lib/gcc/arm-none-eabi/10.3.1/../../../../arm-none-eabi/lib/thumb/v7e-m+fp/hard\libc_nano.a(lib_a-errno.o)
 .text.__errno  0x0000000000000000        0xc c:/st/stm32cubeide_1.9.0/stm32cubeide/plugins/com.st.stm32cube.ide.mcu.externaltools.gnu-tools-for-stm32.10.3-2021.10.win32_1.0.0.202111181127/tools/bin/../lib/gcc/arm-none-eabi/10.3.1/../../../../arm-none-eabi/lib/thumb/v7e-m+fp/hard\libc_nano.a(lib_a-errno.o)
 .debug_frame   0x0000000000000000       0x20 c:/st/stm32cubeide_1.9.0/stm32cubeide/plugins/com.st.stm32cube.ide.mcu.externaltools.gnu-tools-for-stm32.10.3-2021.10.win32_1.0.0.202111181127/tools/bin/../lib/gcc/arm-none-eabi/10.3.1/../../../../arm-none-eabi/lib/thumb/v7e-m+fp/hard\libc_nano.a(lib_a-errno.o)
 .ARM.attributes
                0x0000000000000000       0x34 c:/st/stm32cubeide_1.9.0/stm32cubeide/plugins/com.st.stm32cube.ide.mcu.externaltools.gnu-tools-for-stm32.10.3-2021.10.win32_1.0.0.202111181127/tools/bin/../lib/gcc/arm-none-eabi/10.3.1/../../../../arm-none-eabi/lib/thumb/v7e-m+fp/hard\libc_nano.a(lib_a-errno.o)
 .text          0x0000000000000000        0x0 c:/st/stm32cubeide_1.9.0/stm32cubeide/plugins/com.st.stm32cube.ide.mcu.externaltools.gnu-tools-for-stm32.10.3-2021.10.win32_1.0.0.202111181127/tools/bin/../lib/gcc/arm-none-eabi/10.3.1/../../../../arm-none-eabi/lib/thumb/v7e-m+fp/hard\libc_nano.a(lib_a-exit.o)
 .data          0x0000000000000000        0x0 c:/st/stm32cubeide_1.9.0/stm32cubeide/plugins/com.st.stm32cube.ide.mcu.externaltools.gnu-tools-for-stm32.10.3-2021.10.win32_1.0.0.202111181127/tools/bin/../lib/gcc/arm-none-eabi/10.3.1/../../../../arm-none-eabi/lib/thumb/v7e-m+fp/hard\libc_nano.a(lib_a-exit.o)
 .bss           0x0000000000000000        0x0 c:/st/stm32cubeide_1.9.0/stm32cubeide/plugins/com.st.stm32cube.ide.mcu.externaltools.gnu-tools-for-stm32.10.3-2021.10.win32_1.0.0.202111181127/tools/bin/../lib/gcc/arm-none-eabi/10.3.1/../../../../arm-none-eabi/lib/thumb/v7e-m+fp/hard\libc_nano.a(lib_a-exit.o)
 .text.exit     0x0000000000000000       0x28 c:/st/stm32cubeide_1.9.0/stm32cubeide/plugins/com.st.stm32cube.ide.mcu.externaltools.gnu-tools-for-stm32.10.3-2021.10.win32_1.0.0.202111181127/tools/bin/../lib/gcc/arm-none-eabi/10.3.1/../../../../arm-none-eabi/lib/thumb/v7e-m+fp/hard\libc_nano.a(lib_a-exit.o)
 .debug_frame   0x0000000000000000       0x28 c:/st/stm32cubeide_1.9.0/stm32cubeide/plugins/com.st.stm32cube.ide.mcu.externaltools.gnu-tools-for-stm32.10.3-2021.10.win32_1.0.0.202111181127/tools/bin/../lib/gcc/arm-none-eabi/10.3.1/../../../../arm-none-eabi/lib/thumb/v7e-m+fp/hard\libc_nano.a(lib_a-exit.o)
 .ARM.attributes
                0x0000000000000000       0x34 c:/st/stm32cubeide_1.9.0/stm32cubeide/plugins/com.st.stm32cube.ide.mcu.externaltools.gnu-tools-for-stm32.10.3-2021.10.win32_1.0.0.202111181127/tools/bin/../lib/gcc/arm-none-eabi/10.3.1/../../../../arm-none-eabi/lib/thumb/v7e-m+fp/hard\libc_nano.a(lib_a-exit.o)
 .text          0x0000000000000000        0x0 c:/st/stm32cubeide_1.9.0/stm32cubeide/plugins/com.st.stm32cube.ide.mcu.externaltools.gnu-tools-for-stm32.10.3-2021.10.win32_1.0.0.202111181127/tools/bin/../lib/gcc/arm-none-eabi/10.3.1/../../../../arm-none-eabi/lib/thumb/v7e-m+fp/hard\libc_nano.a(lib_a-impure.o)
 .data          0x0000000000000000        0x0 c:/st/stm32cubeide_1.9.0/stm32cubeide/plugins/com.st.stm32cube.ide.mcu.externaltools.gnu-tools-for-stm32.10.3-2021.10.win32_1.0.0.202111181127/tools/bin/../lib/gcc/arm-none-eabi/10.3.1/../../../../arm-none-eabi/lib/thumb/v7e-m+fp/hard\libc_nano.a(lib_a-impure.o)
 .bss           0x0000000000000000        0x0 c:/st/stm32cubeide_1.9.0/stm32cubeide/plugins/com.st.stm32cube.ide.mcu.externaltools.gnu-tools-for-stm32.10.3-2021.10.win32_1.0.0.202111181127/tools/bin/../lib/gcc/arm-none-eabi/10.3.1/../../../../arm-none-eabi/lib/thumb/v7e-m+fp/hard\libc_nano.a(lib_a-impure.o)
 .data._impure_ptr
                0x0000000000000000        0x4 c:/st/stm32cubeide_1.9.0/stm32cubeide/plugins/com.st.stm32cube.ide.mcu.externaltools.gnu-tools-for-stm32.10.3-2021.10.win32_1.0.0.202111181127/tools/bin/../lib/gcc/arm-none-eabi/10.3.1/../../../../arm-none-eabi/lib/thumb/v7e-m+fp/hard\libc_nano.a(lib_a-impure.o)
 .data.impure_data
                0x0000000000000000       0x60 c:/st/stm32cubeide_1.9.0/stm32cubeide/plugins/com.st.stm32cube.ide.mcu.externaltools.gnu-tools-for-stm32.10.3-2021.10.win32_1.0.0.202111181127/tools/bin/../lib/gcc/arm-none-eabi/10.3.1/../../../../arm-none-eabi/lib/thumb/v7e-m+fp/hard\libc_nano.a(lib_a-impure.o)
 .rodata._global_impure_ptr
                0x0000000000000000        0x4 c:/st/stm32cubeide_1.9.0/stm32cubeide/plugins/com.st.stm32cube.ide.mcu.externaltools.gnu-tools-for-stm32.10.3-2021.10.win32_1.0.0.202111181127/tools/bin/../lib/gcc/arm-none-eabi/10.3.1/../../../../arm-none-eabi/lib/thumb/v7e-m+fp/hard\libc_nano.a(lib_a-impure.o)
 .ARM.attributes
                0x0000000000000000       0x34 c:/st/stm32cubeide_1.9.0/stm32cubeide/plugins/com.st.stm32cube.ide.mcu.externaltools.gnu-tools-for-stm32.10.3-2021.10.win32_1.0.0.202111181127/tools/bin/../lib/gcc/arm-none-eabi/10.3.1/../../../../arm-none-eabi/lib/thumb/v7e-m+fp/hard\libc_nano.a(lib_a-impure.o)
 .text          0x0000000000000000        0x0 c:/st/stm32cubeide_1.9.0/stm32cubeide/plugins/com.st.stm32cube.ide.mcu.externaltools.gnu-tools-for-stm32.10.3-2021.10.win32_1.0.0.202111181127/tools/bin/../lib/gcc/arm-none-eabi/10.3.1/../../../../arm-none-eabi/lib/thumb/v7e-m+fp/hard\libc_nano.a(lib_a-init.o)
 .data          0x0000000000000000        0x0 c:/st/stm32cubeide_1.9.0/stm32cubeide/plugins/com.st.stm32cube.ide.mcu.externaltools.gnu-tools-for-stm32.10.3-2021.10.win32_1.0.0.202111181127/tools/bin/../lib/gcc/arm-none-eabi/10.3.1/../../../../arm-none-eabi/lib/thumb/v7e-m+fp/hard\libc_nano.a(lib_a-init.o)
 .bss           0x0000000000000000        0x0 c:/st/stm32cubeide_1.9.0/stm32cubeide/plugins/com.st.stm32cube.ide.mcu.externaltools.gnu-tools-for-stm32.10.3-2021.10.win32_1.0.0.202111181127/tools/bin/../lib/gcc/arm-none-eabi/10.3.1/../../../../arm-none-eabi/lib/thumb/v7e-m+fp/hard\libc_nano.a(lib_a-init.o)
 .text          0x0000000000000000        0x0 c:/st/stm32cubeide_1.9.0/stm32cubeide/plugins/com.st.stm32cube.ide.mcu.externaltools.gnu-tools-for-stm32.10.3-2021.10.win32_1.0.0.202111181127/tools/bin/../lib/gcc/arm-none-eabi/10.3.1/../../../../arm-none-eabi/lib/thumb/v7e-m+fp/hard\libc_nano.a(lib_a-memset.o)
 .data          0x0000000000000000        0x0 c:/st/stm32cubeide_1.9.0/stm32cubeide/plugins/com.st.stm32cube.ide.mcu.externaltools.gnu-tools-for-stm32.10.3-2021.10.win32_1.0.0.202111181127/tools/bin/../lib/gcc/arm-none-eabi/10.3.1/../../../../arm-none-eabi/lib/thumb/v7e-m+fp/hard\libc_nano.a(lib_a-memset.o)
 .bss           0x0000000000000000        0x0 c:/st/stm32cubeide_1.9.0/stm32cubeide/plugins/com.st.stm32cube.ide.mcu.externaltools.gnu-tools-for-stm32.10.3-2021.10.win32_1.0.0.202111181127/tools/bin/../lib/gcc/arm-none-eabi/10.3.1/../../../../arm-none-eabi/lib/thumb/v7e-m+fp/hard\libc_nano.a(lib_a-memset.o)
 .text.memset   0x0000000000000000       0x10 c:/st/stm32cubeide_1.9.0/stm32cubeide/plugins/com.st.stm32cube.ide.mcu.externaltools.gnu-tools-for-stm32.10.3-2021.10.win32_1.0.0.202111181127/tools/bin/../lib/gcc/arm-none-eabi/10.3.1/../../../../arm-none-eabi/lib/thumb/v7e-m+fp/hard\libc_nano.a(lib_a-memset.o)
 .debug_frame   0x0000000000000000       0x20 c:/st/stm32cubeide_1.9.0/stm32cubeide/plugins/com.st.stm32cube.ide.mcu.externaltools.gnu-tools-for-stm32.10.3-2021.10.win32_1.0.0.202111181127/tools/bin/../lib/gcc/arm-none-eabi/10.3.1/../../../../arm-none-eabi/lib/thumb/v7e-m+fp/hard\libc_nano.a(lib_a-memset.o)
 .ARM.attributes
                0x0000000000000000       0x34 c:/st/stm32cubeide_1.9.0/stm32cubeide/plugins/com.st.stm32cube.ide.mcu.externaltools.gnu-tools-for-stm32.10.3-2021.10.win32_1.0.0.202111181127/tools/bin/../lib/gcc/arm-none-eabi/10.3.1/../../../../arm-none-eabi/lib/thumb/v7e-m+fp/hard\libc_nano.a(lib_a-memset.o)
 .text          0x0000000000000000        0x0 c:/st/stm32cubeide_1.9.0/stm32cubeide/plugins/com.st.stm32cube.ide.mcu.externaltools.gnu-tools-for-stm32.10.3-2021.10.win32_1.0.0.202111181127/tools/bin/../lib/gcc/arm-none-eabi/10.3.1/../../../../arm-none-eabi/lib/thumb/v7e-m+fp/hard\libc_nano.a(lib_a-qsort.o)
 .data          0x0000000000000000        0x0 c:/st/stm32cubeide_1.9.0/stm32cubeide/plugins/com.st.stm32cube.ide.mcu.externaltools.gnu-tools-for-stm32.10.3-2021.10.win32_1.0.0.202111181127/tools/bin/../lib/gcc/arm-none-eabi/10.3.1/../../../../arm-none-eabi/lib/thumb/v7e-m+fp/hard\libc_nano.a(lib_a-qsort.o)
 .bss           0x0000000000000000        0x0 c:/st/stm32cubeide_1.9.0/stm32cubeide/plugins/com.st.stm32cube.ide.mcu.externaltools.gnu-tools-for-stm32.10.3-2021.10.win32_1.0.0.202111181127/tools/bin/../lib/gcc/arm-none-eabi/10.3.1/../../../../arm-none-eabi/lib/thumb/v7e-m+fp/hard\libc_nano.a(lib_a-qsort.o)
 .text.swapfunc
                0x0000000000000000       0x32 c:/st/stm32cubeide_1.9.0/stm32cubeide/plugins/com.st.stm32cube.ide.mcu.externaltools.gnu-tools-for-stm32.10.3-2021.10.win32_1.0.0.202111181127/tools/bin/../lib/gcc/arm-none-eabi/10.3.1/../../../../arm-none-eabi/lib/thumb/v7e-m+fp/hard\libc_nano.a(lib_a-qsort.o)
 .text.med3.constprop.0
                0x0000000000000000       0x3e c:/st/stm32cubeide_1.9.0/stm32cubeide/plugins/com.st.stm32cube.ide.mcu.externaltools.gnu-tools-for-stm32.10.3-2021.10.win32_1.0.0.202111181127/tools/bin/../lib/gcc/arm-none-eabi/10.3.1/../../../../arm-none-eabi/lib/thumb/v7e-m+fp/hard\libc_nano.a(lib_a-qsort.o)
 .text.qsort    0x0000000000000000      0x2a0 c:/st/stm32cubeide_1.9.0/stm32cubeide/plugins/com.st.stm32cube.ide.mcu.externaltools.gnu-tools-for-stm32.10.3-2021.10.win32_1.0.0.202111181127/tools/bin/../lib/gcc/arm-none-eabi/10.3.1/../../../../arm-none-eabi/lib/thumb/v7e-m+fp/hard\libc_nano.a(lib_a-qsort.o)
 .debug_frame   0x0000000000000000       0x78 c:/st/stm32cubeide_1.9.0/stm32cubeide/plugins/com.st.stm32cube.ide.mcu.externaltools.gnu-tools-for-stm32.10.3-2021.10.win32_1.0.0.202111181127/tools/bin/../lib/gcc/arm-none-eabi/10.3.1/../../../../arm-none-eabi/lib/thumb/v7e-m+fp/hard\libc_nano.a(lib_a-qsort.o)
 .ARM.attributes
                0x0000000000000000       0x34 c:/st/stm32cubeide_1.9.0/stm32cubeide/plugins/com.st.stm32cube.ide.mcu.externaltools.gnu-tools-for-stm32.10.3-2021.10.win32_1.0.0.202111181127/tools/bin/../lib/gcc/arm-none-eabi/10.3.1/../../../../arm-none-eabi/lib/thumb/v7e-m+fp/hard\libc_nano.a(lib_a-qsort.o)
 .text          0x0000000000000000        0x0 c:/st/stm32cubeide_1.9.0/stm32cubeide/plugins/com.st.stm32cube.ide.mcu.externaltools.gnu-tools-for-stm32.10.3-2021.10.win32_1.0.0.202111181127/tools/bin/../lib/gcc/arm-none-eabi/10.3.1/thumb/v7e-m+fp/hard/crtend.o
 .data          0x0000000000000000        0x0 c:/st/stm32cubeide_1.9.0/stm32cubeide/plugins/com.st.stm32cube.ide.mcu.externaltools.gnu-tools-for-stm32.10.3-2021.10.win32_1.0.0.202111181127/tools/bin/../lib/gcc/arm-none-eabi/10.3.1/thumb/v7e-m+fp/hard/crtend.o
 .bss           0x0000000000000000        0x0 c:/st/stm32cubeide_1.9.0/stm32cubeide/plugins/com.st.stm32cube.ide.mcu.externaltools.gnu-tools-for-stm32.10.3-2021.10.win32_1.0.0.202111181127/tools/bin/../lib/gcc/arm-none-eabi/10.3.1/thumb/v7e-m+fp/hard/crtend.o
 .rodata        0x0000000000000000       0x24 c:/st/stm32cubeide_1.9.0/stm32cubeide/plugins/com.st.stm32cube.ide.mcu.externaltools.gnu-tools-for-stm32.10.3-2021.10.win32_1.0.0.202111181127/tools/bin/../lib/gcc/arm-none-eabi/10.3.1/thumb/v7e-m+fp/hard/crtend.o
 .eh_frame      0x0000000000000000        0x4 c:/st/stm32cubeide_1.9.0/stm32cubeide/plugins/com.st.stm32cube.ide.mcu.externaltools.gnu-tools-for-stm32.10.3-2021.10.win32_1.0.0.202111181127/tools/bin/../lib/gcc/arm-none-eabi/10.3.1/thumb/v7e-m+fp/hard/crtend.o
 .ARM.attributes
                0x0000000000000000       0x34 c:/st/stm32cubeide_1.9.0/stm32cubeide/plugins/com.st.stm32cube.ide.mcu.externaltools.gnu-tools-for-stm32.10.3-2021.10.win32_1.0.0.202111181127/tools/bin/../lib/gcc/arm-none-eabi/10.3.1/thumb/v7e-m+fp/hard/crtend.o
 .text          0x0000000000000000        0x0 c:/st/stm32cubeide_1.9.0/stm32cubeide/plugins/com.st.stm32cube.ide.mcu.externaltools.gnu-tools-for-stm32.10.3-2021.10.win32_1.0.0.202111181127/tools/bin/../lib/gcc/arm-none-eabi/10.3.1/thumb/v7e-m+fp/hard/crtn.o
 .data          0x0000000000000000        0x0 c:/st/stm32cubeide_1.9.0/stm32cubeide/plugins/com.st.stm32cube.ide.mcu.externaltools.gnu-tools-for-stm32.10.3-2021.10.win32_1.0.0.202111181127/tools/bin/../lib/gcc/arm-none-eabi/10.3.1/thumb/v7e-m+fp/hard/crtn.o
 .bss           0x0000000000000000        0x0 c:/st/stm32cubeide_1.9.0/stm32cubeide/plugins/com.st.stm32cube.ide.mcu.externaltools.gnu-tools-for-stm32.10.3-2021.10.win32_1.0.0.202111181127/tools/bin/../lib/gcc/arm-none-eabi/10.3.1/thumb/v7e-m+fp/hard/crtn.o

Memory Configuration

Name             Origin             Length             Attributes
RAM              0x0000000020000000 0x0000000000050000 xrw
FLASH            0x0000000008000000 0x0000000000100000 xr
*default*        0x0000000000000000 0xffffffffffffffff

Linker script and memory map

LOAD c:/st/stm32cubeide_1.9.0/stm32cubeide/plugins/com.st.stm32cube.ide.mcu.externaltools.gnu-tools-for-stm32.10.3-2021.10.win32_1.0.0.202111181127/tools/bin/../lib/gcc/arm-none-eabi/10.3.1/thumb/v7e-m+fp/hard/crti.o
LOAD c:/st/stm32cubeide_1.9.0/stm32cubeide/plugins/com.st.stm32cube.ide.mcu.externaltools.gnu-tools-for-stm32.10.3-2021.10.win32_1.0.0.202111181127/tools/bin/../lib/gcc/arm-none-eabi/10.3.1/thumb/v7e-m+fp/hard/crtbegin.o
LOAD c:/st/stm32cubeide_1.9.0/stm32cubeide/plugins/com.st.stm32cube.ide.mcu.externaltools.gnu-tools-for-stm32.10.3-2021.10.win32_1.0.0.202111181127/tools/bin/../lib/gcc/arm-none-eabi/10.3.1/../../../../arm-none-eabi/lib/thumb/v7e-m+fp/hard/crt0.o
LOAD ./Src/control.o
LOAD ./Src/dsp.o
LOAD ./Src/main.o
LOAD ./Src/syscalls.o
LOAD ./Src/sysmem.o
LOAD ./Src/system_stm32f7xx.o
LOAD ./Src/periph/adc.o
LOAD ./Src/periph/dac.o
LOAD ./Src/periph/dma.o
LOAD ./Src/periph/gpio.o
LOAD ./Src/periph/interrupt.o
LOAD ./Src/periph/rcc.o
LOAD ./Src/periph/timer.o
LOAD ./Startup/startup_stm32f746zgtx.o
START GROUP
LOAD c:/st/stm32cubeide_1.9.0/stm32cubeide/plugins/com.st.stm32cube.ide.mcu.externaltools.gnu-tools-for-stm32.10.3-2021.10.win32_1.0.0.202111181127/tools/bin/../lib/gcc/arm-none-eabi/10.3.1/../../../../arm-none-eabi/lib/thumb/v7e-m+fp/hard\libstdc++_nano.a
LOAD c:/st/stm32cubeide_1.9.0/stm32cubeide/plugins/com.st.stm32cube.ide.mcu.externaltools.gnu-tools-for-stm32.10.3-2021.10.win32_1.0.0.202111181127/tools/bin/../lib/gcc/arm-none-eabi/10.3.1/../../../../arm-none-eabi/lib/thumb/v7e-m+fp/hard\libsupc++_nano.a
END GROUP
LOAD c:/st/stm32cubeide_1.9.0/stm32cubeide/plugins/com.st.stm32cube.ide.mcu.externaltools.gnu-tools-for-stm32.10.3-2021.10.win32_1.0.0.202111181127/tools/bin/../lib/gcc/arm-none-eabi/10.3.1/../../../../arm-none-eabi/lib/thumb/v7e-m+fp/hard\libstdc++_nano.a
LOAD c:/st/stm32cubeide_1.9.0/stm32cubeide/plugins/com.st.stm32cube.ide.mcu.externaltools.gnu-tools-for-stm32.10.3-2021.10.win32_1.0.0.202111181127/tools/bin/../lib/gcc/arm-none-eabi/10.3.1/../../../../arm-none-eabi/lib/thumb/v7e-m+fp/hard\libm.a
LOAD c:/st/stm32cubeide_1.9.0/stm32cubeide/plugins/com.st.stm32cube.ide.mcu.externaltools.gnu-tools-for-stm32.10.3-2021.10.win32_1.0.0.202111181127/tools/bin/../lib/gcc/arm-none-eabi/10.3.1/../../../../arm-none-eabi/lib/thumb/v7e-m+fp/hard\libc_nano.a
START GROUP
LOAD c:/st/stm32cubeide_1.9.0/stm32cubeide/plugins/com.st.stm32cube.ide.mcu.externaltools.gnu-tools-for-stm32.10.3-2021.10.win32_1.0.0.202111181127/tools/bin/../lib/gcc/arm-none-eabi/10.3.1/thumb/v7e-m+fp/hard\libgcc.a
LOAD c:/st/stm32cubeide_1.9.0/stm32cubeide/plugins/com.st.stm32cube.ide.mcu.externaltools.gnu-tools-for-stm32.10.3-2021.10.win32_1.0.0.202111181127/tools/bin/../lib/gcc/arm-none-eabi/10.3.1/../../../../arm-none-eabi/lib/thumb/v7e-m+fp/hard\libc_nano.a
END GROUP
START GROUP
LOAD c:/st/stm32cubeide_1.9.0/stm32cubeide/plugins/com.st.stm32cube.ide.mcu.externaltools.gnu-tools-for-stm32.10.3-2021.10.win32_1.0.0.202111181127/tools/bin/../lib/gcc/arm-none-eabi/10.3.1/thumb/v7e-m+fp/hard\libgcc.a
LOAD c:/st/stm32cubeide_1.9.0/stm32cubeide/plugins/com.st.stm32cube.ide.mcu.externaltools.gnu-tools-for-stm32.10.3-2021.10.win32_1.0.0.202111181127/tools/bin/../lib/gcc/arm-none-eabi/10.3.1/../../../../arm-none-eabi/lib/thumb/v7e-m+fp/hard\libc_nano.a
LOAD c:/st/stm32cubeide_1.9.0/stm32cubeide/plugins/com.st.stm32cube.ide.mcu.externaltools.gnu-tools-for-stm32.10.3-2021.10.win32_1.0.0.202111181127/tools/bin/../lib/gcc/arm-none-eabi/10.3.1/../../../../arm-none-eabi/lib/thumb/v7e-m+fp/hard\libnosys.a
END GROUP
START GROUP
LOAD c:/st/stm32cubeide_1.9.0/stm32cubeide/plugins/com.st.stm32cube.ide.mcu.externaltools.gnu-tools-for-stm32.10.3-2021.10.win32_1.0.0.202111181127/tools/bin/../lib/gcc/arm-none-eabi/10.3.1/thumb/v7e-m+fp/hard\libgcc.a
LOAD c:/st/stm32cubeide_1.9.0/stm32cubeide/plugins/com.st.stm32cube.ide.mcu.externaltools.gnu-tools-for-stm32.10.3-2021.10.win32_1.0.0.202111181127/tools/bin/../lib/gcc/arm-none-eabi/10.3.1/../../../../arm-none-eabi/lib/thumb/v7e-m+fp/hard\libc_nano.a
LOAD c:/st/stm32cubeide_1.9.0/stm32cubeide/plugins/com.st.stm32cube.ide.mcu.externaltools.gnu-tools-for-stm32.10.3-2021.10.win32_1.0.0.202111181127/tools/bin/../lib/gcc/arm-none-eabi/10.3.1/../../../../arm-none-eabi/lib/thumb/v7e-m+fp/hard\libnosys.a
END GROUP
LOAD c:/st/stm32cubeide_1.9.0/stm32cubeide/plugins/com.st.stm32cube.ide.mcu.externaltools.gnu-tools-for-stm32.10.3-2021.10.win32_1.0.0.202111181127/tools/bin/../lib/gcc/arm-none-eabi/10.3.1/thumb/v7e-m+fp/hard/crtend.o
LOAD c:/st/stm32cubeide_1.9.0/stm32cubeide/plugins/com.st.stm32cube.ide.mcu.externaltools.gnu-tools-for-stm32.10.3-2021.10.win32_1.0.0.202111181127/tools/bin/../lib/gcc/arm-none-eabi/10.3.1/thumb/v7e-m+fp/hard/crtn.o
                0x0000000020050000                _estack = (ORIGIN (RAM) + LENGTH (RAM))
                0x0000000000000200                _Min_Heap_Size = 0x200
                0x0000000000000400                _Min_Stack_Size = 0x400

.isr_vector     0x0000000008000000      0x1c8
                0x0000000008000000                . = ALIGN (0x4)
 *(.isr_vector)
 .isr_vector    0x0000000008000000      0x1c8 ./Startup/startup_stm32f746zgtx.o
                0x0000000008000000                g_pfnVectors
                0x00000000080001c8                . = ALIGN (0x4)

.text           0x00000000080001c8      0xd8c
                0x00000000080001c8                . = ALIGN (0x4)
 *(.text)
 .text          0x00000000080001c8       0x40 c:/st/stm32cubeide_1.9.0/stm32cubeide/plugins/com.st.stm32cube.ide.mcu.externaltools.gnu-tools-for-stm32.10.3-2021.10.win32_1.0.0.202111181127/tools/bin/../lib/gcc/arm-none-eabi/10.3.1/thumb/v7e-m+fp/hard/crtbegin.o
 *(.text*)
 .text.DMA2_Stream0_IRQHandler
                0x0000000008000208       0xb4 ./Src/control.o
                0x0000000008000208                DMA2_Stream0_IRQHandler
 .text.shift_and_scale
                0x00000000080002bc       0xfc ./Src/control.o
                0x00000000080002bc                shift_and_scale
 .text.set_shifts
                0x00000000080003b8       0x7c ./Src/control.o
                0x00000000080003b8                set_shifts
 .text.protect_software
                0x0000000008000434       0xb0 ./Src/control.o
                0x0000000008000434                protect_software
 .text.Low_Filter_1st_Order
                0x00000000080004e4       0x4c ./Src/dsp.o
                0x00000000080004e4                Low_Filter_1st_Order
 .text.main     0x0000000008000530       0x8c ./Src/main.o
                0x0000000008000530                main
 .text.SystemInit
                0x00000000080005bc       0x24 ./Src/system_stm32f7xx.o
                0x00000000080005bc                SystemInit
 .text.SystemCoreClockUpdate
                0x00000000080005e0      0x100 ./Src/system_stm32f7xx.o
                0x00000000080005e0                SystemCoreClockUpdate
 .text.init_ADC
                0x00000000080006e0      0x188 ./Src/periph/adc.o
                0x00000000080006e0                init_ADC
 .text.init_DAC
                0x0000000008000868       0x30 ./Src/periph/dac.o
                0x0000000008000868                init_DAC
 .text.init_DMA
                0x0000000008000898       0x98 ./Src/periph/dma.o
                0x0000000008000898                init_DMA
 .text.init_GPIO
                0x0000000008000930       0xf0 ./Src/periph/gpio.o
                0x0000000008000930                init_GPIO
 .text.init_GPIO_Output
                0x0000000008000a20       0x2a ./Src/periph/gpio.o
                0x0000000008000a20                init_GPIO_Output
 .text.init_GPIO_AFunction
                0x0000000008000a4a       0x72 ./Src/periph/gpio.o
                0x0000000008000a4a                init_GPIO_AFunction
 .text.init_GPIO_Analog
                0x0000000008000abc       0x2a ./Src/periph/gpio.o
                0x0000000008000abc                init_GPIO_Analog
 *fill*         0x0000000008000ae6        0x2 
 .text.__NVIC_SetPriorityGrouping
                0x0000000008000ae8       0x48 ./Src/periph/interrupt.o
 .text.__NVIC_GetPriorityGrouping
                0x0000000008000b30       0x1c ./Src/periph/interrupt.o
 .text.__NVIC_EnableIRQ
                0x0000000008000b4c       0x3c ./Src/periph/interrupt.o
 .text.__NVIC_SetPriority
                0x0000000008000b88       0x54 ./Src/periph/interrupt.o
 .text.NVIC_EncodePriority
                0x0000000008000bdc       0x66 ./Src/periph/interrupt.o
 .text.init_INTERRUPT
                0x0000000008000c42       0x4e ./Src/periph/interrupt.o
                0x0000000008000c42                init_INTERRUPT
 .text.TIM8_UP_TIM13_IRQHandler
                0x0000000008000c90       0x24 ./Src/periph/interrupt.o
                0x0000000008000c90                TIM8_UP_TIM13_IRQHandler
 .text.init_RCC
                0x0000000008000cb4      0x120 ./Src/periph/rcc.o
                0x0000000008000cb4                init_RCC
 .text.init_TIMER8
                0x0000000008000dd4       0x8c ./Src/periph/timer.o
                0x0000000008000dd4                init_TIMER8
 .text.timer_PWM_on
                0x0000000008000e60       0x20 ./Src/periph/timer.o
                0x0000000008000e60                timer_PWM_on
 .text.timer_PWM_off
                0x0000000008000e80       0x20 ./Src/periph/timer.o
                0x0000000008000e80                timer_PWM_off
 .text.Reset_Handler
                0x0000000008000ea0       0x50 ./Startup/startup_stm32f746zgtx.o
                0x0000000008000ea0                Reset_Handler
 .text.Default_Handler
                0x0000000008000ef0        0x2 ./Startup/startup_stm32f746zgtx.o
                0x0000000008000ef0                HASH_RNG_IRQHandler
                0x0000000008000ef0                EXTI2_IRQHandler
                0x0000000008000ef0                TIM8_CC_IRQHandler
                0x0000000008000ef0                DebugMon_Handler
                0x0000000008000ef0                UART8_IRQHandler
                0x0000000008000ef0                SPI4_IRQHandler
                0x0000000008000ef0                TIM1_CC_IRQHandler
                0x0000000008000ef0                QuadSPI_IRQHandler
                0x0000000008000ef0                DMA2_Stream5_IRQHandler
                0x0000000008000ef0                HardFault_Handler
                0x0000000008000ef0                DMA1_Stream5_IRQHandler
                0x0000000008000ef0                SysTick_Handler
                0x0000000008000ef0                PVD_IRQHandler
                0x0000000008000ef0                TAMP_STAMP_IRQHandler
                0x0000000008000ef0                PendSV_Handler
                0x0000000008000ef0                NMI_Handler
                0x0000000008000ef0                CAN2_RX1_IRQHandler
                0x0000000008000ef0                EXTI3_IRQHandler
                0x0000000008000ef0                TIM8_TRG_COM_TIM14_IRQHandler
                0x0000000008000ef0                TIM1_UP_TIM10_IRQHandler
                0x0000000008000ef0                I2C3_ER_IRQHandler
                0x0000000008000ef0                LCD_TFT_IRQHandler
                0x0000000008000ef0                EXTI0_IRQHandler
                0x0000000008000ef0                I2C2_EV_IRQHandler
                0x0000000008000ef0                DMA1_Stream2_IRQHandler
                0x0000000008000ef0                CAN1_RX0_IRQHandler
                0x0000000008000ef0                FPU_IRQHandler
                0x0000000008000ef0                OTG_HS_WKUP_IRQHandler
                0x0000000008000ef0                UsageFault_Handler
                0x0000000008000ef0                LTDC_ER_IRQHandler
                0x0000000008000ef0                CAN2_SCE_IRQHandler
                0x0000000008000ef0                DMA2_Stream2_IRQHandler
                0x0000000008000ef0                SPI1_IRQHandler
                0x0000000008000ef0                TIM6_DAC_IRQHandler
                0x0000000008000ef0                TIM1_BRK_TIM9_IRQHandler
                0x0000000008000ef0                DCMI_IRQHandler
                0x0000000008000ef0                CAN2_RX0_IRQHandler
                0x0000000008000ef0                DMA2_Stream3_IRQHandler
                0x0000000008000ef0                RTC_ALARM_IRQHandler
                0x0000000008000ef0                SAI2_IRQHandler
                0x0000000008000ef0                USART6_IRQHandler
                0x0000000008000ef0                USART3_IRQHandler
                0x0000000008000ef0                CRYP_IRQHandler
                0x0000000008000ef0                CAN1_RX1_IRQHandler
                0x0000000008000ef0                UART5_IRQHandler
                0x0000000008000ef0                TIM4_IRQHandler
                0x0000000008000ef0                I2C1_EV_IRQHandler
                0x0000000008000ef0                HDMI_CEC_IRQHandler
                0x0000000008000ef0                DMA1_Stream6_IRQHandler
                0x0000000008000ef0                DMA1_Stream1_IRQHandler
                0x0000000008000ef0                UART4_IRQHandler
                0x0000000008000ef0                TIM3_IRQHandler
                0x0000000008000ef0                RCC_IRQHandler
                0x0000000008000ef0                TIM8_BRK_TIM12_IRQHandler
                0x0000000008000ef0                Default_Handler
                0x0000000008000ef0                EXTI15_10_IRQHandler
                0x0000000008000ef0                ADC_IRQHandler
                0x0000000008000ef0                DMA1_Stream7_IRQHandler
                0x0000000008000ef0                SPI5_IRQHandler
                0x0000000008000ef0                LPTimer1_IRQHandler
                0x0000000008000ef0                TIM7_IRQHandler
                0x0000000008000ef0                SDMMC1_IRQHandler
                0x0000000008000ef0                CAN2_TX_IRQHandler
                0x0000000008000ef0                TIM5_IRQHandler
                0x0000000008000ef0                DMA2_Stream7_IRQHandler
                0x0000000008000ef0                I2C3_EV_IRQHandler
                0x0000000008000ef0                EXTI9_5_IRQHandler
                0x0000000008000ef0                RTC_WKUP_IRQHandler
                0x0000000008000ef0                ETH_WKUP_IRQHandler
                0x0000000008000ef0                SPI2_IRQHandler
                0x0000000008000ef0                OTG_HS_EP1_IN_IRQHandler
                0x0000000008000ef0                MemManage_Handler
                0x0000000008000ef0                DMA1_Stream0_IRQHandler
                0x0000000008000ef0                CAN1_TX_IRQHandler
                0x0000000008000ef0                SVC_Handler
                0x0000000008000ef0                EXTI4_IRQHandler
                0x0000000008000ef0                ETH_IRQHandler
                0x0000000008000ef0                OTG_HS_EP1_OUT_IRQHandler
                0x0000000008000ef0                WWDG_IRQHandler
                0x0000000008000ef0                SPI6_IRQHandler
                0x0000000008000ef0                I2C4_EV_IRQHandler
                0x0000000008000ef0                TIM2_IRQHandler
                0x0000000008000ef0                OTG_FS_WKUP_IRQHandler
                0x0000000008000ef0                TIM1_TRG_COM_TIM11_IRQHandler
                0x0000000008000ef0                OTG_HS_IRQHandler
                0x0000000008000ef0                DMA2D_IRQHandler
                0x0000000008000ef0                EXTI1_IRQHandler
                0x0000000008000ef0                UART7_IRQHandler
                0x0000000008000ef0                USART2_IRQHandler
                0x0000000008000ef0                I2C2_ER_IRQHandler
                0x0000000008000ef0                SPDIFRX_IRQHandler
                0x0000000008000ef0                DMA2_Stream1_IRQHandler
                0x0000000008000ef0                CAN1_SCE_IRQHandler
                0x0000000008000ef0                FLASH_IRQHandler
                0x0000000008000ef0                DMA2_Stream4_IRQHandler
                0x0000000008000ef0                BusFault_Handler
                0x0000000008000ef0                USART1_IRQHandler
                0x0000000008000ef0                OTG_FS_IRQHandler
                0x0000000008000ef0                SPI3_IRQHandler
                0x0000000008000ef0                DMA1_Stream4_IRQHandler
                0x0000000008000ef0                I2C1_ER_IRQHandler
                0x0000000008000ef0                FMC_IRQHandler
                0x0000000008000ef0                I2C4_ER_IRQHandler
                0x0000000008000ef0                DMA2_Stream6_IRQHandler
                0x0000000008000ef0                SAI1_IRQHandler
                0x0000000008000ef0                DMA1_Stream3_IRQHandler
 *fill*         0x0000000008000ef2        0x2 
 .text.__libc_init_array
                0x0000000008000ef4       0x48 c:/st/stm32cubeide_1.9.0/stm32cubeide/plugins/com.st.stm32cube.ide.mcu.externaltools.gnu-tools-for-stm32.10.3-2021.10.win32_1.0.0.202111181127/tools/bin/../lib/gcc/arm-none-eabi/10.3.1/../../../../arm-none-eabi/lib/thumb/v7e-m+fp/hard\libc_nano.a(lib_a-init.o)
                0x0000000008000ef4                __libc_init_array
 *(.glue_7)
 .glue_7        0x0000000008000f3c        0x0 linker stubs
 *(.glue_7t)
 .glue_7t       0x0000000008000f3c        0x0 linker stubs
 *(.eh_frame)
 .eh_frame      0x0000000008000f3c        0x0 c:/st/stm32cubeide_1.9.0/stm32cubeide/plugins/com.st.stm32cube.ide.mcu.externaltools.gnu-tools-for-stm32.10.3-2021.10.win32_1.0.0.202111181127/tools/bin/../lib/gcc/arm-none-eabi/10.3.1/thumb/v7e-m+fp/hard/crtbegin.o
 *(.init)
 .init          0x0000000008000f3c        0x4 c:/st/stm32cubeide_1.9.0/stm32cubeide/plugins/com.st.stm32cube.ide.mcu.externaltools.gnu-tools-for-stm32.10.3-2021.10.win32_1.0.0.202111181127/tools/bin/../lib/gcc/arm-none-eabi/10.3.1/thumb/v7e-m+fp/hard/crti.o
                0x0000000008000f3c                _init
 .init          0x0000000008000f40        0x8 c:/st/stm32cubeide_1.9.0/stm32cubeide/plugins/com.st.stm32cube.ide.mcu.externaltools.gnu-tools-for-stm32.10.3-2021.10.win32_1.0.0.202111181127/tools/bin/../lib/gcc/arm-none-eabi/10.3.1/thumb/v7e-m+fp/hard/crtn.o
 *(.fini)
 .fini          0x0000000008000f48        0x4 c:/st/stm32cubeide_1.9.0/stm32cubeide/plugins/com.st.stm32cube.ide.mcu.externaltools.gnu-tools-for-stm32.10.3-2021.10.win32_1.0.0.202111181127/tools/bin/../lib/gcc/arm-none-eabi/10.3.1/thumb/v7e-m+fp/hard/crti.o
                0x0000000008000f48                _fini
 .fini          0x0000000008000f4c        0x8 c:/st/stm32cubeide_1.9.0/stm32cubeide/plugins/com.st.stm32cube.ide.mcu.externaltools.gnu-tools-for-stm32.10.3-2021.10.win32_1.0.0.202111181127/tools/bin/../lib/gcc/arm-none-eabi/10.3.1/thumb/v7e-m+fp/hard/crtn.o
                0x0000000008000f54                . = ALIGN (0x4)
                0x0000000008000f54                _etext = .

.vfp11_veneer   0x0000000008000f54        0x0
 .vfp11_veneer  0x0000000008000f54        0x0 linker stubs

.v4_bx          0x0000000008000f54        0x0
 .v4_bx         0x0000000008000f54        0x0 linker stubs

.iplt           0x0000000008000f54        0x0
 .iplt          0x0000000008000f54        0x0 c:/st/stm32cubeide_1.9.0/stm32cubeide/plugins/com.st.stm32cube.ide.mcu.externaltools.gnu-tools-for-stm32.10.3-2021.10.win32_1.0.0.202111181127/tools/bin/../lib/gcc/arm-none-eabi/10.3.1/thumb/v7e-m+fp/hard/crtbegin.o

.rodata         0x0000000008000f54       0x10
                0x0000000008000f54                . = ALIGN (0x4)
 *(.rodata)
 *(.rodata*)
 .rodata.AHBPrescTable
                0x0000000008000f54       0x10 ./Src/system_stm32f7xx.o
                0x0000000008000f54                AHBPrescTable
                0x0000000008000f64                . = ALIGN (0x4)

.rel.dyn        0x0000000008000f64        0x0
 .rel.iplt      0x0000000008000f64        0x0 c:/st/stm32cubeide_1.9.0/stm32cubeide/plugins/com.st.stm32cube.ide.mcu.externaltools.gnu-tools-for-stm32.10.3-2021.10.win32_1.0.0.202111181127/tools/bin/../lib/gcc/arm-none-eabi/10.3.1/thumb/v7e-m+fp/hard/crtbegin.o

.ARM.extab      0x0000000008000f64        0x0
                0x0000000008000f64                . = ALIGN (0x4)
 *(.ARM.extab* .gnu.linkonce.armextab.*)
                0x0000000008000f64                . = ALIGN (0x4)

.ARM            0x0000000008000f64        0x0
                0x0000000008000f64                . = ALIGN (0x4)
                0x0000000008000f64                __exidx_start = .
 *(.ARM.exidx*)
                0x0000000008000f64                __exidx_end = .
                0x0000000008000f64                . = ALIGN (0x4)

.preinit_array  0x0000000008000f64        0x0
                0x0000000008000f64                . = ALIGN (0x4)
                0x0000000008000f64                PROVIDE (__preinit_array_start = .)
 *(.preinit_array*)
                0x0000000008000f64                PROVIDE (__preinit_array_end = .)
                0x0000000008000f64                . = ALIGN (0x4)

.init_array     0x0000000008000f64        0x4
                0x0000000008000f64                . = ALIGN (0x4)
                0x0000000008000f64                PROVIDE (__init_array_start = .)
 *(SORT_BY_NAME(.init_array.*))
 *(.init_array*)
 .init_array    0x0000000008000f64        0x4 c:/st/stm32cubeide_1.9.0/stm32cubeide/plugins/com.st.stm32cube.ide.mcu.externaltools.gnu-tools-for-stm32.10.3-2021.10.win32_1.0.0.202111181127/tools/bin/../lib/gcc/arm-none-eabi/10.3.1/thumb/v7e-m+fp/hard/crtbegin.o
                0x0000000008000f68                PROVIDE (__init_array_end = .)
                0x0000000008000f68                . = ALIGN (0x4)

.fini_array     0x0000000008000f68        0x4
                0x0000000008000f68                . = ALIGN (0x4)
                [!provide]                        PROVIDE (__fini_array_start = .)
 *(SORT_BY_NAME(.fini_array.*))
 *(.fini_array*)
 .fini_array    0x0000000008000f68        0x4 c:/st/stm32cubeide_1.9.0/stm32cubeide/plugins/com.st.stm32cube.ide.mcu.externaltools.gnu-tools-for-stm32.10.3-2021.10.win32_1.0.0.202111181127/tools/bin/../lib/gcc/arm-none-eabi/10.3.1/thumb/v7e-m+fp/hard/crtbegin.o
                [!provide]                        PROVIDE (__fini_array_end = .)
                0x0000000008000f6c                . = ALIGN (0x4)
                0x0000000008000f6c                _sidata = LOADADDR (.data)

.data           0x0000000020000000       0x9c load address 0x0000000008000f6c
                0x0000000020000000                . = ALIGN (0x4)
                0x0000000020000000                _sdata = .
 *(.data)
 *(.data*)
 .data.Boost_Measure
                0x0000000020000000       0x7c ./Src/control.o
                0x0000000020000000                Boost_Measure
 .data.Boost_Protect
                0x000000002000007c       0x10 ./Src/control.o
                0x000000002000007c                Boost_Protect
 .data.FILTER_1ORD
                0x000000002000008c        0xc ./Src/dsp.o
                0x000000002000008c                FILTER_1ORD
 .data.SystemCoreClock
                0x0000000020000098        0x4 ./Src/system_stm32f7xx.o
                0x0000000020000098                SystemCoreClock
 *(.RamFunc)
 *(.RamFunc*)
                0x000000002000009c                . = ALIGN (0x4)
                0x000000002000009c                _edata = .

.igot.plt       0x000000002000009c        0x0 load address 0x0000000008001008
 .igot.plt      0x000000002000009c        0x0 c:/st/stm32cubeide_1.9.0/stm32cubeide/plugins/com.st.stm32cube.ide.mcu.externaltools.gnu-tools-for-stm32.10.3-2021.10.win32_1.0.0.202111181127/tools/bin/../lib/gcc/arm-none-eabi/10.3.1/thumb/v7e-m+fp/hard/crtbegin.o
                0x000000002000009c                . = ALIGN (0x4)

.bss            0x000000002000009c       0x34 load address 0x0000000008001008
                0x000000002000009c                _sbss = .
                0x000000002000009c                __bss_start__ = _sbss
 *(.bss)
 .bss           0x000000002000009c       0x1c c:/st/stm32cubeide_1.9.0/stm32cubeide/plugins/com.st.stm32cube.ide.mcu.externaltools.gnu-tools-for-stm32.10.3-2021.10.win32_1.0.0.202111181127/tools/bin/../lib/gcc/arm-none-eabi/10.3.1/thumb/v7e-m+fp/hard/crtbegin.o
 *(.bss*)
 .bss.ADC_Buffer
                0x00000000200000b8       0x18 ./Src/periph/dma.o
                0x00000000200000b8                ADC_Buffer
 *(COMMON)
                0x00000000200000d0                . = ALIGN (0x4)
                0x00000000200000d0                _ebss = .
                0x00000000200000d0                __bss_end__ = _ebss

._user_heap_stack
                0x00000000200000d0      0x600 load address 0x0000000008001008
                0x00000000200000d0                . = ALIGN (0x8)
                [!provide]                        PROVIDE (end = .)
                0x00000000200000d0                PROVIDE (_end = .)
                0x00000000200002d0                . = (. + _Min_Heap_Size)
 *fill*         0x00000000200000d0      0x200 
                0x00000000200006d0                . = (. + _Min_Stack_Size)
 *fill*         0x00000000200002d0      0x400 
                0x00000000200006d0                . = ALIGN (0x8)

/DISCARD/
 libc.a(*)
 libm.a(*)
 libgcc.a(*)

.ARM.attributes
                0x0000000000000000       0x30
 *(.ARM.attributes)
 .ARM.attributes
                0x0000000000000000       0x1e c:/st/stm32cubeide_1.9.0/stm32cubeide/plugins/com.st.stm32cube.ide.mcu.externaltools.gnu-tools-for-stm32.10.3-2021.10.win32_1.0.0.202111181127/tools/bin/../lib/gcc/arm-none-eabi/10.3.1/thumb/v7e-m+fp/hard/crti.o
 .ARM.attributes
                0x000000000000001e       0x34 c:/st/stm32cubeide_1.9.0/stm32cubeide/plugins/com.st.stm32cube.ide.mcu.externaltools.gnu-tools-for-stm32.10.3-2021.10.win32_1.0.0.202111181127/tools/bin/../lib/gcc/arm-none-eabi/10.3.1/thumb/v7e-m+fp/hard/crtbegin.o
 .ARM.attributes
                0x0000000000000052       0x34 ./Src/control.o
 .ARM.attributes
                0x0000000000000086       0x34 ./Src/dsp.o
 .ARM.attributes
                0x00000000000000ba       0x34 ./Src/main.o
 .ARM.attributes
                0x00000000000000ee       0x34 ./Src/system_stm32f7xx.o
 .ARM.attributes
                0x0000000000000122       0x34 ./Src/periph/adc.o
 .ARM.attributes
                0x0000000000000156       0x34 ./Src/periph/dac.o
 .ARM.attributes
                0x000000000000018a       0x34 ./Src/periph/dma.o
 .ARM.attributes
                0x00000000000001be       0x34 ./Src/periph/gpio.o
 .ARM.attributes
                0x00000000000001f2       0x34 ./Src/periph/interrupt.o
 .ARM.attributes
                0x0000000000000226       0x34 ./Src/periph/rcc.o
 .ARM.attributes
                0x000000000000025a       0x34 ./Src/periph/timer.o
 .ARM.attributes
                0x000000000000028e       0x21 ./Startup/startup_stm32f746zgtx.o
 .ARM.attributes
                0x00000000000002af       0x34 c:/st/stm32cubeide_1.9.0/stm32cubeide/plugins/com.st.stm32cube.ide.mcu.externaltools.gnu-tools-for-stm32.10.3-2021.10.win32_1.0.0.202111181127/tools/bin/../lib/gcc/arm-none-eabi/10.3.1/../../../../arm-none-eabi/lib/thumb/v7e-m+fp/hard\libc_nano.a(lib_a-init.o)
 .ARM.attributes
                0x00000000000002e3       0x1e c:/st/stm32cubeide_1.9.0/stm32cubeide/plugins/com.st.stm32cube.ide.mcu.externaltools.gnu-tools-for-stm32.10.3-2021.10.win32_1.0.0.202111181127/tools/bin/../lib/gcc/arm-none-eabi/10.3.1/thumb/v7e-m+fp/hard/crtn.o
OUTPUT(main course2.elf elf32-littlearm)
LOAD linker stubs
LOAD c:/st/stm32cubeide_1.9.0/stm32cubeide/plugins/com.st.stm32cube.ide.mcu.externaltools.gnu-tools-for-stm32.10.3-2021.10.win32_1.0.0.202111181127/tools/bin/../lib/gcc/arm-none-eabi/10.3.1/../../../../arm-none-eabi/lib/thumb/v7e-m+fp/hard\libc.a
LOAD c:/st/stm32cubeide_1.9.0/stm32cubeide/plugins/com.st.stm32cube.ide.mcu.externaltools.gnu-tools-for-stm32.10.3-2021.10.win32_1.0.0.202111181127/tools/bin/../lib/gcc/arm-none-eabi/10.3.1/../../../../arm-none-eabi/lib/thumb/v7e-m+fp/hard\libm.a
LOAD c:/st/stm32cubeide_1.9.0/stm32cubeide/plugins/com.st.stm32cube.ide.mcu.externaltools.gnu-tools-for-stm32.10.3-2021.10.win32_1.0.0.202111181127/tools/bin/../lib/gcc/arm-none-eabi/10.3.1/thumb/v7e-m+fp/hard\libgcc.a

.debug_info     0x0000000000000000     0x3468
 .debug_info    0x0000000000000000      0x5a0 ./Src/control.o
 .debug_info    0x00000000000005a0      0x34d ./Src/dsp.o
 .debug_info    0x00000000000008ed      0x2ec ./Src/main.o
 .debug_info    0x0000000000000bd9      0x725 ./Src/system_stm32f7xx.o
 .debug_info    0x00000000000012fe      0x3e9 ./Src/periph/adc.o
 .debug_info    0x00000000000016e7      0x36e ./Src/periph/dac.o
 .debug_info    0x0000000000001a55      0x368 ./Src/periph/dma.o
 .debug_info    0x0000000000001dbd      0x3f2 ./Src/periph/gpio.o
 .debug_info    0x00000000000021af      0xb05 ./Src/periph/interrupt.o
 .debug_info    0x0000000000002cb4      0x374 ./Src/periph/rcc.o
 .debug_info    0x0000000000003028      0x41e ./Src/periph/timer.o
 .debug_info    0x0000000000003446       0x22 ./Startup/startup_stm32f746zgtx.o

.debug_abbrev   0x0000000000000000      0xcfd
 .debug_abbrev  0x0000000000000000      0x1e7 ./Src/control.o
 .debug_abbrev  0x00000000000001e7      0x1be ./Src/dsp.o
 .debug_abbrev  0x00000000000003a5      0x148 ./Src/main.o
 .debug_abbrev  0x00000000000004ed      0x136 ./Src/system_stm32f7xx.o
 .debug_abbrev  0x0000000000000623       0xe0 ./Src/periph/adc.o
 .debug_abbrev  0x0000000000000703       0xaf ./Src/periph/dac.o
 .debug_abbrev  0x00000000000007b2       0xe2 ./Src/periph/dma.o
 .debug_abbrev  0x0000000000000894       0xf6 ./Src/periph/gpio.o
 .debug_abbrev  0x000000000000098a      0x1c5 ./Src/periph/interrupt.o
 .debug_abbrev  0x0000000000000b4f       0xd3 ./Src/periph/rcc.o
 .debug_abbrev  0x0000000000000c22       0xc9 ./Src/periph/timer.o
 .debug_abbrev  0x0000000000000ceb       0x12 ./Startup/startup_stm32f746zgtx.o

.debug_aranges  0x0000000000000000      0x218
 .debug_aranges
                0x0000000000000000       0x38 ./Src/control.o
 .debug_aranges
                0x0000000000000038       0x38 ./Src/dsp.o
 .debug_aranges
                0x0000000000000070       0x20 ./Src/main.o
 .debug_aranges
                0x0000000000000090       0x28 ./Src/system_stm32f7xx.o
 .debug_aranges
                0x00000000000000b8       0x20 ./Src/periph/adc.o
 .debug_aranges
                0x00000000000000d8       0x20 ./Src/periph/dac.o
 .debug_aranges
                0x00000000000000f8       0x20 ./Src/periph/dma.o
 .debug_aranges
                0x0000000000000118       0x38 ./Src/periph/gpio.o
 .debug_aranges
                0x0000000000000150       0x50 ./Src/periph/interrupt.o
 .debug_aranges
                0x00000000000001a0       0x20 ./Src/periph/rcc.o
 .debug_aranges
                0x00000000000001c0       0x30 ./Src/periph/timer.o
 .debug_aranges
                0x00000000000001f0       0x28 ./Startup/startup_stm32f746zgtx.o

.debug_ranges   0x0000000000000000      0x160
 .debug_ranges  0x0000000000000000       0x28 ./Src/control.o
 .debug_ranges  0x0000000000000028       0x28 ./Src/dsp.o
 .debug_ranges  0x0000000000000050       0x10 ./Src/main.o
 .debug_ranges  0x0000000000000060       0x18 ./Src/system_stm32f7xx.o
 .debug_ranges  0x0000000000000078       0x10 ./Src/periph/adc.o
 .debug_ranges  0x0000000000000088       0x10 ./Src/periph/dac.o
 .debug_ranges  0x0000000000000098       0x10 ./Src/periph/dma.o
 .debug_ranges  0x00000000000000a8       0x28 ./Src/periph/gpio.o
 .debug_ranges  0x00000000000000d0       0x40 ./Src/periph/interrupt.o
 .debug_ranges  0x0000000000000110       0x10 ./Src/periph/rcc.o
 .debug_ranges  0x0000000000000120       0x20 ./Src/periph/timer.o
 .debug_ranges  0x0000000000000140       0x20 ./Startup/startup_stm32f746zgtx.o

.debug_macro    0x0000000000000000    0x1ca11
 .debug_macro   0x0000000000000000       0xe9 ./Src/control.o
 .debug_macro   0x00000000000000e9      0xa84 ./Src/control.o
 .debug_macro   0x0000000000000b6d       0x28 ./Src/control.o
 .debug_macro   0x0000000000000b95       0x3b ./Src/control.o
 .debug_macro   0x0000000000000bd0       0x22 ./Src/control.o
 .debug_macro   0x0000000000000bf2       0x8e ./Src/control.o
 .debug_macro   0x0000000000000c80       0x51 ./Src/control.o
 .debug_macro   0x0000000000000cd1      0x103 ./Src/control.o
 .debug_macro   0x0000000000000dd4       0x6a ./Src/control.o
 .debug_macro   0x0000000000000e3e      0x1df ./Src/control.o
 .debug_macro   0x000000000000101d       0x1c ./Src/control.o
 .debug_macro   0x0000000000001039       0x22 ./Src/control.o
 .debug_macro   0x000000000000105b       0xd9 ./Src/control.o
 .debug_macro   0x0000000000001134     0x12cd ./Src/control.o
 .debug_macro   0x0000000000002401      0x11f ./Src/control.o
 .debug_macro   0x0000000000002520       0x19 ./Src/control.o
 .debug_macro   0x0000000000002539    0x1920a ./Src/control.o
 .debug_macro   0x000000000001b743       0x6d ./Src/control.o
 .debug_macro   0x000000000001b7b0       0x10 ./Src/control.o
 .debug_macro   0x000000000001b7c0       0x22 ./Src/control.o
 .debug_macro   0x000000000001b7e2      0x1a5 ./Src/dsp.o
 .debug_macro   0x000000000001b987       0x1e ./Src/dsp.o
 .debug_macro   0x000000000001b9a5       0x52 ./Src/dsp.o
 .debug_macro   0x000000000001b9f7       0x3c ./Src/dsp.o
 .debug_macro   0x000000000001ba33       0x34 ./Src/dsp.o
 .debug_macro   0x000000000001ba67       0x16 ./Src/dsp.o
 .debug_macro   0x000000000001ba7d      0x10e ./Src/dsp.o
 .debug_macro   0x000000000001bb8b       0x8d ./Src/dsp.o
 .debug_macro   0x000000000001bc18       0x16 ./Src/dsp.o
 .debug_macro   0x000000000001bc2e       0x43 ./Src/dsp.o
 .debug_macro   0x000000000001bc71       0x34 ./Src/dsp.o
 .debug_macro   0x000000000001bca5       0x10 ./Src/dsp.o
 .debug_macro   0x000000000001bcb5       0x58 ./Src/dsp.o
 .debug_macro   0x000000000001bd0d       0x71 ./Src/dsp.o
 .debug_macro   0x000000000001bd7e       0x1c ./Src/dsp.o
 .debug_macro   0x000000000001bd9a      0x12a ./Src/dsp.o
 .debug_macro   0x000000000001bec4      0x341 ./Src/dsp.o
 .debug_macro   0x000000000001c205       0x16 ./Src/dsp.o
 .debug_macro   0x000000000001c21b       0x29 ./Src/dsp.o
 .debug_macro   0x000000000001c244      0x11a ./Src/main.o
 .debug_macro   0x000000000001c35e       0xd7 ./Src/system_stm32f7xx.o
 .debug_macro   0x000000000001c435       0xd5 ./Src/periph/adc.o
 .debug_macro   0x000000000001c50a       0xd5 ./Src/periph/dac.o
 .debug_macro   0x000000000001c5df       0xd5 ./Src/periph/dma.o
 .debug_macro   0x000000000001c6b4       0xd5 ./Src/periph/gpio.o
 .debug_macro   0x000000000001c789       0xde ./Src/periph/interrupt.o
 .debug_macro   0x000000000001c867       0xd5 ./Src/periph/rcc.o
 .debug_macro   0x000000000001c93c       0xd5 ./Src/periph/timer.o

.debug_line     0x0000000000000000     0x404b
 .debug_line    0x0000000000000000      0x660 ./Src/control.o
 .debug_line    0x0000000000000660      0x716 ./Src/dsp.o
 .debug_line    0x0000000000000d76      0x5c8 ./Src/main.o
 .debug_line    0x000000000000133e      0x55f ./Src/system_stm32f7xx.o
 .debug_line    0x000000000000189d      0x54c ./Src/periph/adc.o
 .debug_line    0x0000000000001de9      0x524 ./Src/periph/dac.o
 .debug_line    0x000000000000230d      0x540 ./Src/periph/dma.o
 .debug_line    0x000000000000284d      0x5c5 ./Src/periph/gpio.o
 .debug_line    0x0000000000002e12      0x672 ./Src/periph/interrupt.o
 .debug_line    0x0000000000003484      0x5c4 ./Src/periph/rcc.o
 .debug_line    0x0000000000003a48      0x57f ./Src/periph/timer.o
 .debug_line    0x0000000000003fc7       0x84 ./Startup/startup_stm32f746zgtx.o

.debug_str      0x0000000000000000    0x9efbc
 .debug_str     0x0000000000000000    0x9b156 ./Src/control.o
                                      0x9b2ef (size before relaxing)
 .debug_str     0x000000000009b156     0x31f4 ./Src/dsp.o
                                      0x9e33d (size before relaxing)
 .debug_str     0x000000000009e34a       0xda ./Src/main.o
                                      0x9b1a6 (size before relaxing)
 .debug_str     0x000000000009e424      0x2fb ./Src/system_stm32f7xx.o
                                      0x9b31b (size before relaxing)
 .debug_str     0x000000000009e71f       0x7f ./Src/periph/adc.o
                                      0x9b1bf (size before relaxing)
 .debug_str     0x000000000009e79e       0x14 ./Src/periph/dac.o
                                      0x9b1b7 (size before relaxing)
 .debug_str     0x000000000009e7b2       0x36 ./Src/periph/dma.o
                                      0x9b194 (size before relaxing)
 .debug_str     0x000000000009e7e8       0x50 ./Src/periph/gpio.o
                                      0x9b1c4 (size before relaxing)
 .debug_str     0x000000000009e838      0x6e8 ./Src/periph/interrupt.o
                                      0x9b96f (size before relaxing)
 .debug_str     0x000000000009ef20       0x55 ./Src/periph/rcc.o
                                      0x9b1b0 (size before relaxing)
 .debug_str     0x000000000009ef75       0x16 ./Src/periph/timer.o
                                      0x9b1cb (size before relaxing)
 .debug_str     0x000000000009ef8b       0x31 ./Startup/startup_stm32f746zgtx.o
                                         0x79 (size before relaxing)

.comment        0x0000000000000000       0x50
 .comment       0x0000000000000000       0x50 ./Src/control.o
                                         0x51 (size before relaxing)
 .comment       0x0000000000000050       0x51 ./Src/dsp.o
 .comment       0x0000000000000050       0x51 ./Src/main.o
 .comment       0x0000000000000050       0x51 ./Src/system_stm32f7xx.o
 .comment       0x0000000000000050       0x51 ./Src/periph/adc.o
 .comment       0x0000000000000050       0x51 ./Src/periph/dac.o
 .comment       0x0000000000000050       0x51 ./Src/periph/dma.o
 .comment       0x0000000000000050       0x51 ./Src/periph/gpio.o
 .comment       0x0000000000000050       0x51 ./Src/periph/interrupt.o
 .comment       0x0000000000000050       0x51 ./Src/periph/rcc.o
 .comment       0x0000000000000050       0x51 ./Src/periph/timer.o

.debug_frame    0x0000000000000000      0x4d0
 .debug_frame   0x0000000000000000       0x90 ./Src/control.o
 .debug_frame   0x0000000000000090       0xac ./Src/dsp.o
 .debug_frame   0x000000000000013c       0x30 ./Src/main.o
 .debug_frame   0x000000000000016c       0x58 ./Src/system_stm32f7xx.o
 .debug_frame   0x00000000000001c4       0x30 ./Src/periph/adc.o
 .debug_frame   0x00000000000001f4       0x30 ./Src/periph/dac.o
 .debug_frame   0x0000000000000224       0x30 ./Src/periph/dma.o
 .debug_frame   0x0000000000000254       0xa4 ./Src/periph/gpio.o
 .debug_frame   0x00000000000002f8      0x10c ./Src/periph/interrupt.o
 .debug_frame   0x0000000000000404       0x34 ./Src/periph/rcc.o
 .debug_frame   0x0000000000000438       0x6c ./Src/periph/timer.o
 .debug_frame   0x00000000000004a4       0x2c c:/st/stm32cubeide_1.9.0/stm32cubeide/plugins/com.st.stm32cube.ide.mcu.externaltools.gnu-tools-for-stm32.10.3-2021.10.win32_1.0.0.202111181127/tools/bin/../lib/gcc/arm-none-eabi/10.3.1/../../../../arm-none-eabi/lib/thumb/v7e-m+fp/hard\libc_nano.a(lib_a-init.o)
