Archive member included to satisfy reference by file (symbol)

c:/st/stm32cubeide_1.9.0/stm32cubeide/plugins/com.st.stm32cube.ide.mcu.externaltools.gnu-tools-for-stm32.10.3-2021.10.win32_1.0.0.202111181127/tools/bin/../lib/gcc/arm-none-eabi/10.3.1/../../../../arm-none-eabi/lib/thumb/v7e-m+fp/hard\libc_nano.a(lib_a-errno.o)
                              ./Src/syscalls.o (__errno)
c:/st/stm32cubeide_1.9.0/stm32cubeide/plugins/com.st.stm32cube.ide.mcu.externaltools.gnu-tools-for-stm32.10.3-2021.10.win32_1.0.0.202111181127/tools/bin/../lib/gcc/arm-none-eabi/10.3.1/../../../../arm-none-eabi/lib/thumb/v7e-m+fp/hard\libc_nano.a(lib_a-exit.o)
                              c:/st/stm32cubeide_1.9.0/stm32cubeide/plugins/com.st.stm32cube.ide.mcu.externaltools.gnu-tools-for-stm32.10.3-2021.10.win32_1.0.0.202111181127/tools/bin/../lib/gcc/arm-none-eabi/10.3.1/../../../../arm-none-eabi/lib/thumb/v7e-m+fp/hard/crt0.o (exit)
c:/st/stm32cubeide_1.9.0/stm32cubeide/plugins/com.st.stm32cube.ide.mcu.externaltools.gnu-tools-for-stm32.10.3-2021.10.win32_1.0.0.202111181127/tools/bin/../lib/gcc/arm-none-eabi/10.3.1/../../../../arm-none-eabi/lib/thumb/v7e-m+fp/hard\libc_nano.a(lib_a-impure.o)
                              c:/st/stm32cubeide_1.9.0/stm32cubeide/plugins/com.st.stm32cube.ide.mcu.externaltools.gnu-tools-for-stm32.10.3-2021.10.win32_1.0.0.202111181127/tools/bin/../lib/gcc/arm-none-eabi/10.3.1/../../../../arm-none-eabi/lib/thumb/v7e-m+fp/hard\libc_nano.a(lib_a-exit.o) (_global_impure_ptr)
c:/st/stm32cubeide_1.9.0/stm32cubeide/plugins/com.st.stm32cube.ide.mcu.externaltools.gnu-tools-for-stm32.10.3-2021.10.win32_1.0.0.202111181127/tools/bin/../lib/gcc/arm-none-eabi/10.3.1/../../../../arm-none-eabi/lib/thumb/v7e-m+fp/hard\libc_nano.a(lib_a-init.o)
                              c:/st/stm32cubeide_1.9.0/stm32cubeide/plugins/com.st.stm32cube.ide.mcu.externaltools.gnu-tools-for-stm32.10.3-2021.10.win32_1.0.0.202111181127/tools/bin/../lib/gcc/arm-none-eabi/10.3.1/../../../../arm-none-eabi/lib/thumb/v7e-m+fp/hard/crt0.o (__libc_init_array)
c:/st/stm32cubeide_1.9.0/stm32cubeide/plugins/com.st.stm32cube.ide.mcu.externaltools.gnu-tools-for-stm32.10.3-2021.10.win32_1.0.0.202111181127/tools/bin/../lib/gcc/arm-none-eabi/10.3.1/../../../../arm-none-eabi/lib/thumb/v7e-m+fp/hard\libc_nano.a(lib_a-memset.o)
                              c:/st/stm32cubeide_1.9.0/stm32cubeide/plugins/com.st.stm32cube.ide.mcu.externaltools.gnu-tools-for-stm32.10.3-2021.10.win32_1.0.0.202111181127/tools/bin/../lib/gcc/arm-none-eabi/10.3.1/../../../../arm-none-eabi/lib/thumb/v7e-m+fp/hard/crt0.o (memset)
c:/st/stm32cubeide_1.9.0/stm32cubeide/plugins/com.st.stm32cube.ide.mcu.externaltools.gnu-tools-for-stm32.10.3-2021.10.win32_1.0.0.202111181127/tools/bin/../lib/gcc/arm-none-eabi/10.3.1/../../../../arm-none-eabi/lib/thumb/v7e-m+fp/hard\libc_nano.a(lib_a-qsort.o)
                              ./Src/dsp.o (qsort)
c:/st/stm32cubeide_1.9.0/stm32cubeide/plugins/com.st.stm32cube.ide.mcu.externaltools.gnu-tools-for-stm32.10.3-2021.10.win32_1.0.0.202111181127/tools/bin/../lib/gcc/arm-none-eabi/10.3.1/thumb/v7e-m+fp/hard\libgcc.a(_arm_muldf3.o)
                              ./Src/control.o (__aeabi_dmul)
c:/st/stm32cubeide_1.9.0/stm32cubeide/plugins/com.st.stm32cube.ide.mcu.externaltools.gnu-tools-for-stm32.10.3-2021.10.win32_1.0.0.202111181127/tools/bin/../lib/gcc/arm-none-eabi/10.3.1/thumb/v7e-m+fp/hard\libgcc.a(_arm_addsubdf3.o)
                              ./Src/control.o (__aeabi_dadd)
c:/st/stm32cubeide_1.9.0/stm32cubeide/plugins/com.st.stm32cube.ide.mcu.externaltools.gnu-tools-for-stm32.10.3-2021.10.win32_1.0.0.202111181127/tools/bin/../lib/gcc/arm-none-eabi/10.3.1/thumb/v7e-m+fp/hard\libgcc.a(_arm_truncdfsf2.o)
                              ./Src/control.o (__aeabi_d2f)

Discarded input sections

 .text          0x0000000000000000        0x0 c:/st/stm32cubeide_1.9.0/stm32cubeide/plugins/com.st.stm32cube.ide.mcu.externaltools.gnu-tools-for-stm32.10.3-2021.10.win32_1.0.0.202111181127/tools/bin/../lib/gcc/arm-none-eabi/10.3.1/thumb/v7e-m+fp/hard/crti.o
 .data          0x0000000000000000        0x0 c:/st/stm32cubeide_1.9.0/stm32cubeide/plugins/com.st.stm32cube.ide.mcu.externaltools.gnu-tools-for-stm32.10.3-2021.10.win32_1.0.0.202111181127/tools/bin/../lib/gcc/arm-none-eabi/10.3.1/thumb/v7e-m+fp/hard/crti.o
 .bss           0x0000000000000000        0x0 c:/st/stm32cubeide_1.9.0/stm32cubeide/plugins/com.st.stm32cube.ide.mcu.externaltools.gnu-tools-for-stm32.10.3-2021.10.win32_1.0.0.202111181127/tools/bin/../lib/gcc/arm-none-eabi/10.3.1/thumb/v7e-m+fp/hard/crti.o
 .data          0x0000000000000000        0x4 c:/st/stm32cubeide_1.9.0/stm32cubeide/plugins/com.st.stm32cube.ide.mcu.externaltools.gnu-tools-for-stm32.10.3-2021.10.win32_1.0.0.202111181127/tools/bin/../lib/gcc/arm-none-eabi/10.3.1/thumb/v7e-m+fp/hard/crtbegin.o
[...]
Memory Configuration

Name             Origin             Length             Attributes
RAM              0x0000000020000000 0x0000000000050000 xrw
FLASH            0x0000000008000000 0x0000000000100000 xr
*default*        0x0000000000000000 0xffffffffffffffff

Linker script and memory map

LOAD c:/st/stm32cubeide_1.9.0/stm32cubeide/plugins/com.st.stm32cube.ide.mcu.externaltools.gnu-tools-for-stm32.10.3-2021.10.win32_1.0.0.202111181127/tools/bin/../lib/gcc/arm-none-eabi/10.3.1/thumb/v7e-m+fp/hard/crti.o
LOAD c:/st/stm32cubeide_1.9.0/stm32cubeide/plugins/com.st.stm32cube.ide.mcu.externaltools.gnu-tools-for-stm32.10.3-2021.10.win32_1.0.0.202111181127/tools/bin/../lib/gcc/arm-none-eabi/10.3.1/thumb/v7e-m+fp/hard/crtbegin.o
LOAD c:/st/stm32cubeide_1.9.0/stm32cubeide/plugins/com.st.stm32cube.ide.mcu.externaltools.gnu-tools-for-stm32.10.3-2021.10.win32_1.0.0.202111181127/tools/bin/../lib/gcc/arm-none-eabi/10.3.1/../../../../arm-none-eabi/lib/thumb/v7e-m+fp/hard/crt0.o
LOAD ./Src/control.o
LOAD ./Src/dsp.o
LOAD ./Src/main.o
LOAD ./Src/syscalls.o
LOAD ./Src/sysmem.o
LOAD ./Src/system_stm32f7xx.o
LOAD ./Src/periph/adc.o
LOAD ./Src/periph/dac.o
LOAD ./Src/periph/dma.o
LOAD ./Src/periph/gpio.o
LOAD ./Src/periph/interrupt.o
LOAD ./Src/periph/rcc.o
LOAD ./Src/periph/timer.o
LOAD ./Startup/startup_stm32f746zgtx.o
START GROUP
LOAD c:/st/stm32cubeide_1.9.0/stm32cubeide/plugins/com.st.stm32cube.ide.mcu.externaltools.gnu-tools-for-stm32.10.3-2021.10.win32_1.0.0.202111181127/tools/bin/../lib/gcc/arm-none-eabi/10.3.1/../../../../arm-none-eabi/lib/thumb/v7e-m+fp/hard\libstdc++_nano.a
LOAD c:/st/stm32cubeide_1.9.0/stm32cubeide/plugins/com.st.stm32cube.ide.mcu.externaltools.gnu-tools-for-stm32.10.3-2021.10.win32_1.0.0.202111181127/tools/bin/../lib/gcc/arm-none-eabi/10.3.1/../../../../arm-none-eabi/lib/thumb/v7e-m+fp/hard\libsupc++_nano.a
END GROUP
LOAD c:/st/stm32cubeide_1.9.0/stm32cubeide/plugins/com.st.stm32cube.ide.mcu.externaltools.gnu-tools-for-stm32.10.3-2021.10.win32_1.0.0.202111181127/tools/bin/../lib/gcc/arm-none-eabi/10.3.1/../../../../arm-none-eabi/lib/thumb/v7e-m+fp/hard\libstdc++_nano.a
LOAD c:/st/stm32cubeide_1.9.0/stm32cubeide/plugins/com.st.stm32cube.ide.mcu.externaltools.gnu-tools-for-stm32.10.3-2021.10.win32_1.0.0.202111181127/tools/bin/../lib/gcc/arm-none-eabi/10.3.1/../../../../arm-none-eabi/lib/thumb/v7e-m+fp/hard\libm.a
LOAD c:/st/stm32cubeide_1.9.0/stm32cubeide/plugins/com.st.stm32cube.ide.mcu.externaltools.gnu-tools-for-stm32.10.3-2021.10.win32_1.0.0.202111181127/tools/bin/../lib/gcc/arm-none-eabi/10.3.1/../../../../arm-none-eabi/lib/thumb/v7e-m+fp/hard\libc_nano.a
START GROUP
LOAD c:/st/stm32cubeide_1.9.0/stm32cubeide/plugins/com.st.stm32cube.ide.mcu.externaltools.gnu-tools-for-stm32.10.3-2021.10.win32_1.0.0.202111181127/tools/bin/../lib/gcc/arm-none-eabi/10.3.1/thumb/v7e-m+fp/hard\libgcc.a
LOAD c:/st/stm32cubeide_1.9.0/stm32cubeide/plugins/com.st.stm32cube.ide.mcu.externaltools.gnu-tools-for-stm32.10.3-2021.10.win32_1.0.0.202111181127/tools/bin/../lib/gcc/arm-none-eabi/10.3.1/../../../../arm-none-eabi/lib/thumb/v7e-m+fp/hard\libc_nano.a
END GROUP
START GROUP
LOAD c:/st/stm32cubeide_1.9.0/stm32cubeide/plugins/com.st.stm32cube.ide.mcu.externaltools.gnu-tools-for-stm32.10.3-2021.10.win32_1.0.0.202111181127/tools/bin/../lib/gcc/arm-none-eabi/10.3.1/thumb/v7e-m+fp/hard\libgcc.a
LOAD c:/st/stm32cubeide_1.9.0/stm32cubeide/plugins/com.st.stm32cube.ide.mcu.externaltools.gnu-tools-for-stm32.10.3-2021.10.win32_1.0.0.202111181127/tools/bin/../lib/gcc/arm-none-eabi/10.3.1/../../../../arm-none-eabi/lib/thumb/v7e-m+fp/hard\libc_nano.a
LOAD c:/st/stm32cubeide_1.9.0/stm32cubeide/plugins/com.st.stm32cube.ide.mcu.externaltools.gnu-tools-for-stm32.10.3-2021.10.win32_1.0.0.202111181127/tools/bin/../lib/gcc/arm-none-eabi/10.3.1/../../../../arm-none-eabi/lib/thumb/v7e-m+fp/hard\libnosys.a
END GROUP
START GROUP
LOAD c:/st/stm32cubeide_1.9.0/stm32cubeide/plugins/com.st.stm32cube.ide.mcu.externaltools.gnu-tools-for-stm32.10.3-2021.10.win32_1.0.0.202111181127/tools/bin/../lib/gcc/arm-none-eabi/10.3.1/thumb/v7e-m+fp/hard\libgcc.a
LOAD c:/st/stm32cubeide_1.9.0/stm32cubeide/plugins/com.st.stm32cube.ide.mcu.externaltools.gnu-tools-for-stm32.10.3-2021.10.win32_1.0.0.202111181127/tools/bin/../lib/gcc/arm-none-eabi/10.3.1/../../../../arm-none-eabi/lib/thumb/v7e-m+fp/hard\libc_nano.a
LOAD c:/st/stm32cubeide_1.9.0/stm32cubeide/plugins/com.st.stm32cube.ide.mcu.externaltools.gnu-tools-for-stm32.10.3-2021.10.win32_1.0.0.202111181127/tools/bin/../lib/gcc/arm-none-eabi/10.3.1/../../../../arm-none-eabi/lib/thumb/v7e-m+fp/hard\libnosys.a
END GROUP
LOAD c:/st/stm32cubeide_1.9.0/stm32cubeide/plugins/com.st.stm32cube.ide.mcu.externaltools.gnu-tools-for-stm32.10.3-2021.10.win32_1.0.0.202111181127/tools/bin/../lib/gcc/arm-none-eabi/10.3.1/thumb/v7e-m+fp/hard/crtend.o
LOAD c:/st/stm32cubeide_1.9.0/stm32cubeide/plugins/com.st.stm32cube.ide.mcu.externaltools.gnu-tools-for-stm32.10.3-2021.10.win32_1.0.0.202111181127/tools/bin/../lib/gcc/arm-none-eabi/10.3.1/thumb/v7e-m+fp/hard/crtn.o
                0x0000000020050000                _estack = (ORIGIN (RAM) + LENGTH (RAM))
                0x0000000000000200                _Min_Heap_Size = 0x200
                0x0000000000000400                _Min_Stack_Size = 0x400

.isr_vector     0x0000000008000000      0x1c8
                0x0000000008000000                . = ALIGN (0x4)
 *(.isr_vector)
 .isr_vector    0x0000000008000000      0x1c8 ./Startup/startup_stm32f746zgtx.o
                0x0000000008000000                g_pfnVectors
                0x00000000080001c8                . = ALIGN (0x4)

.text           0x00000000080001c8     0x1700
                0x00000000080001c8                . = ALIGN (0x4)
 *(.text)
 .text          0x00000000080001c8       0x40 c:/st/stm32cubeide_1.9.0/stm32cubeide/plugins/com.st.stm32cube.ide.mcu.externaltools.gnu-tools-for-stm32.10.3-2021.10.win32_1.0.0.202111181127/tools/bin/../lib/gcc/arm-none-eabi/10.3.1/thumb/v7e-m+fp/hard/crtbegin.o
 .text          0x0000000008000208      0x254 c:/st/stm32cubeide_1.9.0/stm32cubeide/plugins/com.st.stm32cube.ide.mcu.externaltools.gnu-tools-for-stm32.10.3-2021.10.win32_1.0.0.202111181127/tools/bin/../lib/gcc/arm-none-eabi/10.3.1/thumb/v7e-m+fp/hard\libgcc.a(_arm_muldf3.o)
                0x0000000008000208                __muldf3
                0x0000000008000208                __aeabi_dmul
 .text          0x000000000800045c      0x378 c:/st/stm32cubeide_1.9.0/stm32cubeide/plugins/com.st.stm32cube.ide.mcu.externaltools.gnu-tools-for-stm32.10.3-2021.10.win32_1.0.0.202111181127/tools/bin/../lib/gcc/arm-none-eabi/10.3.1/thumb/v7e-m+fp/hard\libgcc.a(_arm_addsubdf3.o)
                0x000000000800045c                __aeabi_drsub
                0x0000000008000464                __aeabi_dsub
                0x0000000008000464                __subdf3
                0x0000000008000468                __aeabi_dadd
                0x0000000008000468                __adddf3
                0x00000000080006e0                __floatunsidf
                0x00000000080006e0                __aeabi_ui2d
                0x0000000008000700                __floatsidf
                0x0000000008000700                __aeabi_i2d
                0x0000000008000724                __aeabi_f2d
                0x0000000008000724                __extendsfdf2
                0x0000000008000768                __floatundidf
                0x0000000008000768                __aeabi_ul2d
                0x0000000008000778                __floatdidf
                0x0000000008000778                __aeabi_l2d
 .text          0x00000000080007d4       0xa0 c:/st/stm32cubeide_1.9.0/stm32cubeide/plugins/com.st.stm32cube.ide.mcu.externaltools.gnu-tools-for-stm32.10.3-2021.10.win32_1.0.0.202111181127/tools/bin/../lib/gcc/arm-none-eabi/10.3.1/thumb/v7e-m+fp/hard\libgcc.a(_arm_truncdfsf2.o)
                0x00000000080007d4                __truncdfsf2
                0x00000000080007d4                __aeabi_d2f
 *(.text*)
 .text.DMA2_Stream0_IRQHandler
                0x0000000008000874      0x144 ./Src/control.o
                0x0000000008000874                DMA2_Stream0_IRQHandler
 .text.shift_and_scale
                0x00000000080009b8       0xfc ./Src/control.o
                0x00000000080009b8                shift_and_scale
 .text.set_shifts
                0x0000000008000ab4       0x7c ./Src/control.o
                0x0000000008000ab4                set_shifts
 .text.protect_software
                0x0000000008000b30       0xb0 ./Src/control.o
                0x0000000008000b30                protect_software
 .text.integral_protect
                0x0000000008000be0       0xbc ./Src/control.o
                0x0000000008000be0                integral_protect
 .text.Trapezoidal_Integrator
                0x0000000008000c9c       0xb8 ./Src/dsp.o
                0x0000000008000c9c                Trapezoidal_Integrator
 .text.BackwardEuler_Diff
                0x0000000008000d54       0x42 ./Src/dsp.o
                0x0000000008000d54                BackwardEuler_Diff
 .text.PID_Controller
                0x0000000008000d96       0xb8 ./Src/dsp.o
                0x0000000008000d96                PID_Controller
 *fill*         0x0000000008000e4e        0x2 
 .text.main     0x0000000008000e50       0x74 ./Src/main.o
                0x0000000008000e50                main
 .text.SystemInit
                0x0000000008000ec4       0x24 ./Src/system_stm32f7xx.o
                0x0000000008000ec4                SystemInit
 .text.SystemCoreClockUpdate
                0x0000000008000ee8      0x100 ./Src/system_stm32f7xx.o
                0x0000000008000ee8                SystemCoreClockUpdate
 .text.init_ADC
                0x0000000008000fe8      0x188 ./Src/periph/adc.o
                0x0000000008000fe8                init_ADC
 .text.init_DAC
                0x0000000008001170       0x30 ./Src/periph/dac.o
                0x0000000008001170                init_DAC
 .text.init_DMA
                0x00000000080011a0       0x98 ./Src/periph/dma.o
                0x00000000080011a0                init_DMA
 .text.init_GPIO
                0x0000000008001238       0xfc ./Src/periph/gpio.o
                0x0000000008001238                init_GPIO
 .text.init_GPIO_Output
                0x0000000008001334       0x2a ./Src/periph/gpio.o
                0x0000000008001334                init_GPIO_Output
 .text.init_GPIO_AFunction
                0x000000000800135e       0x72 ./Src/periph/gpio.o
                0x000000000800135e                init_GPIO_AFunction
 .text.init_GPIO_Analog
                0x00000000080013d0       0x2a ./Src/periph/gpio.o
                0x00000000080013d0                init_GPIO_Analog
 *fill*         0x00000000080013fa        0x2 
 .text.__NVIC_SetPriorityGrouping
                0x00000000080013fc       0x48 ./Src/periph/interrupt.o
 .text.__NVIC_GetPriorityGrouping
                0x0000000008001444       0x1c ./Src/periph/interrupt.o
 .text.__NVIC_EnableIRQ
                0x0000000008001460       0x3c ./Src/periph/interrupt.o
 .text.__NVIC_SetPriority
                0x000000000800149c       0x54 ./Src/periph/interrupt.o
 .text.NVIC_EncodePriority
                0x00000000080014f0       0x66 ./Src/periph/interrupt.o
 .text.init_INTERRUPT
                0x0000000008001556       0x2e ./Src/periph/interrupt.o
                0x0000000008001556                init_INTERRUPT
 .text.TIM8_UP_TIM13_IRQHandler
                0x0000000008001584       0x24 ./Src/periph/interrupt.o
                0x0000000008001584                TIM8_UP_TIM13_IRQHandler
 .text.SCB_EnableICache
                0x00000000080015a8       0x4c ./Src/periph/rcc.o
 .text.SCB_InvalidateICache
                0x00000000080015f4       0x34 ./Src/periph/rcc.o
 .text.init_RCC
                0x0000000008001628      0x128 ./Src/periph/rcc.o
                0x0000000008001628                init_RCC
 .text.init_TIMER8
                0x0000000008001750       0x84 ./Src/periph/timer.o
                0x0000000008001750                init_TIMER8
 .text.timer_PWM_On
                0x00000000080017d4       0x20 ./Src/periph/timer.o
                0x00000000080017d4                timer_PWM_On
 .text.timer_PWM_Off
                0x00000000080017f4       0x20 ./Src/periph/timer.o
                0x00000000080017f4                timer_PWM_Off
 .text.Reset_Handler
                0x0000000008001814       0x50 ./Startup/startup_stm32f746zgtx.o
                0x0000000008001814                Reset_Handler
 .text.Default_Handler
                0x0000000008001864        0x2 ./Startup/startup_stm32f746zgtx.o
                0x0000000008001864                HASH_RNG_IRQHandler
                0x0000000008001864                EXTI2_IRQHandler
                0x0000000008001864                TIM8_CC_IRQHandler
                0x0000000008001864                DebugMon_Handler
                0x0000000008001864                UART8_IRQHandler
                0x0000000008001864                SPI4_IRQHandler
                0x0000000008001864                TIM1_CC_IRQHandler
                0x0000000008001864                QuadSPI_IRQHandler
                0x0000000008001864                DMA2_Stream5_IRQHandler
                0x0000000008001864                HardFault_Handler
                0x0000000008001864                DMA1_Stream5_IRQHandler
                0x0000000008001864                SysTick_Handler
                0x0000000008001864                PVD_IRQHandler
                0x0000000008001864                TAMP_STAMP_IRQHandler
                0x0000000008001864                PendSV_Handler
                0x0000000008001864                NMI_Handler
                0x0000000008001864                CAN2_RX1_IRQHandler
                0x0000000008001864                EXTI3_IRQHandler
                0x0000000008001864                TIM8_TRG_COM_TIM14_IRQHandler
                0x0000000008001864                TIM1_UP_TIM10_IRQHandler
                0x0000000008001864                I2C3_ER_IRQHandler
                0x0000000008001864                LCD_TFT_IRQHandler
                0x0000000008001864                EXTI0_IRQHandler
                0x0000000008001864                I2C2_EV_IRQHandler
                0x0000000008001864                DMA1_Stream2_IRQHandler
                0x0000000008001864                CAN1_RX0_IRQHandler
                0x0000000008001864                FPU_IRQHandler
                0x0000000008001864                OTG_HS_WKUP_IRQHandler
                0x0000000008001864                UsageFault_Handler
                0x0000000008001864                LTDC_ER_IRQHandler
                0x0000000008001864                CAN2_SCE_IRQHandler
                0x0000000008001864                DMA2_Stream2_IRQHandler
                0x0000000008001864                SPI1_IRQHandler
                0x0000000008001864                TIM6_DAC_IRQHandler
                0x0000000008001864                TIM1_BRK_TIM9_IRQHandler
                0x0000000008001864                DCMI_IRQHandler
                0x0000000008001864                CAN2_RX0_IRQHandler
                0x0000000008001864                DMA2_Stream3_IRQHandler
                0x0000000008001864                RTC_ALARM_IRQHandler
                0x0000000008001864                SAI2_IRQHandler
                0x0000000008001864                USART6_IRQHandler
                0x0000000008001864                USART3_IRQHandler
                0x0000000008001864                CRYP_IRQHandler
                0x0000000008001864                CAN1_RX1_IRQHandler
                0x0000000008001864                UART5_IRQHandler
                0x0000000008001864                TIM4_IRQHandler
                0x0000000008001864                I2C1_EV_IRQHandler
                0x0000000008001864                HDMI_CEC_IRQHandler
                0x0000000008001864                DMA1_Stream6_IRQHandler
                0x0000000008001864                DMA1_Stream1_IRQHandler
                0x0000000008001864                UART4_IRQHandler
                0x0000000008001864                TIM3_IRQHandler
                0x0000000008001864                RCC_IRQHandler
                0x0000000008001864                TIM8_BRK_TIM12_IRQHandler
                0x0000000008001864                Default_Handler
                0x0000000008001864                EXTI15_10_IRQHandler
                0x0000000008001864                ADC_IRQHandler
                0x0000000008001864                DMA1_Stream7_IRQHandler
                0x0000000008001864                SPI5_IRQHandler
                0x0000000008001864                LPTimer1_IRQHandler
                0x0000000008001864                TIM7_IRQHandler
                0x0000000008001864                SDMMC1_IRQHandler
                0x0000000008001864                CAN2_TX_IRQHandler
                0x0000000008001864                TIM5_IRQHandler
                0x0000000008001864                DMA2_Stream7_IRQHandler
                0x0000000008001864                I2C3_EV_IRQHandler
                0x0000000008001864                EXTI9_5_IRQHandler
                0x0000000008001864                RTC_WKUP_IRQHandler
                0x0000000008001864                ETH_WKUP_IRQHandler
                0x0000000008001864                SPI2_IRQHandler
                0x0000000008001864                OTG_HS_EP1_IN_IRQHandler
                0x0000000008001864                MemManage_Handler
                0x0000000008001864                DMA1_Stream0_IRQHandler
                0x0000000008001864                CAN1_TX_IRQHandler
                0x0000000008001864                SVC_Handler
                0x0000000008001864                EXTI4_IRQHandler
                0x0000000008001864                ETH_IRQHandler
                0x0000000008001864                OTG_HS_EP1_OUT_IRQHandler
                0x0000000008001864                WWDG_IRQHandler
                0x0000000008001864                SPI6_IRQHandler
                0x0000000008001864                I2C4_EV_IRQHandler
                0x0000000008001864                TIM2_IRQHandler
                0x0000000008001864                OTG_FS_WKUP_IRQHandler
                0x0000000008001864                TIM1_TRG_COM_TIM11_IRQHandler
                0x0000000008001864                OTG_HS_IRQHandler
                0x0000000008001864                DMA2D_IRQHandler
                0x0000000008001864                EXTI1_IRQHandler
                0x0000000008001864                UART7_IRQHandler
                0x0000000008001864                USART2_IRQHandler
                0x0000000008001864                I2C2_ER_IRQHandler
                0x0000000008001864                SPDIFRX_IRQHandler
                0x0000000008001864                DMA2_Stream1_IRQHandler
                0x0000000008001864                CAN1_SCE_IRQHandler
                0x0000000008001864                FLASH_IRQHandler
                0x0000000008001864                DMA2_Stream4_IRQHandler
                0x0000000008001864                BusFault_Handler
                0x0000000008001864                USART1_IRQHandler
                0x0000000008001864                OTG_FS_IRQHandler
                0x0000000008001864                SPI3_IRQHandler
                0x0000000008001864                DMA1_Stream4_IRQHandler
                0x0000000008001864                I2C1_ER_IRQHandler
                0x0000000008001864                FMC_IRQHandler
                0x0000000008001864                I2C4_ER_IRQHandler
                0x0000000008001864                DMA2_Stream6_IRQHandler
                0x0000000008001864                SAI1_IRQHandler
                0x0000000008001864                DMA1_Stream3_IRQHandler
 *fill*         0x0000000008001866        0x2 
 .text.__libc_init_array
                0x0000000008001868       0x48 c:/st/stm32cubeide_1.9.0/stm32cubeide/plugins/com.st.stm32cube.ide.mcu.externaltools.gnu-tools-for-stm32.10.3-2021.10.win32_1.0.0.202111181127/tools/bin/../lib/gcc/arm-none-eabi/10.3.1/../../../../arm-none-eabi/lib/thumb/v7e-m+fp/hard\libc_nano.a(lib_a-init.o)
                0x0000000008001868                __libc_init_array
 *(.glue_7)
 .glue_7        0x00000000080018b0        0x0 linker stubs
 *(.glue_7t)
 .glue_7t       0x00000000080018b0        0x0 linker stubs
 *(.eh_frame)
 .eh_frame      0x00000000080018b0        0x0 c:/st/stm32cubeide_1.9.0/stm32cubeide/plugins/com.st.stm32cube.ide.mcu.externaltools.gnu-tools-for-stm32.10.3-2021.10.win32_1.0.0.202111181127/tools/bin/../lib/gcc/arm-none-eabi/10.3.1/thumb/v7e-m+fp/hard/crtbegin.o
 *(.init)
 .init          0x00000000080018b0        0x4 c:/st/stm32cubeide_1.9.0/stm32cubeide/plugins/com.st.stm32cube.ide.mcu.externaltools.gnu-tools-for-stm32.10.3-2021.10.win32_1.0.0.202111181127/tools/bin/../lib/gcc/arm-none-eabi/10.3.1/thumb/v7e-m+fp/hard/crti.o
                0x00000000080018b0                _init
 .init          0x00000000080018b4        0x8 c:/st/stm32cubeide_1.9.0/stm32cubeide/plugins/com.st.stm32cube.ide.mcu.externaltools.gnu-tools-for-stm32.10.3-2021.10.win32_1.0.0.202111181127/tools/bin/../lib/gcc/arm-none-eabi/10.3.1/thumb/v7e-m+fp/hard/crtn.o
 *(.fini)
 .fini          0x00000000080018bc        0x4 c:/st/stm32cubeide_1.9.0/stm32cubeide/plugins/com.st.stm32cube.ide.mcu.externaltools.gnu-tools-for-stm32.10.3-2021.10.win32_1.0.0.202111181127/tools/bin/../lib/gcc/arm-none-eabi/10.3.1/thumb/v7e-m+fp/hard/crti.o
                0x00000000080018bc                _fini
 .fini          0x00000000080018c0        0x8 c:/st/stm32cubeide_1.9.0/stm32cubeide/plugins/com.st.stm32cube.ide.mcu.externaltools.gnu-tools-for-stm32.10.3-2021.10.win32_1.0.0.202111181127/tools/bin/../lib/gcc/arm-none-eabi/10.3.1/thumb/v7e-m+fp/hard/crtn.o
                0x00000000080018c8                . = ALIGN (0x4)
                0x00000000080018c8                _etext = .

.vfp11_veneer   0x00000000080018c8        0x0
 .vfp11_veneer  0x00000000080018c8        0x0 linker stubs

.v4_bx          0x00000000080018c8        0x0
 .v4_bx         0x00000000080018c8        0x0 linker stubs

.iplt           0x00000000080018c8        0x0
 .iplt          0x00000000080018c8        0x0 c:/st/stm32cubeide_1.9.0/stm32cubeide/plugins/com.st.stm32cube.ide.mcu.externaltools.gnu-tools-for-stm32.10.3-2021.10.win32_1.0.0.202111181127/tools/bin/../lib/gcc/arm-none-eabi/10.3.1/thumb/v7e-m+fp/hard/crtbegin.o

.rodata         0x00000000080018c8       0x10
                0x00000000080018c8                . = ALIGN (0x4)
 *(.rodata)
 *(.rodata*)
 .rodata.AHBPrescTable
                0x00000000080018c8       0x10 ./Src/system_stm32f7xx.o
                0x00000000080018c8                AHBPrescTable
                0x00000000080018d8                . = ALIGN (0x4)

.rel.dyn        0x00000000080018d8        0x0
 .rel.iplt      0x00000000080018d8        0x0 c:/st/stm32cubeide_1.9.0/stm32cubeide/plugins/com.st.stm32cube.ide.mcu.externaltools.gnu-tools-for-stm32.10.3-2021.10.win32_1.0.0.202111181127/tools/bin/../lib/gcc/arm-none-eabi/10.3.1/thumb/v7e-m+fp/hard/crtbegin.o

.ARM.extab      0x00000000080018d8        0x0
                0x00000000080018d8                . = ALIGN (0x4)
 *(.ARM.extab* .gnu.linkonce.armextab.*)
                0x00000000080018d8                . = ALIGN (0x4)

.ARM            0x00000000080018d8        0x0
                0x00000000080018d8                . = ALIGN (0x4)
                0x00000000080018d8                __exidx_start = .
 *(.ARM.exidx*)
                0x00000000080018d8                __exidx_end = .
                0x00000000080018d8                . = ALIGN (0x4)

.preinit_array  0x00000000080018d8        0x0
                0x00000000080018d8                . = ALIGN (0x4)
                0x00000000080018d8                PROVIDE (__preinit_array_start = .)
 *(.preinit_array*)
                0x00000000080018d8                PROVIDE (__preinit_array_end = .)
                0x00000000080018d8                . = ALIGN (0x4)

.init_array     0x00000000080018d8        0x4
                0x00000000080018d8                . = ALIGN (0x4)
                0x00000000080018d8                PROVIDE (__init_array_start = .)
 *(SORT_BY_NAME(.init_array.*))
 *(.init_array*)
 .init_array    0x00000000080018d8        0x4 c:/st/stm32cubeide_1.9.0/stm32cubeide/plugins/com.st.stm32cube.ide.mcu.externaltools.gnu-tools-for-stm32.10.3-2021.10.win32_1.0.0.202111181127/tools/bin/../lib/gcc/arm-none-eabi/10.3.1/thumb/v7e-m+fp/hard/crtbegin.o
                0x00000000080018dc                PROVIDE (__init_array_end = .)
                0x00000000080018dc                . = ALIGN (0x4)

.fini_array     0x00000000080018dc        0x4
                0x00000000080018dc                . = ALIGN (0x4)
                [!provide]                        PROVIDE (__fini_array_start = .)
 *(SORT_BY_NAME(.fini_array.*))
 *(.fini_array*)
 .fini_array    0x00000000080018dc        0x4 c:/st/stm32cubeide_1.9.0/stm32cubeide/plugins/com.st.stm32cube.ide.mcu.externaltools.gnu-tools-for-stm32.10.3-2021.10.win32_1.0.0.202111181127/tools/bin/../lib/gcc/arm-none-eabi/10.3.1/thumb/v7e-m+fp/hard/crtbegin.o
                [!provide]                        PROVIDE (__fini_array_end = .)
                0x00000000080018e0                . = ALIGN (0x4)
                0x00000000080018e0                _sidata = LOADADDR (.data)

.data           0x0000000020000000       0xc8 load address 0x00000000080018e0
                0x0000000020000000                . = ALIGN (0x4)
                0x0000000020000000                _sdata = .
 *(.data)
 *(.data*)
 .data.Boost_Measure
                0x0000000020000000       0x7c ./Src/control.o
                0x0000000020000000                Boost_Measure
 .data.Boost_Protect
                0x000000002000007c       0x24 ./Src/control.o
                0x000000002000007c                Boost_Protect
 .data.PID_CONTROLLER
                0x00000000200000a0       0x24 ./Src/control.o
                0x00000000200000a0                PID_CONTROLLER
 .data.SystemCoreClock
                0x00000000200000c4        0x4 ./Src/system_stm32f7xx.o
                0x00000000200000c4                SystemCoreClock
 *(.RamFunc)
 *(.RamFunc*)
                0x00000000200000c8                . = ALIGN (0x4)
                0x00000000200000c8                _edata = .

.igot.plt       0x00000000200000c8        0x0 load address 0x00000000080019a8
 .igot.plt      0x00000000200000c8        0x0 c:/st/stm32cubeide_1.9.0/stm32cubeide/plugins/com.st.stm32cube.ide.mcu.externaltools.gnu-tools-for-stm32.10.3-2021.10.win32_1.0.0.202111181127/tools/bin/../lib/gcc/arm-none-eabi/10.3.1/thumb/v7e-m+fp/hard/crtbegin.o
                0x00000000200000c8                . = ALIGN (0x4)

.bss            0x00000000200000c8       0x3c load address 0x00000000080019a8
                0x00000000200000c8                _sbss = .
                0x00000000200000c8                __bss_start__ = _sbss
 *(.bss)
 .bss           0x00000000200000c8       0x1c c:/st/stm32cubeide_1.9.0/stm32cubeide/plugins/com.st.stm32cube.ide.mcu.externaltools.gnu-tools-for-stm32.10.3-2021.10.win32_1.0.0.202111181127/tools/bin/../lib/gcc/arm-none-eabi/10.3.1/thumb/v7e-m+fp/hard/crtbegin.o
 *(.bss*)
 .bss.Boost_Control
                0x00000000200000e4        0x4 ./Src/control.o
                0x00000000200000e4                Boost_Control
 .bss.REF_CONTROLLER
                0x00000000200000e8        0x4 ./Src/control.o
                0x00000000200000e8                REF_CONTROLLER
 .bss.ADC_Buffer
                0x00000000200000ec       0x18 ./Src/periph/dma.o
                0x00000000200000ec                ADC_Buffer
 *(COMMON)
                0x0000000020000104                . = ALIGN (0x4)
                0x0000000020000104                _ebss = .
                0x0000000020000104                __bss_end__ = _ebss

._user_heap_stack
                0x0000000020000104      0x604 load address 0x00000000080019a8
                0x0000000020000108                . = ALIGN (0x8)
 *fill*         0x0000000020000104        0x4 
                [!provide]                        PROVIDE (end = .)
                0x0000000020000108                PROVIDE (_end = .)
                0x0000000020000308                . = (. + _Min_Heap_Size)
 *fill*         0x0000000020000108      0x200 
                0x0000000020000708                . = (. + _Min_Stack_Size)
 *fill*         0x0000000020000308      0x400 
                0x0000000020000708                . = ALIGN (0x8)

/DISCARD/
 libc.a(*)
 libm.a(*)
 libgcc.a(*)

.ARM.attributes
                0x0000000000000000       0x30
 *(.ARM.attributes)
 .ARM.attributes
                0x0000000000000000       0x1e c:/st/stm32cubeide_1.9.0/stm32cubeide/plugins/com.st.stm32cube.ide.mcu.externaltools.gnu-tools-for-stm32.10.3-2021.10.win32_1.0.0.202111181127/tools/bin/../lib/gcc/arm-none-eabi/10.3.1/thumb/v7e-m+fp/hard/crti.o
 .ARM.attributes
                0x000000000000001e       0x34 c:/st/stm32cubeide_1.9.0/stm32cubeide/plugins/com.st.stm32cube.ide.mcu.externaltools.gnu-tools-for-stm32.10.3-2021.10.win32_1.0.0.202111181127/tools/bin/../lib/gcc/arm-none-eabi/10.3.1/thumb/v7e-m+fp/hard/crtbegin.o
 .ARM.attributes
                0x0000000000000052       0x34 ./Src/control.o
 .ARM.attributes
                0x0000000000000086       0x34 ./Src/dsp.o
 .ARM.attributes
                0x00000000000000ba       0x34 ./Src/main.o
 .ARM.attributes
                0x00000000000000ee       0x34 ./Src/system_stm32f7xx.o
 .ARM.attributes
                0x0000000000000122       0x34 ./Src/periph/adc.o
 .ARM.attributes
                0x0000000000000156       0x34 ./Src/periph/dac.o
 .ARM.attributes
                0x000000000000018a       0x34 ./Src/periph/dma.o
 .ARM.attributes
                0x00000000000001be       0x34 ./Src/periph/gpio.o
 .ARM.attributes
                0x00000000000001f2       0x34 ./Src/periph/interrupt.o
 .ARM.attributes
                0x0000000000000226       0x34 ./Src/periph/rcc.o
 .ARM.attributes
                0x000000000000025a       0x34 ./Src/periph/timer.o
 .ARM.attributes
                0x000000000000028e       0x21 ./Startup/startup_stm32f746zgtx.o
 .ARM.attributes
                0x00000000000002af       0x34 c:/st/stm32cubeide_1.9.0/stm32cubeide/plugins/com.st.stm32cube.ide.mcu.externaltools.gnu-tools-for-stm32.10.3-2021.10.win32_1.0.0.202111181127/tools/bin/../lib/gcc/arm-none-eabi/10.3.1/../../../../arm-none-eabi/lib/thumb/v7e-m+fp/hard\libc_nano.a(lib_a-init.o)
 .ARM.attributes
                0x00000000000002e3       0x1e c:/st/stm32cubeide_1.9.0/stm32cubeide/plugins/com.st.stm32cube.ide.mcu.externaltools.gnu-tools-for-stm32.10.3-2021.10.win32_1.0.0.202111181127/tools/bin/../lib/gcc/arm-none-eabi/10.3.1/thumb/v7e-m+fp/hard\libgcc.a(_arm_muldf3.o)
 .ARM.attributes
                0x0000000000000301       0x1e c:/st/stm32cubeide_1.9.0/stm32cubeide/plugins/com.st.stm32cube.ide.mcu.externaltools.gnu-tools-for-stm32.10.3-2021.10.win32_1.0.0.202111181127/tools/bin/../lib/gcc/arm-none-eabi/10.3.1/thumb/v7e-m+fp/hard\libgcc.a(_arm_addsubdf3.o)
 .ARM.attributes
                0x000000000000031f       0x1e c:/st/stm32cubeide_1.9.0/stm32cubeide/plugins/com.st.stm32cube.ide.mcu.externaltools.gnu-tools-for-stm32.10.3-2021.10.win32_1.0.0.202111181127/tools/bin/../lib/gcc/arm-none-eabi/10.3.1/thumb/v7e-m+fp/hard\libgcc.a(_arm_truncdfsf2.o)
 .ARM.attributes
                0x000000000000033d       0x1e c:/st/stm32cubeide_1.9.0/stm32cubeide/plugins/com.st.stm32cube.ide.mcu.externaltools.gnu-tools-for-stm32.10.3-2021.10.win32_1.0.0.202111181127/tools/bin/../lib/gcc/arm-none-eabi/10.3.1/thumb/v7e-m+fp/hard/crtn.o
OUTPUT(main course2.elf elf32-littlearm)
LOAD linker stubs
LOAD c:/st/stm32cubeide_1.9.0/stm32cubeide/plugins/com.st.stm32cube.ide.mcu.externaltools.gnu-tools-for-stm32.10.3-2021.10.win32_1.0.0.202111181127/tools/bin/../lib/gcc/arm-none-eabi/10.3.1/../../../../arm-none-eabi/lib/thumb/v7e-m+fp/hard\libc.a
LOAD c:/st/stm32cubeide_1.9.0/stm32cubeide/plugins/com.st.stm32cube.ide.mcu.externaltools.gnu-tools-for-stm32.10.3-2021.10.win32_1.0.0.202111181127/tools/bin/../lib/gcc/arm-none-eabi/10.3.1/../../../../arm-none-eabi/lib/thumb/v7e-m+fp/hard\libm.a
LOAD c:/st/stm32cubeide_1.9.0/stm32cubeide/plugins/com.st.stm32cube.ide.mcu.externaltools.gnu-tools-for-stm32.10.3-2021.10.win32_1.0.0.202111181127/tools/bin/../lib/gcc/arm-none-eabi/10.3.1/thumb/v7e-m+fp/hard\libgcc.a

.debug_info     0x0000000000000000     0x40cc
 .debug_info    0x0000000000000000      0x876 ./Src/control.o
 .debug_info    0x0000000000000876      0x828 ./Src/dsp.o
 .debug_info    0x000000000000109e      0x302 ./Src/main.o
 .debug_info    0x00000000000013a0      0x725 ./Src/system_stm32f7xx.o
 .debug_info    0x0000000000001ac5      0x3e9 ./Src/periph/adc.o
 .debug_info    0x0000000000001eae      0x36e ./Src/periph/dac.o
 .debug_info    0x000000000000221c      0x368 ./Src/periph/dma.o
 .debug_info    0x0000000000002584      0x3f2 ./Src/periph/gpio.o
 .debug_info    0x0000000000002976      0xafe ./Src/periph/interrupt.o
 .debug_info    0x0000000000003474      0x818 ./Src/periph/rcc.o
 .debug_info    0x0000000000003c8c      0x41e ./Src/periph/timer.o
 .debug_info    0x00000000000040aa       0x22 ./Startup/startup_stm32f746zgtx.o

.debug_abbrev   0x0000000000000000      0xde5
 .debug_abbrev  0x0000000000000000      0x1ea ./Src/control.o
 .debug_abbrev  0x00000000000001ea      0x23c ./Src/dsp.o
 .debug_abbrev  0x0000000000000426      0x14a ./Src/main.o
 .debug_abbrev  0x0000000000000570      0x136 ./Src/system_stm32f7xx.o
 .debug_abbrev  0x00000000000006a6       0xe0 ./Src/periph/adc.o
 .debug_abbrev  0x0000000000000786       0xaf ./Src/periph/dac.o
 .debug_abbrev  0x0000000000000835       0xe2 ./Src/periph/dma.o
 .debug_abbrev  0x0000000000000917       0xf6 ./Src/periph/gpio.o
 .debug_abbrev  0x0000000000000a0d      0x1c5 ./Src/periph/interrupt.o
 .debug_abbrev  0x0000000000000bd2      0x138 ./Src/periph/rcc.o
 .debug_abbrev  0x0000000000000d0a       0xc9 ./Src/periph/timer.o
 .debug_abbrev  0x0000000000000dd3       0x12 ./Startup/startup_stm32f746zgtx.o

.debug_aranges  0x0000000000000000      0x270
 .debug_aranges
                0x0000000000000000       0x40 ./Src/control.o
 .debug_aranges
                0x0000000000000040       0x78 ./Src/dsp.o
 .debug_aranges
                0x00000000000000b8       0x20 ./Src/main.o
 .debug_aranges
                0x00000000000000d8       0x28 ./Src/system_stm32f7xx.o
 .debug_aranges
                0x0000000000000100       0x20 ./Src/periph/adc.o
 .debug_aranges
                0x0000000000000120       0x20 ./Src/periph/dac.o
 .debug_aranges
                0x0000000000000140       0x20 ./Src/periph/dma.o
 .debug_aranges
                0x0000000000000160       0x38 ./Src/periph/gpio.o
 .debug_aranges
                0x0000000000000198       0x50 ./Src/periph/interrupt.o
 .debug_aranges
                0x00000000000001e8       0x30 ./Src/periph/rcc.o
 .debug_aranges
                0x0000000000000218       0x30 ./Src/periph/timer.o
 .debug_aranges
                0x0000000000000248       0x28 ./Startup/startup_stm32f746zgtx.o

.debug_ranges   0x0000000000000000      0x1b8
 .debug_ranges  0x0000000000000000       0x30 ./Src/control.o
 .debug_ranges  0x0000000000000030       0x68 ./Src/dsp.o
 .debug_ranges  0x0000000000000098       0x10 ./Src/main.o
 .debug_ranges  0x00000000000000a8       0x18 ./Src/system_stm32f7xx.o
 .debug_ranges  0x00000000000000c0       0x10 ./Src/periph/adc.o
 .debug_ranges  0x00000000000000d0       0x10 ./Src/periph/dac.o
 .debug_ranges  0x00000000000000e0       0x10 ./Src/periph/dma.o
 .debug_ranges  0x00000000000000f0       0x28 ./Src/periph/gpio.o
 .debug_ranges  0x0000000000000118       0x40 ./Src/periph/interrupt.o
 .debug_ranges  0x0000000000000158       0x20 ./Src/periph/rcc.o
 .debug_ranges  0x0000000000000178       0x20 ./Src/periph/timer.o
 .debug_ranges  0x0000000000000198       0x20 ./Startup/startup_stm32f746zgtx.o

.debug_macro    0x0000000000000000    0x1cc58
 .debug_macro   0x0000000000000000       0xff ./Src/control.o
 .debug_macro   0x00000000000000ff      0xa84 ./Src/control.o
 .debug_macro   0x0000000000000b83       0x28 ./Src/control.o
 .debug_macro   0x0000000000000bab       0x3b ./Src/control.o
 .debug_macro   0x0000000000000be6       0x22 ./Src/control.o
 .debug_macro   0x0000000000000c08       0x8e ./Src/control.o
 .debug_macro   0x0000000000000c96       0x51 ./Src/control.o
 .debug_macro   0x0000000000000ce7      0x103 ./Src/control.o
 .debug_macro   0x0000000000000dea       0x6a ./Src/control.o
 .debug_macro   0x0000000000000e54      0x1df ./Src/control.o
 .debug_macro   0x0000000000001033       0x1c ./Src/control.o
 .debug_macro   0x000000000000104f       0x22 ./Src/control.o
 .debug_macro   0x0000000000001071       0xd9 ./Src/control.o
 .debug_macro   0x000000000000114a     0x12cd ./Src/control.o
 .debug_macro   0x0000000000002417      0x11f ./Src/control.o
 .debug_macro   0x0000000000002536       0x19 ./Src/control.o
 .debug_macro   0x000000000000254f    0x1920a ./Src/control.o
 .debug_macro   0x000000000001b759       0x6d ./Src/control.o
 .debug_macro   0x000000000001b7c6       0x10 ./Src/control.o
 .debug_macro   0x000000000001b7d6       0x3a ./Src/control.o
 .debug_macro   0x000000000001b810      0x1ee ./Src/dsp.o
 .debug_macro   0x000000000001b9fe       0x52 ./Src/dsp.o
 .debug_macro   0x000000000001ba50       0x1e ./Src/dsp.o
 .debug_macro   0x000000000001ba6e       0x3c ./Src/dsp.o
 .debug_macro   0x000000000001baaa       0x34 ./Src/dsp.o
 .debug_macro   0x000000000001bade      0x174 ./Src/dsp.o
 .debug_macro   0x000000000001bc52       0x16 ./Src/dsp.o
 .debug_macro   0x000000000001bc68       0x43 ./Src/dsp.o
 .debug_macro   0x000000000001bcab       0x34 ./Src/dsp.o
 .debug_macro   0x000000000001bcdf       0x10 ./Src/dsp.o
 .debug_macro   0x000000000001bcef       0x58 ./Src/dsp.o
 .debug_macro   0x000000000001bd47       0x71 ./Src/dsp.o
 .debug_macro   0x000000000001bdb8       0x1c ./Src/dsp.o
 .debug_macro   0x000000000001bdd4      0x12a ./Src/dsp.o
 .debug_macro   0x000000000001befe      0x341 ./Src/dsp.o
 .debug_macro   0x000000000001c23f       0x10 ./Src/dsp.o
 .debug_macro   0x000000000001c24f       0x35 ./Src/dsp.o
 .debug_macro   0x000000000001c284       0x20 ./Src/dsp.o
 .debug_macro   0x000000000001c2a4       0x16 ./Src/dsp.o
 .debug_macro   0x000000000001c2ba       0x16 ./Src/dsp.o
 .debug_macro   0x000000000001c2d0       0x29 ./Src/dsp.o
 .debug_macro   0x000000000001c2f9      0x19b ./Src/dsp.o
 .debug_macro   0x000000000001c494      0x11a ./Src/main.o
 .debug_macro   0x000000000001c5ae       0xd7 ./Src/system_stm32f7xx.o
 .debug_macro   0x000000000001c685       0xd5 ./Src/periph/adc.o
 .debug_macro   0x000000000001c75a       0xd5 ./Src/periph/dac.o
 .debug_macro   0x000000000001c82f       0xd5 ./Src/periph/dma.o
 .debug_macro   0x000000000001c904       0xd5 ./Src/periph/gpio.o
 .debug_macro   0x000000000001c9d9       0xd5 ./Src/periph/interrupt.o
 .debug_macro   0x000000000001caae       0xd5 ./Src/periph/rcc.o
 .debug_macro   0x000000000001cb83       0xd5 ./Src/periph/timer.o

.debug_line     0x0000000000000000     0x4524
 .debug_line    0x0000000000000000      0x78e ./Src/control.o
 .debug_line    0x000000000000078e      0xa41 ./Src/dsp.o
 .debug_line    0x00000000000011cf      0x5b6 ./Src/main.o
 .debug_line    0x0000000000001785      0x55f ./Src/system_stm32f7xx.o
 .debug_line    0x0000000000001ce4      0x54a ./Src/periph/adc.o
 .debug_line    0x000000000000222e      0x524 ./Src/periph/dac.o
 .debug_line    0x0000000000002752      0x540 ./Src/periph/dma.o
 .debug_line    0x0000000000002c92      0x5c6 ./Src/periph/gpio.o
 .debug_line    0x0000000000003258      0x662 ./Src/periph/interrupt.o
 .debug_line    0x00000000000038ba      0x675 ./Src/periph/rcc.o
 .debug_line    0x0000000000003f2f      0x571 ./Src/periph/timer.o
 .debug_line    0x00000000000044a0       0x84 ./Startup/startup_stm32f746zgtx.o

.debug_str      0x0000000000000000    0x9fae2
 .debug_str     0x0000000000000000    0x9b317 ./Src/control.o
                                      0x9b4b0 (size before relaxing)
 .debug_str     0x000000000009b317     0x3b89 ./Src/dsp.o
                                      0x9ed9d (size before relaxing)
 .debug_str     0x000000000009eea0       0xd9 ./Src/main.o
                                      0x9b1c1 (size before relaxing)
 .debug_str     0x000000000009ef79      0x2fb ./Src/system_stm32f7xx.o
                                      0x9b31b (size before relaxing)
 .debug_str     0x000000000009f274       0x7f ./Src/periph/adc.o
                                      0x9b1bf (size before relaxing)
 .debug_str     0x000000000009f2f3       0x14 ./Src/periph/dac.o
                                      0x9b1b7 (size before relaxing)
 .debug_str     0x000000000009f307       0x36 ./Src/periph/dma.o
                                      0x9b194 (size before relaxing)
 .debug_str     0x000000000009f33d       0x50 ./Src/periph/gpio.o
                                      0x9b1c4 (size before relaxing)
 .debug_str     0x000000000009f38d      0x693 ./Src/periph/interrupt.o
                                      0x9b8fc (size before relaxing)
 .debug_str     0x000000000009fa20       0x7b ./Src/periph/rcc.o
                                      0x9b311 (size before relaxing)
 .debug_str     0x000000000009fa9b       0x16 ./Src/periph/timer.o
                                      0x9b1cb (size before relaxing)
 .debug_str     0x000000000009fab1       0x31 ./Startup/startup_stm32f746zgtx.o
                                         0x79 (size before relaxing)

.comment        0x0000000000000000       0x50
 .comment       0x0000000000000000       0x50 ./Src/control.o
                                         0x51 (size before relaxing)
 .comment       0x0000000000000050       0x51 ./Src/dsp.o
 .comment       0x0000000000000050       0x51 ./Src/main.o
 .comment       0x0000000000000050       0x51 ./Src/system_stm32f7xx.o
 .comment       0x0000000000000050       0x51 ./Src/periph/adc.o
 .comment       0x0000000000000050       0x51 ./Src/periph/dac.o
 .comment       0x0000000000000050       0x51 ./Src/periph/dma.o
 .comment       0x0000000000000050       0x51 ./Src/periph/gpio.o
 .comment       0x0000000000000050       0x51 ./Src/periph/interrupt.o
 .comment       0x0000000000000050       0x51 ./Src/periph/rcc.o
 .comment       0x0000000000000050       0x51 ./Src/periph/timer.o

.debug_frame    0x0000000000000000      0x768
 .debug_frame   0x0000000000000000       0xb8 ./Src/control.o
 .debug_frame   0x00000000000000b8      0x1e0 ./Src/dsp.o
 .debug_frame   0x0000000000000298       0x2c ./Src/main.o
 .debug_frame   0x00000000000002c4       0x58 ./Src/system_stm32f7xx.o
 .debug_frame   0x000000000000031c       0x30 ./Src/periph/adc.o
 .debug_frame   0x000000000000034c       0x30 ./Src/periph/dac.o
 .debug_frame   0x000000000000037c       0x30 ./Src/periph/dma.o
 .debug_frame   0x00000000000003ac       0xa4 ./Src/periph/gpio.o
 .debug_frame   0x0000000000000450      0x10c ./Src/periph/interrupt.o
 .debug_frame   0x000000000000055c       0x74 ./Src/periph/rcc.o
 .debug_frame   0x00000000000005d0       0x6c ./Src/periph/timer.o
 .debug_frame   0x000000000000063c       0x2c c:/st/stm32cubeide_1.9.0/stm32cubeide/plugins/com.st.stm32cube.ide.mcu.externaltools.gnu-tools-for-stm32.10.3-2021.10.win32_1.0.0.202111181127/tools/bin/../lib/gcc/arm-none-eabi/10.3.1/../../../../arm-none-eabi/lib/thumb/v7e-m+fp/hard\libc_nano.a(lib_a-init.o)
 .debug_frame   0x0000000000000668       0x30 c:/st/stm32cubeide_1.9.0/stm32cubeide/plugins/com.st.stm32cube.ide.mcu.externaltools.gnu-tools-for-stm32.10.3-2021.10.win32_1.0.0.202111181127/tools/bin/../lib/gcc/arm-none-eabi/10.3.1/thumb/v7e-m+fp/hard\libgcc.a(_arm_muldf3.o)
 .debug_frame   0x0000000000000698       0xac c:/st/stm32cubeide_1.9.0/stm32cubeide/plugins/com.st.stm32cube.ide.mcu.externaltools.gnu-tools-for-stm32.10.3-2021.10.win32_1.0.0.202111181127/tools/bin/../lib/gcc/arm-none-eabi/10.3.1/thumb/v7e-m+fp/hard\libgcc.a(_arm_addsubdf3.o)
 .debug_frame   0x0000000000000744       0x24 c:/st/stm32cubeide_1.9.0/stm32cubeide/plugins/com.st.stm32cube.ide.mcu.externaltools.gnu-tools-for-stm32.10.3-2021.10.win32_1.0.0.202111181127/tools/bin/../lib/gcc/arm-none-eabi/10.3.1/thumb/v7e-m+fp/hard\libgcc.a(_arm_truncdfsf2.o)
