Archive member included to satisfy reference by file (symbol)

c:/st/stm32cubeide_1.9.0/stm32cubeide/plugins/com.st.stm32cube.ide.mcu.externaltools.gnu-tools-for-stm32.10.3-2021.10.win32_1.0.0.202111181127/tools/bin/../lib/gcc/arm-none-eabi/10.3.1/../../../../arm-none-eabi/lib/thumb/v7e-m+fp/hard\libc_nano.a(lib_a-errno.o)
                              ./Src/syscalls.o (__errno)
c:/st/stm32cubeide_1.9.0/stm32cubeide/plugins/com.st.stm32cube.ide.mcu.externaltools.gnu-tools-for-stm32.10.3-2021.10.win32_1.0.0.202111181127/tools/bin/../lib/gcc/arm-none-eabi/10.3.1/../../../../arm-none-eabi/lib/thumb/v7e-m+fp/hard\libc_nano.a(lib_a-exit.o)
                              c:/st/stm32cubeide_1.9.0/stm32cubeide/plugins/com.st.stm32cube.ide.mcu.externaltools.gnu-tools-for-stm32.10.3-2021.10.win32_1.0.0.202111181127/tools/bin/../lib/gcc/arm-none-eabi/10.3.1/../../../../arm-none-eabi/lib/thumb/v7e-m+fp/hard/crt0.o (exit)
c:/st/stm32cubeide_1.9.0/stm32cubeide/plugins/com.st.stm32cube.ide.mcu.externaltools.gnu-tools-for-stm32.10.3-2021.10.win32_1.0.0.202111181127/tools/bin/../lib/gcc/arm-none-eabi/10.3.1/../../../../arm-none-eabi/lib/thumb/v7e-m+fp/hard\libc_nano.a(lib_a-impure.o)
                              c:/st/stm32cubeide_1.9.0/stm32cubeide/plugins/com.st.stm32cube.ide.mcu.externaltools.gnu-tools-for-stm32.10.3-2021.10.win32_1.0.0.202111181127/tools/bin/../lib/gcc/arm-none-eabi/10.3.1/../../../../arm-none-eabi/lib/thumb/v7e-m+fp/hard\libc_nano.a(lib_a-exit.o) (_global_impure_ptr)
c:/st/stm32cubeide_1.9.0/stm32cubeide/plugins/com.st.stm32cube.ide.mcu.externaltools.gnu-tools-for-stm32.10.3-2021.10.win32_1.0.0.202111181127/tools/bin/../lib/gcc/arm-none-eabi/10.3.1/../../../../arm-none-eabi/lib/thumb/v7e-m+fp/hard\libc_nano.a(lib_a-init.o)
                              c:/st/stm32cubeide_1.9.0/stm32cubeide/plugins/com.st.stm32cube.ide.mcu.externaltools.gnu-tools-for-stm32.10.3-2021.10.win32_1.0.0.202111181127/tools/bin/../lib/gcc/arm-none-eabi/10.3.1/../../../../arm-none-eabi/lib/thumb/v7e-m+fp/hard/crt0.o (__libc_init_array)
c:/st/stm32cubeide_1.9.0/stm32cubeide/plugins/com.st.stm32cube.ide.mcu.externaltools.gnu-tools-for-stm32.10.3-2021.10.win32_1.0.0.202111181127/tools/bin/../lib/gcc/arm-none-eabi/10.3.1/../../../../arm-none-eabi/lib/thumb/v7e-m+fp/hard\libc_nano.a(lib_a-memset.o)
                              c:/st/stm32cubeide_1.9.0/stm32cubeide/plugins/com.st.stm32cube.ide.mcu.externaltools.gnu-tools-for-stm32.10.3-2021.10.win32_1.0.0.202111181127/tools/bin/../lib/gcc/arm-none-eabi/10.3.1/../../../../arm-none-eabi/lib/thumb/v7e-m+fp/hard/crt0.o (memset)
c:/st/stm32cubeide_1.9.0/stm32cubeide/plugins/com.st.stm32cube.ide.mcu.externaltools.gnu-tools-for-stm32.10.3-2021.10.win32_1.0.0.202111181127/tools/bin/../lib/gcc/arm-none-eabi/10.3.1/../../../../arm-none-eabi/lib/thumb/v7e-m+fp/hard\libc_nano.a(lib_a-qsort.o)
                              ./Src/dsp.o (qsort)

Discarded input sections

 .text          0x0000000000000000        0x0 c:/st/stm32cubeide_1.9.0/stm32cubeide/plugins/com.st.stm32cube.ide.mcu.externaltools.gnu-tools-for-stm32.10.3-2021.10.win32_1.0.0.202111181127/tools/bin/../lib/gcc/arm-none-eabi/10.3.1/thumb/v7e-m+fp/hard/crti.o
 .data          0x0000000000000000        0x0 c:/st/stm32cubeide_1.9.0/stm32cubeide/plugins/com.st.stm32cube.ide.mcu.externaltools.gnu-tools-for-stm32.10.3-2021.10.win32_1.0.0.202111181127/tools/bin/../lib/gcc/arm-none-eabi/10.3.1/thumb/v7e-m+fp/hard/crti.o
 .bss           0x0000000000000000        0x0 c:/st/stm32cubeide_1.9.0/stm32cubeide/plugins/com.st.stm32cube.ide.mcu.externaltools.gnu-tools-for-stm32.10.3-2021.10.win32_1.0.0.202111181127/tools/bin/../lib/gcc/arm-none-eabi/10.3.1/thumb/v7e-m+fp/hard/crti.o
 .data          0x0000000000000000        0x4 c:/st/stm32cubeide_1.9.0/stm32cubeide/plugins/com.st.stm32cube.ide.mcu.externaltools.gnu-tools-for-stm32.10.3-2021.10.win32_1.0.0.202111181127/tools/bin/../lib/gcc/arm-none-eabi/10.3.1/thumb/v7e-m+fp/hard/crtbegin.o
 .rodata        0x0000000000000000       0x24 c:/st/stm32cubeide_1.9.0/stm32cubeide/plugins/com.st.stm32cube.ide.mcu.externaltools.gnu-tools-for-stm32.10.3-2021.10.win32_1.0.0.202111181127/tools/bin/../lib/gcc/arm-none-eabi/10.3.1/thumb/v7e-m+fp/hard/crtbegin.o
 .text          0x0000000000000000       0x7c c:/st/stm32cubeide_1.9.0/stm32cubeide/plugins/com.st.stm32cube.ide.mcu.externaltools.gnu-tools-for-stm32.10.3-2021.10.win32_1.0.0.202111181127/tools/bin/../lib/gcc/arm-none-eabi/10.3.1/../../../../arm-none-eabi/lib/thumb/v7e-m+fp/hard/crt0.o
 .data          0x0000000000000000        0x0 c:/st/stm32cubeide_1.9.0/stm32cubeide/plugins/com.st.stm32cube.ide.mcu.externaltools.gnu-tools-for-stm32.10.3-2021.10.win32_1.0.0.202111181127/tools/bin/../lib/gcc/arm-none-eabi/10.3.1/../../../../arm-none-eabi/lib/thumb/v7e-m+fp/hard/crt0.o
 .bss           0x0000000000000000        0x0 c:/st/stm32cubeide_1.9.0/stm32cubeide/plugins/com.st.stm32cube.ide.mcu.externaltools.gnu-tools-for-stm32.10.3-2021.10.win32_1.0.0.202111181127/tools/bin/../lib/gcc/arm-none-eabi/10.3.1/../../../../arm-none-eabi/lib/thumb/v7e-m+fp/hard/crt0.o
 .ARM.extab     0x0000000000000000        0x0 c:/st/stm32cubeide_1.9.0/stm32cubeide/plugins/com.st.stm32cube.ide.mcu.externaltools.gnu-tools-for-stm32.10.3-2021.10.win32_1.0.0.202111181127/tools/bin/../lib/gcc/arm-none-eabi/10.3.1/../../../../arm-none-eabi/lib/thumb/v7e-m+fp/hard/crt0.o
 .ARM.exidx     0x0000000000000000       0x10 c:/st/stm32cubeide_1.9.0/stm32cubeide/plugins/com.st.stm32cube.ide.mcu.externaltools.gnu-tools-for-stm32.10.3-2021.10.win32_1.0.0.202111181127/tools/bin/../lib/gcc/arm-none-eabi/10.3.1/../../../../arm-none-eabi/lib/thumb/v7e-m+fp/hard/crt0.o
 .ARM.attributes
                0x0000000000000000       0x1c c:/st/stm32cubeide_1.9.0/stm32cubeide/plugins/com.st.stm32cube.ide.mcu.externaltools.gnu-tools-for-stm32.10.3-2021.10.win32_1.0.0.202111181127/tools/bin/../lib/gcc/arm-none-eabi/10.3.1/../../../../arm-none-eabi/lib/thumb/v7e-m+fp/hard/crt0.o
 .group         0x0000000000000000        0xc ./Src/control.o
 .group         0x0000000000000000        0xc ./Src/control.o
 .group         0x0000000000000000        0xc ./Src/control.o
 .group         0x0000000000000000        0xc ./Src/control.o
 .group         0x0000000000000000        0xc ./Src/control.o
 .group         0x0000000000000000        0xc ./Src/control.o
 .group         0x0000000000000000        0xc ./Src/control.o
 .group         0x0000000000000000        0xc ./Src/control.o
 .group         0x0000000000000000        0xc ./Src/control.o
 .group         0x0000000000000000        0xc ./Src/control.o
 .group         0x0000000000000000        0xc ./Src/control.o
 .group         0x0000000000000000        0xc ./Src/control.o
 .group         0x0000000000000000        0xc ./Src/control.o
 .group         0x0000000000000000        0xc ./Src/control.o
 .group         0x0000000000000000        0xc ./Src/control.o
 .group         0x0000000000000000        0xc ./Src/control.o
 .group         0x0000000000000000        0xc ./Src/control.o
 .group         0x0000000000000000        0xc ./Src/control.o
 .group         0x0000000000000000        0xc ./Src/control.o
 .text          0x0000000000000000        0x0 ./Src/control.o
 .data          0x0000000000000000        0x0 ./Src/control.o
 .bss           0x0000000000000000        0x0 ./Src/control.o
 .bss.Boost_Control
                0x0000000000000000        0x0 ./Src/control.o
 .bss.Boost_Protect
                0x0000000000000000        0x0 ./Src/control.o
 .group         0x0000000000000000        0xc ./Src/dsp.o
 .group         0x0000000000000000        0xc ./Src/dsp.o
 .group         0x0000000000000000        0xc ./Src/dsp.o
 .group         0x0000000000000000        0xc ./Src/dsp.o
 .group         0x0000000000000000        0xc ./Src/dsp.o
 .group         0x0000000000000000        0xc ./Src/dsp.o
 .group         0x0000000000000000        0xc ./Src/dsp.o
 .group         0x0000000000000000        0xc ./Src/dsp.o
 .group         0x0000000000000000        0xc ./Src/dsp.o
 .group         0x0000000000000000        0xc ./Src/dsp.o
 .group         0x0000000000000000        0xc ./Src/dsp.o
 .group         0x0000000000000000        0xc ./Src/dsp.o
 .group         0x0000000000000000        0xc ./Src/dsp.o
 .group         0x0000000000000000        0xc ./Src/dsp.o
 .group         0x0000000000000000        0xc ./Src/dsp.o
 .group         0x0000000000000000        0xc ./Src/dsp.o
 .group         0x0000000000000000        0xc ./Src/dsp.o
 .group         0x0000000000000000        0xc ./Src/dsp.o
 .group         0x0000000000000000        0xc ./Src/dsp.o
 .group         0x0000000000000000        0xc ./Src/dsp.o
 .group         0x0000000000000000        0xc ./Src/dsp.o
 .group         0x0000000000000000        0xc ./Src/dsp.o
 .group         0x0000000000000000        0xc ./Src/dsp.o
 .group         0x0000000000000000        0xc ./Src/dsp.o
 .group         0x0000000000000000        0xc ./Src/dsp.o
 .group         0x0000000000000000        0xc ./Src/dsp.o
 .group         0x0000000000000000        0xc ./Src/dsp.o
 .group         0x0000000000000000        0xc ./Src/dsp.o
 .group         0x0000000000000000        0xc ./Src/dsp.o
 .group         0x0000000000000000        0xc ./Src/dsp.o
 .group         0x0000000000000000        0xc ./Src/dsp.o
 .group         0x0000000000000000        0xc ./Src/dsp.o
 .group         0x0000000000000000        0xc ./Src/dsp.o
 .group         0x0000000000000000        0xc ./Src/dsp.o
 .group         0x0000000000000000        0xc ./Src/dsp.o
 .group         0x0000000000000000        0xc ./Src/dsp.o
 .text          0x0000000000000000        0x0 ./Src/dsp.o
 .data          0x0000000000000000        0x0 ./Src/dsp.o
 .bss           0x0000000000000000        0x0 ./Src/dsp.o
 .bss.FILTER_MFF
                0x0000000000000000      0x7d8 ./Src/dsp.o
 .text.cmp      0x0000000000000000       0x2e ./Src/dsp.o
 .text.MedianFloatFilter
                0x0000000000000000       0xa4 ./Src/dsp.o
 .debug_macro   0x0000000000000000      0xa84 ./Src/dsp.o
 .debug_macro   0x0000000000000000       0x28 ./Src/dsp.o
 .debug_macro   0x0000000000000000       0x3b ./Src/dsp.o
 .debug_macro   0x0000000000000000       0x22 ./Src/dsp.o
 .debug_macro   0x0000000000000000       0x8e ./Src/dsp.o
 .debug_macro   0x0000000000000000       0x51 ./Src/dsp.o
 .debug_macro   0x0000000000000000      0x103 ./Src/dsp.o
 .debug_macro   0x0000000000000000       0x6a ./Src/dsp.o
 .debug_macro   0x0000000000000000      0x1df ./Src/dsp.o
 .debug_macro   0x0000000000000000       0x1c ./Src/dsp.o
 .debug_macro   0x0000000000000000       0x22 ./Src/dsp.o
 .debug_macro   0x0000000000000000       0xd9 ./Src/dsp.o
 .debug_macro   0x0000000000000000     0x12cd ./Src/dsp.o
 .debug_macro   0x0000000000000000      0x11f ./Src/dsp.o
 .debug_macro   0x0000000000000000       0x19 ./Src/dsp.o
 .debug_macro   0x0000000000000000    0x1920a ./Src/dsp.o
 .debug_macro   0x0000000000000000       0x6d ./Src/dsp.o
 .debug_macro   0x0000000000000000       0x16 ./Src/dsp.o
 .group         0x0000000000000000        0xc ./Src/main.o
 .group         0x0000000000000000        0xc ./Src/main.o
 .group         0x0000000000000000        0xc ./Src/main.o
 .group         0x0000000000000000        0xc ./Src/main.o
 .group         0x0000000000000000        0xc ./Src/main.o
 .group         0x0000000000000000        0xc ./Src/main.o
 .group         0x0000000000000000        0xc ./Src/main.o
 .group         0x0000000000000000        0xc ./Src/main.o
 .group         0x0000000000000000        0xc ./Src/main.o
 .group         0x0000000000000000        0xc ./Src/main.o
 .group         0x0000000000000000        0xc ./Src/main.o
 .group         0x0000000000000000        0xc ./Src/main.o
 .group         0x0000000000000000        0xc ./Src/main.o
 .group         0x0000000000000000        0xc ./Src/main.o
 .group         0x0000000000000000        0xc ./Src/main.o
 .group         0x0000000000000000        0xc ./Src/main.o
 .group         0x0000000000000000        0xc ./Src/main.o
 .group         0x0000000000000000        0xc ./Src/main.o
 .text          0x0000000000000000        0x0 ./Src/main.o
 .data          0x0000000000000000        0x0 ./Src/main.o
 .bss           0x0000000000000000        0x0 ./Src/main.o
 .debug_macro   0x0000000000000000      0xa84 ./Src/main.o
 .debug_macro   0x0000000000000000       0x22 ./Src/main.o
 .debug_macro   0x0000000000000000       0x8e ./Src/main.o
 .debug_macro   0x0000000000000000       0x51 ./Src/main.o
 .debug_macro   0x0000000000000000      0x103 ./Src/main.o
 .debug_macro   0x0000000000000000       0x6a ./Src/main.o
 .debug_macro   0x0000000000000000      0x1df ./Src/main.o
 .debug_macro   0x0000000000000000       0x28 ./Src/main.o
 .debug_macro   0x0000000000000000       0x3b ./Src/main.o
 .debug_macro   0x0000000000000000       0x1c ./Src/main.o
 .debug_macro   0x0000000000000000       0x22 ./Src/main.o
 .debug_macro   0x0000000000000000       0xd9 ./Src/main.o
 .debug_macro   0x0000000000000000     0x12cd ./Src/main.o
 .debug_macro   0x0000000000000000      0x11f ./Src/main.o
 .debug_macro   0x0000000000000000       0x19 ./Src/main.o
 .debug_macro   0x0000000000000000    0x1920a ./Src/main.o
 .debug_macro   0x0000000000000000       0x6d ./Src/main.o
 .debug_macro   0x0000000000000000       0x10 ./Src/main.o
 .group         0x0000000000000000        0xc ./Src/syscalls.o
 .group         0x0000000000000000        0xc ./Src/syscalls.o
 .group         0x0000000000000000        0xc ./Src/syscalls.o
 .group         0x0000000000000000        0xc ./Src/syscalls.o
 .group         0x0000000000000000        0xc ./Src/syscalls.o
 .group         0x0000000000000000        0xc ./Src/syscalls.o
 .group         0x0000000000000000        0xc ./Src/syscalls.o
 .group         0x0000000000000000        0xc ./Src/syscalls.o
 .group         0x0000000000000000        0xc ./Src/syscalls.o
 .group         0x0000000000000000        0xc ./Src/syscalls.o
 .group         0x0000000000000000        0xc ./Src/syscalls.o
 .group         0x0000000000000000        0xc ./Src/syscalls.o
 .group         0x0000000000000000        0xc ./Src/syscalls.o
 .group         0x0000000000000000        0xc ./Src/syscalls.o
 .group         0x0000000000000000        0xc ./Src/syscalls.o
 .group         0x0000000000000000        0xc ./Src/syscalls.o
 .group         0x0000000000000000        0xc ./Src/syscalls.o
 .group         0x0000000000000000        0xc ./Src/syscalls.o
 .group         0x0000000000000000        0xc ./Src/syscalls.o
 .group         0x0000000000000000        0xc ./Src/syscalls.o
 .group         0x0000000000000000        0xc ./Src/syscalls.o
 .group         0x0000000000000000        0xc ./Src/syscalls.o
 .group         0x0000000000000000        0xc ./Src/syscalls.o
 .group         0x0000000000000000        0xc ./Src/syscalls.o
 .group         0x0000000000000000        0xc ./Src/syscalls.o
 .group         0x0000000000000000        0xc ./Src/syscalls.o
 .group         0x0000000000000000        0xc ./Src/syscalls.o
 .group         0x0000000000000000        0xc ./Src/syscalls.o
 .group         0x0000000000000000        0xc ./Src/syscalls.o
 .group         0x0000000000000000        0xc ./Src/syscalls.o
 .group         0x0000000000000000        0xc ./Src/syscalls.o
 .group         0x0000000000000000        0xc ./Src/syscalls.o
 .group         0x0000000000000000        0xc ./Src/syscalls.o
 .group         0x0000000000000000        0xc ./Src/syscalls.o
 .group         0x0000000000000000        0xc ./Src/syscalls.o
 .group         0x0000000000000000        0xc ./Src/syscalls.o
 .group         0x0000000000000000        0xc ./Src/syscalls.o
 .group         0x0000000000000000        0xc ./Src/syscalls.o
 .group         0x0000000000000000        0xc ./Src/syscalls.o
 .group         0x0000000000000000        0xc ./Src/syscalls.o
 .group         0x0000000000000000        0xc ./Src/syscalls.o
 .group         0x0000000000000000        0xc ./Src/syscalls.o
 .group         0x0000000000000000        0xc ./Src/syscalls.o
 .group         0x0000000000000000        0xc ./Src/syscalls.o
 .group         0x0000000000000000        0xc ./Src/syscalls.o
 .group         0x0000000000000000        0xc ./Src/syscalls.o
 .group         0x0000000000000000        0xc ./Src/syscalls.o
 .text          0x0000000000000000        0x0 ./Src/syscalls.o
 .data          0x0000000000000000        0x0 ./Src/syscalls.o
 .bss           0x0000000000000000        0x0 ./Src/syscalls.o
 .bss.__env     0x0000000000000000        0x4 ./Src/syscalls.o
 .data.environ  0x0000000000000000        0x4 ./Src/syscalls.o
 .text.initialise_monitor_handles
                0x0000000000000000        0xe ./Src/syscalls.o
 .text._getpid  0x0000000000000000       0x10 ./Src/syscalls.o
 .text._kill    0x0000000000000000       0x20 ./Src/syscalls.o
 .text._exit    0x0000000000000000       0x14 ./Src/syscalls.o
 .text._read    0x0000000000000000       0x3a ./Src/syscalls.o
 .text._write   0x0000000000000000       0x38 ./Src/syscalls.o
 .text._close   0x0000000000000000       0x18 ./Src/syscalls.o
 .text._fstat   0x0000000000000000       0x20 ./Src/syscalls.o
 .text._isatty  0x0000000000000000       0x16 ./Src/syscalls.o
 .text._lseek   0x0000000000000000       0x1a ./Src/syscalls.o
 .text._open    0x0000000000000000       0x1c ./Src/syscalls.o
 .text._wait    0x0000000000000000       0x1e ./Src/syscalls.o
 .text._unlink  0x0000000000000000       0x1e ./Src/syscalls.o
 .text._times   0x0000000000000000       0x18 ./Src/syscalls.o
 .text._stat    0x0000000000000000       0x20 ./Src/syscalls.o
 .text._link    0x0000000000000000       0x20 ./Src/syscalls.o
 .text._fork    0x0000000000000000       0x16 ./Src/syscalls.o
 .text._execve  0x0000000000000000       0x22 ./Src/syscalls.o
 .debug_info    0x0000000000000000      0x6e0 ./Src/syscalls.o
 .debug_abbrev  0x0000000000000000      0x1b3 ./Src/syscalls.o
 .debug_aranges
                0x0000000000000000       0xa8 ./Src/syscalls.o
 .debug_ranges  0x0000000000000000       0x98 ./Src/syscalls.o
 .debug_macro   0x0000000000000000      0x24c ./Src/syscalls.o
 .debug_macro   0x0000000000000000      0xa84 ./Src/syscalls.o
 .debug_macro   0x0000000000000000       0x22 ./Src/syscalls.o
 .debug_macro   0x0000000000000000       0x4c ./Src/syscalls.o
 .debug_macro   0x0000000000000000       0x1e ./Src/syscalls.o
 .debug_macro   0x0000000000000000       0x94 ./Src/syscalls.o
 .debug_macro   0x0000000000000000       0x3c ./Src/syscalls.o
 .debug_macro   0x0000000000000000       0x34 ./Src/syscalls.o
 .debug_macro   0x0000000000000000       0x57 ./Src/syscalls.o
 .debug_macro   0x0000000000000000      0x174 ./Src/syscalls.o
 .debug_macro   0x0000000000000000      0x341 ./Src/syscalls.o
 .debug_macro   0x0000000000000000       0x16 ./Src/syscalls.o
 .debug_macro   0x0000000000000000       0x43 ./Src/syscalls.o
 .debug_macro   0x0000000000000000       0x34 ./Src/syscalls.o
 .debug_macro   0x0000000000000000       0x10 ./Src/syscalls.o
 .debug_macro   0x0000000000000000       0x58 ./Src/syscalls.o
 .debug_macro   0x0000000000000000       0x71 ./Src/syscalls.o
 .debug_macro   0x0000000000000000       0x1c ./Src/syscalls.o
 .debug_macro   0x0000000000000000      0x12a ./Src/syscalls.o
 .debug_macro   0x0000000000000000       0x10 ./Src/syscalls.o
 .debug_macro   0x0000000000000000       0x35 ./Src/syscalls.o
 .debug_macro   0x0000000000000000       0x10 ./Src/syscalls.o
 .debug_macro   0x0000000000000000       0x10 ./Src/syscalls.o
 .debug_macro   0x0000000000000000       0x10 ./Src/syscalls.o
 .debug_macro   0x0000000000000000       0x6a ./Src/syscalls.o
 .debug_macro   0x0000000000000000       0x1c ./Src/syscalls.o
 .debug_macro   0x0000000000000000       0x52 ./Src/syscalls.o
 .debug_macro   0x0000000000000000       0x22 ./Src/syscalls.o
 .debug_macro   0x0000000000000000       0x10 ./Src/syscalls.o
 .debug_macro   0x0000000000000000       0x52 ./Src/syscalls.o
 .debug_macro   0x0000000000000000       0xd5 ./Src/syscalls.o
 .debug_macro   0x0000000000000000       0x1c ./Src/syscalls.o
 .debug_macro   0x0000000000000000       0x3d ./Src/syscalls.o
 .debug_macro   0x0000000000000000       0x35 ./Src/syscalls.o
 .debug_macro   0x0000000000000000      0x12c ./Src/syscalls.o
 .debug_macro   0x0000000000000000       0x16 ./Src/syscalls.o
 .debug_macro   0x0000000000000000       0x16 ./Src/syscalls.o
 .debug_macro   0x0000000000000000       0x29 ./Src/syscalls.o
 .debug_macro   0x0000000000000000       0x10 ./Src/syscalls.o
 .debug_macro   0x0000000000000000      0x241 ./Src/syscalls.o
 .debug_macro   0x0000000000000000       0x1c ./Src/syscalls.o
 .debug_macro   0x0000000000000000       0x10 ./Src/syscalls.o
 .debug_macro   0x0000000000000000       0x10 ./Src/syscalls.o
 .debug_macro   0x0000000000000000       0x16 ./Src/syscalls.o
 .debug_macro   0x0000000000000000      0x145 ./Src/syscalls.o
 .debug_macro   0x0000000000000000      0x189 ./Src/syscalls.o
 .debug_macro   0x0000000000000000       0x16 ./Src/syscalls.o
 .debug_macro   0x0000000000000000       0xce ./Src/syscalls.o
 .debug_line    0x0000000000000000      0x7ea ./Src/syscalls.o
 .debug_str     0x0000000000000000     0x8a56 ./Src/syscalls.o
 .comment       0x0000000000000000       0x51 ./Src/syscalls.o
 .debug_frame   0x0000000000000000      0x2ac ./Src/syscalls.o
 .ARM.attributes
                0x0000000000000000       0x34 ./Src/syscalls.o
 .group         0x0000000000000000        0xc ./Src/sysmem.o
 .group         0x0000000000000000        0xc ./Src/sysmem.o
 .group         0x0000000000000000        0xc ./Src/sysmem.o
 .group         0x0000000000000000        0xc ./Src/sysmem.o
 .group         0x0000000000000000        0xc ./Src/sysmem.o
 .group         0x0000000000000000        0xc ./Src/sysmem.o
 .group         0x0000000000000000        0xc ./Src/sysmem.o
 .group         0x0000000000000000        0xc ./Src/sysmem.o
 .group         0x0000000000000000        0xc ./Src/sysmem.o
 .group         0x0000000000000000        0xc ./Src/sysmem.o
 .group         0x0000000000000000        0xc ./Src/sysmem.o
 .group         0x0000000000000000        0xc ./Src/sysmem.o
 .group         0x0000000000000000        0xc ./Src/sysmem.o
 .group         0x0000000000000000        0xc ./Src/sysmem.o
 .group         0x0000000000000000        0xc ./Src/sysmem.o
 .group         0x0000000000000000        0xc ./Src/sysmem.o
 .group         0x0000000000000000        0xc ./Src/sysmem.o
 .group         0x0000000000000000        0xc ./Src/sysmem.o
 .group         0x0000000000000000        0xc ./Src/sysmem.o
 .group         0x0000000000000000        0xc ./Src/sysmem.o
 .group         0x0000000000000000        0xc ./Src/sysmem.o
 .group         0x0000000000000000        0xc ./Src/sysmem.o
 .text          0x0000000000000000        0x0 ./Src/sysmem.o
 .data          0x0000000000000000        0x0 ./Src/sysmem.o
 .bss           0x0000000000000000        0x0 ./Src/sysmem.o
 .bss.__sbrk_heap_end
                0x0000000000000000        0x4 ./Src/sysmem.o
 .text._sbrk    0x0000000000000000       0x6c ./Src/sysmem.o
 .debug_info    0x0000000000000000      0x171 ./Src/sysmem.o
 .debug_abbrev  0x0000000000000000       0xbb ./Src/sysmem.o
 .debug_aranges
                0x0000000000000000       0x20 ./Src/sysmem.o
 .debug_ranges  0x0000000000000000       0x10 ./Src/sysmem.o
 .debug_macro   0x0000000000000000       0xff ./Src/sysmem.o
 .debug_macro   0x0000000000000000      0xa84 ./Src/sysmem.o
 .debug_macro   0x0000000000000000       0x10 ./Src/sysmem.o
 .debug_macro   0x0000000000000000       0x22 ./Src/sysmem.o
 .debug_macro   0x0000000000000000       0x4c ./Src/sysmem.o
 .debug_macro   0x0000000000000000       0x1e ./Src/sysmem.o
 .debug_macro   0x0000000000000000       0x94 ./Src/sysmem.o
 .debug_macro   0x0000000000000000       0x3c ./Src/sysmem.o
 .debug_macro   0x0000000000000000       0x34 ./Src/sysmem.o
 .debug_macro   0x0000000000000000      0x174 ./Src/sysmem.o
 .debug_macro   0x0000000000000000       0x16 ./Src/sysmem.o
 .debug_macro   0x0000000000000000       0x43 ./Src/sysmem.o
 .debug_macro   0x0000000000000000       0x57 ./Src/sysmem.o
 .debug_macro   0x0000000000000000       0x34 ./Src/sysmem.o
 .debug_macro   0x0000000000000000       0x10 ./Src/sysmem.o
 .debug_macro   0x0000000000000000       0x58 ./Src/sysmem.o
 .debug_macro   0x0000000000000000       0x71 ./Src/sysmem.o
 .debug_macro   0x0000000000000000       0x1c ./Src/sysmem.o
 .debug_macro   0x0000000000000000      0x12a ./Src/sysmem.o
 .debug_macro   0x0000000000000000      0x23b ./Src/sysmem.o
 .debug_macro   0x0000000000000000      0x103 ./Src/sysmem.o
 .debug_macro   0x0000000000000000       0x6a ./Src/sysmem.o
 .debug_macro   0x0000000000000000      0x1df ./Src/sysmem.o
 .debug_line    0x0000000000000000      0x4e0 ./Src/sysmem.o
 .debug_str     0x0000000000000000     0x5d92 ./Src/sysmem.o
 .comment       0x0000000000000000       0x51 ./Src/sysmem.o
 .debug_frame   0x0000000000000000       0x34 ./Src/sysmem.o
 .ARM.attributes
                0x0000000000000000       0x34 ./Src/sysmem.o
 .group         0x0000000000000000        0xc ./Src/system_stm32f7xx.o
 .group         0x0000000000000000        0xc ./Src/system_stm32f7xx.o
 .group         0x0000000000000000        0xc ./Src/system_stm32f7xx.o
 .group         0x0000000000000000        0xc ./Src/system_stm32f7xx.o
 .group         0x0000000000000000        0xc ./Src/system_stm32f7xx.o
 .group         0x0000000000000000        0xc ./Src/system_stm32f7xx.o
 .group         0x0000000000000000        0xc ./Src/system_stm32f7xx.o
 .group         0x0000000000000000        0xc ./Src/system_stm32f7xx.o
 .group         0x0000000000000000        0xc ./Src/system_stm32f7xx.o
 .group         0x0000000000000000        0xc ./Src/system_stm32f7xx.o
 .group         0x0000000000000000        0xc ./Src/system_stm32f7xx.o
 .group         0x0000000000000000        0xc ./Src/system_stm32f7xx.o
 .group         0x0000000000000000        0xc ./Src/system_stm32f7xx.o
 .group         0x0000000000000000        0xc ./Src/system_stm32f7xx.o
 .group         0x0000000000000000        0xc ./Src/system_stm32f7xx.o
 .group         0x0000000000000000        0xc ./Src/system_stm32f7xx.o
 .group         0x0000000000000000        0xc ./Src/system_stm32f7xx.o
 .text          0x0000000000000000        0x0 ./Src/system_stm32f7xx.o
 .data          0x0000000000000000        0x0 ./Src/system_stm32f7xx.o
 .bss           0x0000000000000000        0x0 ./Src/system_stm32f7xx.o
 .rodata.APBPrescTable
                0x0000000000000000        0x8 ./Src/system_stm32f7xx.o
 .debug_macro   0x0000000000000000      0xa84 ./Src/system_stm32f7xx.o
 .debug_macro   0x0000000000000000       0x28 ./Src/system_stm32f7xx.o
 .debug_macro   0x0000000000000000       0x3b ./Src/system_stm32f7xx.o
 .debug_macro   0x0000000000000000       0x22 ./Src/system_stm32f7xx.o
 .debug_macro   0x0000000000000000       0x8e ./Src/system_stm32f7xx.o
 .debug_macro   0x0000000000000000       0x51 ./Src/system_stm32f7xx.o
 .debug_macro   0x0000000000000000      0x103 ./Src/system_stm32f7xx.o
 .debug_macro   0x0000000000000000       0x6a ./Src/system_stm32f7xx.o
 .debug_macro   0x0000000000000000      0x1df ./Src/system_stm32f7xx.o
 .debug_macro   0x0000000000000000       0x1c ./Src/system_stm32f7xx.o
 .debug_macro   0x0000000000000000       0x22 ./Src/system_stm32f7xx.o
 .debug_macro   0x0000000000000000       0xd9 ./Src/system_stm32f7xx.o
 .debug_macro   0x0000000000000000     0x12cd ./Src/system_stm32f7xx.o
 .debug_macro   0x0000000000000000      0x11f ./Src/system_stm32f7xx.o
 .debug_macro   0x0000000000000000       0x19 ./Src/system_stm32f7xx.o
 .debug_macro   0x0000000000000000    0x1920a ./Src/system_stm32f7xx.o
 .debug_macro   0x0000000000000000       0x6d ./Src/system_stm32f7xx.o
 .group         0x0000000000000000        0xc ./Src/periph/adc.o
 .group         0x0000000000000000        0xc ./Src/periph/adc.o
 .group         0x0000000000000000        0xc ./Src/periph/adc.o
 .group         0x0000000000000000        0xc ./Src/periph/adc.o
 .group         0x0000000000000000        0xc ./Src/periph/adc.o
 .group         0x0000000000000000        0xc ./Src/periph/adc.o
 .group         0x0000000000000000        0xc ./Src/periph/adc.o
 .group         0x0000000000000000        0xc ./Src/periph/adc.o
 .group         0x0000000000000000        0xc ./Src/periph/adc.o
 .group         0x0000000000000000        0xc ./Src/periph/adc.o
 .group         0x0000000000000000        0xc ./Src/periph/adc.o
 .group         0x0000000000000000        0xc ./Src/periph/adc.o
 .group         0x0000000000000000        0xc ./Src/periph/adc.o
 .group         0x0000000000000000        0xc ./Src/periph/adc.o
 .group         0x0000000000000000        0xc ./Src/periph/adc.o
 .group         0x0000000000000000        0xc ./Src/periph/adc.o
 .group         0x0000000000000000        0xc ./Src/periph/adc.o
 .text          0x0000000000000000        0x0 ./Src/periph/adc.o
 .data          0x0000000000000000        0x0 ./Src/periph/adc.o
 .bss           0x0000000000000000        0x0 ./Src/periph/adc.o
 .debug_macro   0x0000000000000000      0xa84 ./Src/periph/adc.o
 .debug_macro   0x0000000000000000       0x28 ./Src/periph/adc.o
 .debug_macro   0x0000000000000000       0x3b ./Src/periph/adc.o
 .debug_macro   0x0000000000000000       0x22 ./Src/periph/adc.o
 .debug_macro   0x0000000000000000       0x8e ./Src/periph/adc.o
 .debug_macro   0x0000000000000000       0x51 ./Src/periph/adc.o
 .debug_macro   0x0000000000000000      0x103 ./Src/periph/adc.o
 .debug_macro   0x0000000000000000       0x6a ./Src/periph/adc.o
 .debug_macro   0x0000000000000000      0x1df ./Src/periph/adc.o
 .debug_macro   0x0000000000000000       0x1c ./Src/periph/adc.o
 .debug_macro   0x0000000000000000       0x22 ./Src/periph/adc.o
 .debug_macro   0x0000000000000000       0xd9 ./Src/periph/adc.o
 .debug_macro   0x0000000000000000     0x12cd ./Src/periph/adc.o
 .debug_macro   0x0000000000000000      0x11f ./Src/periph/adc.o
 .debug_macro   0x0000000000000000       0x19 ./Src/periph/adc.o
 .debug_macro   0x0000000000000000    0x1920a ./Src/periph/adc.o
 .debug_macro   0x0000000000000000       0x6d ./Src/periph/adc.o
 .group         0x0000000000000000        0xc ./Src/periph/dac.o
 .group         0x0000000000000000        0xc ./Src/periph/dac.o
 .group         0x0000000000000000        0xc ./Src/periph/dac.o
 .group         0x0000000000000000        0xc ./Src/periph/dac.o
 .group         0x0000000000000000        0xc ./Src/periph/dac.o
 .group         0x0000000000000000        0xc ./Src/periph/dac.o
 .group         0x0000000000000000        0xc ./Src/periph/dac.o
 .group         0x0000000000000000        0xc ./Src/periph/dac.o
 .group         0x0000000000000000        0xc ./Src/periph/dac.o
 .group         0x0000000000000000        0xc ./Src/periph/dac.o
 .group         0x0000000000000000        0xc ./Src/periph/dac.o
 .group         0x0000000000000000        0xc ./Src/periph/dac.o
 .group         0x0000000000000000        0xc ./Src/periph/dac.o
 .group         0x0000000000000000        0xc ./Src/periph/dac.o
 .group         0x0000000000000000        0xc ./Src/periph/dac.o
 .group         0x0000000000000000        0xc ./Src/periph/dac.o
 .group         0x0000000000000000        0xc ./Src/periph/dac.o
 .text          0x0000000000000000        0x0 ./Src/periph/dac.o
 .data          0x0000000000000000        0x0 ./Src/periph/dac.o
 .bss           0x0000000000000000        0x0 ./Src/periph/dac.o
 .debug_macro   0x0000000000000000      0xa84 ./Src/periph/dac.o
 .debug_macro   0x0000000000000000       0x28 ./Src/periph/dac.o
 .debug_macro   0x0000000000000000       0x3b ./Src/periph/dac.o
 .debug_macro   0x0000000000000000       0x22 ./Src/periph/dac.o
 .debug_macro   0x0000000000000000       0x8e ./Src/periph/dac.o
 .debug_macro   0x0000000000000000       0x51 ./Src/periph/dac.o
 .debug_macro   0x0000000000000000      0x103 ./Src/periph/dac.o
 .debug_macro   0x0000000000000000       0x6a ./Src/periph/dac.o
 .debug_macro   0x0000000000000000      0x1df ./Src/periph/dac.o
 .debug_macro   0x0000000000000000       0x1c ./Src/periph/dac.o
 .debug_macro   0x0000000000000000       0x22 ./Src/periph/dac.o
 .debug_macro   0x0000000000000000       0xd9 ./Src/periph/dac.o
 .debug_macro   0x0000000000000000     0x12cd ./Src/periph/dac.o
 .debug_macro   0x0000000000000000      0x11f ./Src/periph/dac.o
 .debug_macro   0x0000000000000000       0x19 ./Src/periph/dac.o
 .debug_macro   0x0000000000000000    0x1920a ./Src/periph/dac.o
 .debug_macro   0x0000000000000000       0x6d ./Src/periph/dac.o
 .group         0x0000000000000000        0xc ./Src/periph/dma.o
 .group         0x0000000000000000        0xc ./Src/periph/dma.o
 .group         0x0000000000000000        0xc ./Src/periph/dma.o
 .group         0x0000000000000000        0xc ./Src/periph/dma.o
 .group         0x0000000000000000        0xc ./Src/periph/dma.o
 .group         0x0000000000000000        0xc ./Src/periph/dma.o
 .group         0x0000000000000000        0xc ./Src/periph/dma.o
 .group         0x0000000000000000        0xc ./Src/periph/dma.o
 .group         0x0000000000000000        0xc ./Src/periph/dma.o
 .group         0x0000000000000000        0xc ./Src/periph/dma.o
 .group         0x0000000000000000        0xc ./Src/periph/dma.o
 .group         0x0000000000000000        0xc ./Src/periph/dma.o
 .group         0x0000000000000000        0xc ./Src/periph/dma.o
 .group         0x0000000000000000        0xc ./Src/periph/dma.o
 .group         0x0000000000000000        0xc ./Src/periph/dma.o
 .group         0x0000000000000000        0xc ./Src/periph/dma.o
 .group         0x0000000000000000        0xc ./Src/periph/dma.o
 .text          0x0000000000000000        0x0 ./Src/periph/dma.o
 .data          0x0000000000000000        0x0 ./Src/periph/dma.o
 .bss           0x0000000000000000        0x0 ./Src/periph/dma.o
 .debug_macro   0x0000000000000000      0xa84 ./Src/periph/dma.o
 .debug_macro   0x0000000000000000       0x28 ./Src/periph/dma.o
 .debug_macro   0x0000000000000000       0x3b ./Src/periph/dma.o
 .debug_macro   0x0000000000000000       0x22 ./Src/periph/dma.o
 .debug_macro   0x0000000000000000       0x8e ./Src/periph/dma.o
 .debug_macro   0x0000000000000000       0x51 ./Src/periph/dma.o
 .debug_macro   0x0000000000000000      0x103 ./Src/periph/dma.o
 .debug_macro   0x0000000000000000       0x6a ./Src/periph/dma.o
 .debug_macro   0x0000000000000000      0x1df ./Src/periph/dma.o
 .debug_macro   0x0000000000000000       0x1c ./Src/periph/dma.o
 .debug_macro   0x0000000000000000       0x22 ./Src/periph/dma.o
 .debug_macro   0x0000000000000000       0xd9 ./Src/periph/dma.o
 .debug_macro   0x0000000000000000     0x12cd ./Src/periph/dma.o
 .debug_macro   0x0000000000000000      0x11f ./Src/periph/dma.o
 .debug_macro   0x0000000000000000       0x19 ./Src/periph/dma.o
 .debug_macro   0x0000000000000000    0x1920a ./Src/periph/dma.o
 .debug_macro   0x0000000000000000       0x6d ./Src/periph/dma.o
 .group         0x0000000000000000        0xc ./Src/periph/gpio.o
 .group         0x0000000000000000        0xc ./Src/periph/gpio.o
 .group         0x0000000000000000        0xc ./Src/periph/gpio.o
 .group         0x0000000000000000        0xc ./Src/periph/gpio.o
 .group         0x0000000000000000        0xc ./Src/periph/gpio.o
 .group         0x0000000000000000        0xc ./Src/periph/gpio.o
 .group         0x0000000000000000        0xc ./Src/periph/gpio.o
 .group         0x0000000000000000        0xc ./Src/periph/gpio.o
 .group         0x0000000000000000        0xc ./Src/periph/gpio.o
 .group         0x0000000000000000        0xc ./Src/periph/gpio.o
 .group         0x0000000000000000        0xc ./Src/periph/gpio.o
 .group         0x0000000000000000        0xc ./Src/periph/gpio.o
 .group         0x0000000000000000        0xc ./Src/periph/gpio.o
 .group         0x0000000000000000        0xc ./Src/periph/gpio.o
 .group         0x0000000000000000        0xc ./Src/periph/gpio.o
 .group         0x0000000000000000        0xc ./Src/periph/gpio.o
 .group         0x0000000000000000        0xc ./Src/periph/gpio.o
 .text          0x0000000000000000        0x0 ./Src/periph/gpio.o
 .data          0x0000000000000000        0x0 ./Src/periph/gpio.o
 .bss           0x0000000000000000        0x0 ./Src/periph/gpio.o
 .debug_macro   0x0000000000000000      0xa84 ./Src/periph/gpio.o
 .debug_macro   0x0000000000000000       0x28 ./Src/periph/gpio.o
 .debug_macro   0x0000000000000000       0x3b ./Src/periph/gpio.o
 .debug_macro   0x0000000000000000       0x22 ./Src/periph/gpio.o
 .debug_macro   0x0000000000000000       0x8e ./Src/periph/gpio.o
 .debug_macro   0x0000000000000000       0x51 ./Src/periph/gpio.o
 .debug_macro   0x0000000000000000      0x103 ./Src/periph/gpio.o
 .debug_macro   0x0000000000000000       0x6a ./Src/periph/gpio.o
 .debug_macro   0x0000000000000000      0x1df ./Src/periph/gpio.o
 .debug_macro   0x0000000000000000       0x1c ./Src/periph/gpio.o
 .debug_macro   0x0000000000000000       0x22 ./Src/periph/gpio.o
 .debug_macro   0x0000000000000000       0xd9 ./Src/periph/gpio.o
 .debug_macro   0x0000000000000000     0x12cd ./Src/periph/gpio.o
 .debug_macro   0x0000000000000000      0x11f ./Src/periph/gpio.o
 .debug_macro   0x0000000000000000       0x19 ./Src/periph/gpio.o
 .debug_macro   0x0000000000000000    0x1920a ./Src/periph/gpio.o
 .debug_macro   0x0000000000000000       0x6d ./Src/periph/gpio.o
 .group         0x0000000000000000        0xc ./Src/periph/interrupt.o
 .group         0x0000000000000000        0xc ./Src/periph/interrupt.o
 .group         0x0000000000000000        0xc ./Src/periph/interrupt.o
 .group         0x0000000000000000        0xc ./Src/periph/interrupt.o
 .group         0x0000000000000000        0xc ./Src/periph/interrupt.o
 .group         0x0000000000000000        0xc ./Src/periph/interrupt.o
 .group         0x0000000000000000        0xc ./Src/periph/interrupt.o
 .group         0x0000000000000000        0xc ./Src/periph/interrupt.o
 .group         0x0000000000000000        0xc ./Src/periph/interrupt.o
 .group         0x0000000000000000        0xc ./Src/periph/interrupt.o
 .group         0x0000000000000000        0xc ./Src/periph/interrupt.o
 .group         0x0000000000000000        0xc ./Src/periph/interrupt.o
 .group         0x0000000000000000        0xc ./Src/periph/interrupt.o
 .group         0x0000000000000000        0xc ./Src/periph/interrupt.o
 .group         0x0000000000000000        0xc ./Src/periph/interrupt.o
 .group         0x0000000000000000        0xc ./Src/periph/interrupt.o
 .group         0x0000000000000000        0xc ./Src/periph/interrupt.o
 .group         0x0000000000000000        0xc ./Src/periph/interrupt.o
 .text          0x0000000000000000        0x0 ./Src/periph/interrupt.o
 .data          0x0000000000000000        0x0 ./Src/periph/interrupt.o
 .bss           0x0000000000000000        0x0 ./Src/periph/interrupt.o
 .debug_macro   0x0000000000000000      0xa84 ./Src/periph/interrupt.o
 .debug_macro   0x0000000000000000       0x28 ./Src/periph/interrupt.o
 .debug_macro   0x0000000000000000       0x3b ./Src/periph/interrupt.o
 .debug_macro   0x0000000000000000       0x22 ./Src/periph/interrupt.o
 .debug_macro   0x0000000000000000       0x8e ./Src/periph/interrupt.o
 .debug_macro   0x0000000000000000       0x51 ./Src/periph/interrupt.o
 .debug_macro   0x0000000000000000      0x103 ./Src/periph/interrupt.o
 .debug_macro   0x0000000000000000       0x6a ./Src/periph/interrupt.o
 .debug_macro   0x0000000000000000      0x1df ./Src/periph/interrupt.o
 .debug_macro   0x0000000000000000       0x1c ./Src/periph/interrupt.o
 .debug_macro   0x0000000000000000       0x22 ./Src/periph/interrupt.o
 .debug_macro   0x0000000000000000       0xd9 ./Src/periph/interrupt.o
 .debug_macro   0x0000000000000000     0x12cd ./Src/periph/interrupt.o
 .debug_macro   0x0000000000000000      0x11f ./Src/periph/interrupt.o
 .debug_macro   0x0000000000000000       0x19 ./Src/periph/interrupt.o
 .debug_macro   0x0000000000000000    0x1920a ./Src/periph/interrupt.o
 .debug_macro   0x0000000000000000       0x6d ./Src/periph/interrupt.o
 .debug_macro   0x0000000000000000       0x16 ./Src/periph/interrupt.o
 .group         0x0000000000000000        0xc ./Src/periph/rcc.o
 .group         0x0000000000000000        0xc ./Src/periph/rcc.o
 .group         0x0000000000000000        0xc ./Src/periph/rcc.o
 .group         0x0000000000000000        0xc ./Src/periph/rcc.o
 .group         0x0000000000000000        0xc ./Src/periph/rcc.o
 .group         0x0000000000000000        0xc ./Src/periph/rcc.o
 .group         0x0000000000000000        0xc ./Src/periph/rcc.o
 .group         0x0000000000000000        0xc ./Src/periph/rcc.o
 .group         0x0000000000000000        0xc ./Src/periph/rcc.o
 .group         0x0000000000000000        0xc ./Src/periph/rcc.o
 .group         0x0000000000000000        0xc ./Src/periph/rcc.o
 .group         0x0000000000000000        0xc ./Src/periph/rcc.o
 .group         0x0000000000000000        0xc ./Src/periph/rcc.o
 .group         0x0000000000000000        0xc ./Src/periph/rcc.o
 .group         0x0000000000000000        0xc ./Src/periph/rcc.o
 .group         0x0000000000000000        0xc ./Src/periph/rcc.o
 .group         0x0000000000000000        0xc ./Src/periph/rcc.o
 .text          0x0000000000000000        0x0 ./Src/periph/rcc.o
 .data          0x0000000000000000        0x0 ./Src/periph/rcc.o
 .bss           0x0000000000000000        0x0 ./Src/periph/rcc.o
 .debug_macro   0x0000000000000000      0xa84 ./Src/periph/rcc.o
 .debug_macro   0x0000000000000000       0x28 ./Src/periph/rcc.o
 .debug_macro   0x0000000000000000       0x3b ./Src/periph/rcc.o
 .debug_macro   0x0000000000000000       0x22 ./Src/periph/rcc.o
 .debug_macro   0x0000000000000000       0x8e ./Src/periph/rcc.o
 .debug_macro   0x0000000000000000       0x51 ./Src/periph/rcc.o
 .debug_macro   0x0000000000000000      0x103 ./Src/periph/rcc.o
 .debug_macro   0x0000000000000000       0x6a ./Src/periph/rcc.o
 .debug_macro   0x0000000000000000      0x1df ./Src/periph/rcc.o
 .debug_macro   0x0000000000000000       0x1c ./Src/periph/rcc.o
 .debug_macro   0x0000000000000000       0x22 ./Src/periph/rcc.o
 .debug_macro   0x0000000000000000       0xd9 ./Src/periph/rcc.o
 .debug_macro   0x0000000000000000     0x12cd ./Src/periph/rcc.o
 .debug_macro   0x0000000000000000      0x11f ./Src/periph/rcc.o
 .debug_macro   0x0000000000000000       0x19 ./Src/periph/rcc.o
 .debug_macro   0x0000000000000000    0x1920a ./Src/periph/rcc.o
 .debug_macro   0x0000000000000000       0x6d ./Src/periph/rcc.o
 .group         0x0000000000000000        0xc ./Src/periph/timer.o
 .group         0x0000000000000000        0xc ./Src/periph/timer.o
 .group         0x0000000000000000        0xc ./Src/periph/timer.o
 .group         0x0000000000000000        0xc ./Src/periph/timer.o
 .group         0x0000000000000000        0xc ./Src/periph/timer.o
 .group         0x0000000000000000        0xc ./Src/periph/timer.o
 .group         0x0000000000000000        0xc ./Src/periph/timer.o
 .group         0x0000000000000000        0xc ./Src/periph/timer.o
 .group         0x0000000000000000        0xc ./Src/periph/timer.o
 .group         0x0000000000000000        0xc ./Src/periph/timer.o
 .group         0x0000000000000000        0xc ./Src/periph/timer.o
 .group         0x0000000000000000        0xc ./Src/periph/timer.o
 .group         0x0000000000000000        0xc ./Src/periph/timer.o
 .group         0x0000000000000000        0xc ./Src/periph/timer.o
 .group         0x0000000000000000        0xc ./Src/periph/timer.o
 .group         0x0000000000000000        0xc ./Src/periph/timer.o
 .group         0x0000000000000000        0xc ./Src/periph/timer.o
 .text          0x0000000000000000        0x0 ./Src/periph/timer.o
 .data          0x0000000000000000        0x0 ./Src/periph/timer.o
 .bss           0x0000000000000000        0x0 ./Src/periph/timer.o
 .debug_macro   0x0000000000000000      0xa84 ./Src/periph/timer.o
 .debug_macro   0x0000000000000000       0x28 ./Src/periph/timer.o
 .debug_macro   0x0000000000000000       0x3b ./Src/periph/timer.o
 .debug_macro   0x0000000000000000       0x22 ./Src/periph/timer.o
 .debug_macro   0x0000000000000000       0x8e ./Src/periph/timer.o
 .debug_macro   0x0000000000000000       0x51 ./Src/periph/timer.o
 .debug_macro   0x0000000000000000      0x103 ./Src/periph/timer.o
 .debug_macro   0x0000000000000000       0x6a ./Src/periph/timer.o
 .debug_macro   0x0000000000000000      0x1df ./Src/periph/timer.o
 .debug_macro   0x0000000000000000       0x1c ./Src/periph/timer.o
 .debug_macro   0x0000000000000000       0x22 ./Src/periph/timer.o
 .debug_macro   0x0000000000000000       0xd9 ./Src/periph/timer.o
 .debug_macro   0x0000000000000000     0x12cd ./Src/periph/timer.o
 .debug_macro   0x0000000000000000      0x11f ./Src/periph/timer.o
 .debug_macro   0x0000000000000000       0x19 ./Src/periph/timer.o
 .debug_macro   0x0000000000000000    0x1920a ./Src/periph/timer.o
 .debug_macro   0x0000000000000000       0x6d ./Src/periph/timer.o
 .text          0x0000000000000000       0x14 ./Startup/startup_stm32f746zgtx.o
 .data          0x0000000000000000        0x0 ./Startup/startup_stm32f746zgtx.o
 .bss           0x0000000000000000        0x0 ./Startup/startup_stm32f746zgtx.o
 .text          0x0000000000000000        0x0 c:/st/stm32cubeide_1.9.0/stm32cubeide/plugins/com.st.stm32cube.ide.mcu.externaltools.gnu-tools-for-stm32.10.3-2021.10.win32_1.0.0.202111181127/tools/bin/../lib/gcc/arm-none-eabi/10.3.1/../../../../arm-none-eabi/lib/thumb/v7e-m+fp/hard\libc_nano.a(lib_a-errno.o)
 .data          0x0000000000000000        0x0 c:/st/stm32cubeide_1.9.0/stm32cubeide/plugins/com.st.stm32cube.ide.mcu.externaltools.gnu-tools-for-stm32.10.3-2021.10.win32_1.0.0.202111181127/tools/bin/../lib/gcc/arm-none-eabi/10.3.1/../../../../arm-none-eabi/lib/thumb/v7e-m+fp/hard\libc_nano.a(lib_a-errno.o)
 .bss           0x0000000000000000        0x0 c:/st/stm32cubeide_1.9.0/stm32cubeide/plugins/com.st.stm32cube.ide.mcu.externaltools.gnu-tools-for-stm32.10.3-2021.10.win32_1.0.0.202111181127/tools/bin/../lib/gcc/arm-none-eabi/10.3.1/../../../../arm-none-eabi/lib/thumb/v7e-m+fp/hard\libc_nano.a(lib_a-errno.o)
 .text.__errno  0x0000000000000000        0xc c:/st/stm32cubeide_1.9.0/stm32cubeide/plugins/com.st.stm32cube.ide.mcu.externaltools.gnu-tools-for-stm32.10.3-2021.10.win32_1.0.0.202111181127/tools/bin/../lib/gcc/arm-none-eabi/10.3.1/../../../../arm-none-eabi/lib/thumb/v7e-m+fp/hard\libc_nano.a(lib_a-errno.o)
 .debug_frame   0x0000000000000000       0x20 c:/st/stm32cubeide_1.9.0/stm32cubeide/plugins/com.st.stm32cube.ide.mcu.externaltools.gnu-tools-for-stm32.10.3-2021.10.win32_1.0.0.202111181127/tools/bin/../lib/gcc/arm-none-eabi/10.3.1/../../../../arm-none-eabi/lib/thumb/v7e-m+fp/hard\libc_nano.a(lib_a-errno.o)
 .ARM.attributes
                0x0000000000000000       0x34 c:/st/stm32cubeide_1.9.0/stm32cubeide/plugins/com.st.stm32cube.ide.mcu.externaltools.gnu-tools-for-stm32.10.3-2021.10.win32_1.0.0.202111181127/tools/bin/../lib/gcc/arm-none-eabi/10.3.1/../../../../arm-none-eabi/lib/thumb/v7e-m+fp/hard\libc_nano.a(lib_a-errno.o)
 .text          0x0000000000000000        0x0 c:/st/stm32cubeide_1.9.0/stm32cubeide/plugins/com.st.stm32cube.ide.mcu.externaltools.gnu-tools-for-stm32.10.3-2021.10.win32_1.0.0.202111181127/tools/bin/../lib/gcc/arm-none-eabi/10.3.1/../../../../arm-none-eabi/lib/thumb/v7e-m+fp/hard\libc_nano.a(lib_a-exit.o)
 .data          0x0000000000000000        0x0 c:/st/stm32cubeide_1.9.0/stm32cubeide/plugins/com.st.stm32cube.ide.mcu.externaltools.gnu-tools-for-stm32.10.3-2021.10.win32_1.0.0.202111181127/tools/bin/../lib/gcc/arm-none-eabi/10.3.1/../../../../arm-none-eabi/lib/thumb/v7e-m+fp/hard\libc_nano.a(lib_a-exit.o)
 .bss           0x0000000000000000        0x0 c:/st/stm32cubeide_1.9.0/stm32cubeide/plugins/com.st.stm32cube.ide.mcu.externaltools.gnu-tools-for-stm32.10.3-2021.10.win32_1.0.0.202111181127/tools/bin/../lib/gcc/arm-none-eabi/10.3.1/../../../../arm-none-eabi/lib/thumb/v7e-m+fp/hard\libc_nano.a(lib_a-exit.o)
 .text.exit     0x0000000000000000       0x28 c:/st/stm32cubeide_1.9.0/stm32cubeide/plugins/com.st.stm32cube.ide.mcu.externaltools.gnu-tools-for-stm32.10.3-2021.10.win32_1.0.0.202111181127/tools/bin/../lib/gcc/arm-none-eabi/10.3.1/../../../../arm-none-eabi/lib/thumb/v7e-m+fp/hard\libc_nano.a(lib_a-exit.o)
 .debug_frame   0x0000000000000000       0x28 c:/st/stm32cubeide_1.9.0/stm32cubeide/plugins/com.st.stm32cube.ide.mcu.externaltools.gnu-tools-for-stm32.10.3-2021.10.win32_1.0.0.202111181127/tools/bin/../lib/gcc/arm-none-eabi/10.3.1/../../../../arm-none-eabi/lib/thumb/v7e-m+fp/hard\libc_nano.a(lib_a-exit.o)
 .ARM.attributes
                0x0000000000000000       0x34 c:/st/stm32cubeide_1.9.0/stm32cubeide/plugins/com.st.stm32cube.ide.mcu.externaltools.gnu-tools-for-stm32.10.3-2021.10.win32_1.0.0.202111181127/tools/bin/../lib/gcc/arm-none-eabi/10.3.1/../../../../arm-none-eabi/lib/thumb/v7e-m+fp/hard\libc_nano.a(lib_a-exit.o)
 .text          0x0000000000000000        0x0 c:/st/stm32cubeide_1.9.0/stm32cubeide/plugins/com.st.stm32cube.ide.mcu.externaltools.gnu-tools-for-stm32.10.3-2021.10.win32_1.0.0.202111181127/tools/bin/../lib/gcc/arm-none-eabi/10.3.1/../../../../arm-none-eabi/lib/thumb/v7e-m+fp/hard\libc_nano.a(lib_a-impure.o)
 .data          0x0000000000000000        0x0 c:/st/stm32cubeide_1.9.0/stm32cubeide/plugins/com.st.stm32cube.ide.mcu.externaltools.gnu-tools-for-stm32.10.3-2021.10.win32_1.0.0.202111181127/tools/bin/../lib/gcc/arm-none-eabi/10.3.1/../../../../arm-none-eabi/lib/thumb/v7e-m+fp/hard\libc_nano.a(lib_a-impure.o)
 .bss           0x0000000000000000        0x0 c:/st/stm32cubeide_1.9.0/stm32cubeide/plugins/com.st.stm32cube.ide.mcu.externaltools.gnu-tools-for-stm32.10.3-2021.10.win32_1.0.0.202111181127/tools/bin/../lib/gcc/arm-none-eabi/10.3.1/../../../../arm-none-eabi/lib/thumb/v7e-m+fp/hard\libc_nano.a(lib_a-impure.o)
 .data._impure_ptr
                0x0000000000000000        0x4 c:/st/stm32cubeide_1.9.0/stm32cubeide/plugins/com.st.stm32cube.ide.mcu.externaltools.gnu-tools-for-stm32.10.3-2021.10.win32_1.0.0.202111181127/tools/bin/../lib/gcc/arm-none-eabi/10.3.1/../../../../arm-none-eabi/lib/thumb/v7e-m+fp/hard\libc_nano.a(lib_a-impure.o)
 .data.impure_data
                0x0000000000000000       0x60 c:/st/stm32cubeide_1.9.0/stm32cubeide/plugins/com.st.stm32cube.ide.mcu.externaltools.gnu-tools-for-stm32.10.3-2021.10.win32_1.0.0.202111181127/tools/bin/../lib/gcc/arm-none-eabi/10.3.1/../../../../arm-none-eabi/lib/thumb/v7e-m+fp/hard\libc_nano.a(lib_a-impure.o)
 .rodata._global_impure_ptr
                0x0000000000000000        0x4 c:/st/stm32cubeide_1.9.0/stm32cubeide/plugins/com.st.stm32cube.ide.mcu.externaltools.gnu-tools-for-stm32.10.3-2021.10.win32_1.0.0.202111181127/tools/bin/../lib/gcc/arm-none-eabi/10.3.1/../../../../arm-none-eabi/lib/thumb/v7e-m+fp/hard\libc_nano.a(lib_a-impure.o)
 .ARM.attributes
                0x0000000000000000       0x34 c:/st/stm32cubeide_1.9.0/stm32cubeide/plugins/com.st.stm32cube.ide.mcu.externaltools.gnu-tools-for-stm32.10.3-2021.10.win32_1.0.0.202111181127/tools/bin/../lib/gcc/arm-none-eabi/10.3.1/../../../../arm-none-eabi/lib/thumb/v7e-m+fp/hard\libc_nano.a(lib_a-impure.o)
 .text          0x0000000000000000        0x0 c:/st/stm32cubeide_1.9.0/stm32cubeide/plugins/com.st.stm32cube.ide.mcu.externaltools.gnu-tools-for-stm32.10.3-2021.10.win32_1.0.0.202111181127/tools/bin/../lib/gcc/arm-none-eabi/10.3.1/../../../../arm-none-eabi/lib/thumb/v7e-m+fp/hard\libc_nano.a(lib_a-init.o)
 .data          0x0000000000000000        0x0 c:/st/stm32cubeide_1.9.0/stm32cubeide/plugins/com.st.stm32cube.ide.mcu.externaltools.gnu-tools-for-stm32.10.3-2021.10.win32_1.0.0.202111181127/tools/bin/../lib/gcc/arm-none-eabi/10.3.1/../../../../arm-none-eabi/lib/thumb/v7e-m+fp/hard\libc_nano.a(lib_a-init.o)
 .bss           0x0000000000000000        0x0 c:/st/stm32cubeide_1.9.0/stm32cubeide/plugins/com.st.stm32cube.ide.mcu.externaltools.gnu-tools-for-stm32.10.3-2021.10.win32_1.0.0.202111181127/tools/bin/../lib/gcc/arm-none-eabi/10.3.1/../../../../arm-none-eabi/lib/thumb/v7e-m+fp/hard\libc_nano.a(lib_a-init.o)
 .text          0x0000000000000000        0x0 c:/st/stm32cubeide_1.9.0/stm32cubeide/plugins/com.st.stm32cube.ide.mcu.externaltools.gnu-tools-for-stm32.10.3-2021.10.win32_1.0.0.202111181127/tools/bin/../lib/gcc/arm-none-eabi/10.3.1/../../../../arm-none-eabi/lib/thumb/v7e-m+fp/hard\libc_nano.a(lib_a-memset.o)
 .data          0x0000000000000000        0x0 c:/st/stm32cubeide_1.9.0/stm32cubeide/plugins/com.st.stm32cube.ide.mcu.externaltools.gnu-tools-for-stm32.10.3-2021.10.win32_1.0.0.202111181127/tools/bin/../lib/gcc/arm-none-eabi/10.3.1/../../../../arm-none-eabi/lib/thumb/v7e-m+fp/hard\libc_nano.a(lib_a-memset.o)
 .bss           0x0000000000000000        0x0 c:/st/stm32cubeide_1.9.0/stm32cubeide/plugins/com.st.stm32cube.ide.mcu.externaltools.gnu-tools-for-stm32.10.3-2021.10.win32_1.0.0.202111181127/tools/bin/../lib/gcc/arm-none-eabi/10.3.1/../../../../arm-none-eabi/lib/thumb/v7e-m+fp/hard\libc_nano.a(lib_a-memset.o)
 .text.memset   0x0000000000000000       0x10 c:/st/stm32cubeide_1.9.0/stm32cubeide/plugins/com.st.stm32cube.ide.mcu.externaltools.gnu-tools-for-stm32.10.3-2021.10.win32_1.0.0.202111181127/tools/bin/../lib/gcc/arm-none-eabi/10.3.1/../../../../arm-none-eabi/lib/thumb/v7e-m+fp/hard\libc_nano.a(lib_a-memset.o)
 .debug_frame   0x0000000000000000       0x20 c:/st/stm32cubeide_1.9.0/stm32cubeide/plugins/com.st.stm32cube.ide.mcu.externaltools.gnu-tools-for-stm32.10.3-2021.10.win32_1.0.0.202111181127/tools/bin/../lib/gcc/arm-none-eabi/10.3.1/../../../../arm-none-eabi/lib/thumb/v7e-m+fp/hard\libc_nano.a(lib_a-memset.o)
 .ARM.attributes
                0x0000000000000000       0x34 c:/st/stm32cubeide_1.9.0/stm32cubeide/plugins/com.st.stm32cube.ide.mcu.externaltools.gnu-tools-for-stm32.10.3-2021.10.win32_1.0.0.202111181127/tools/bin/../lib/gcc/arm-none-eabi/10.3.1/../../../../arm-none-eabi/lib/thumb/v7e-m+fp/hard\libc_nano.a(lib_a-memset.o)
 .text          0x0000000000000000        0x0 c:/st/stm32cubeide_1.9.0/stm32cubeide/plugins/com.st.stm32cube.ide.mcu.externaltools.gnu-tools-for-stm32.10.3-2021.10.win32_1.0.0.202111181127/tools/bin/../lib/gcc/arm-none-eabi/10.3.1/../../../../arm-none-eabi/lib/thumb/v7e-m+fp/hard\libc_nano.a(lib_a-qsort.o)
 .data          0x0000000000000000        0x0 c:/st/stm32cubeide_1.9.0/stm32cubeide/plugins/com.st.stm32cube.ide.mcu.externaltools.gnu-tools-for-stm32.10.3-2021.10.win32_1.0.0.202111181127/tools/bin/../lib/gcc/arm-none-eabi/10.3.1/../../../../arm-none-eabi/lib/thumb/v7e-m+fp/hard\libc_nano.a(lib_a-qsort.o)
 .bss           0x0000000000000000        0x0 c:/st/stm32cubeide_1.9.0/stm32cubeide/plugins/com.st.stm32cube.ide.mcu.externaltools.gnu-tools-for-stm32.10.3-2021.10.win32_1.0.0.202111181127/tools/bin/../lib/gcc/arm-none-eabi/10.3.1/../../../../arm-none-eabi/lib/thumb/v7e-m+fp/hard\libc_nano.a(lib_a-qsort.o)
 .text.swapfunc
                0x0000000000000000       0x32 c:/st/stm32cubeide_1.9.0/stm32cubeide/plugins/com.st.stm32cube.ide.mcu.externaltools.gnu-tools-for-stm32.10.3-2021.10.win32_1.0.0.202111181127/tools/bin/../lib/gcc/arm-none-eabi/10.3.1/../../../../arm-none-eabi/lib/thumb/v7e-m+fp/hard\libc_nano.a(lib_a-qsort.o)
 .text.med3.constprop.0
                0x0000000000000000       0x3e c:/st/stm32cubeide_1.9.0/stm32cubeide/plugins/com.st.stm32cube.ide.mcu.externaltools.gnu-tools-for-stm32.10.3-2021.10.win32_1.0.0.202111181127/tools/bin/../lib/gcc/arm-none-eabi/10.3.1/../../../../arm-none-eabi/lib/thumb/v7e-m+fp/hard\libc_nano.a(lib_a-qsort.o)
 .text.qsort    0x0000000000000000      0x2a0 c:/st/stm32cubeide_1.9.0/stm32cubeide/plugins/com.st.stm32cube.ide.mcu.externaltools.gnu-tools-for-stm32.10.3-2021.10.win32_1.0.0.202111181127/tools/bin/../lib/gcc/arm-none-eabi/10.3.1/../../../../arm-none-eabi/lib/thumb/v7e-m+fp/hard\libc_nano.a(lib_a-qsort.o)
 .debug_frame   0x0000000000000000       0x78 c:/st/stm32cubeide_1.9.0/stm32cubeide/plugins/com.st.stm32cube.ide.mcu.externaltools.gnu-tools-for-stm32.10.3-2021.10.win32_1.0.0.202111181127/tools/bin/../lib/gcc/arm-none-eabi/10.3.1/../../../../arm-none-eabi/lib/thumb/v7e-m+fp/hard\libc_nano.a(lib_a-qsort.o)
 .ARM.attributes
                0x0000000000000000       0x34 c:/st/stm32cubeide_1.9.0/stm32cubeide/plugins/com.st.stm32cube.ide.mcu.externaltools.gnu-tools-for-stm32.10.3-2021.10.win32_1.0.0.202111181127/tools/bin/../lib/gcc/arm-none-eabi/10.3.1/../../../../arm-none-eabi/lib/thumb/v7e-m+fp/hard\libc_nano.a(lib_a-qsort.o)
 .text          0x0000000000000000        0x0 c:/st/stm32cubeide_1.9.0/stm32cubeide/plugins/com.st.stm32cube.ide.mcu.externaltools.gnu-tools-for-stm32.10.3-2021.10.win32_1.0.0.202111181127/tools/bin/../lib/gcc/arm-none-eabi/10.3.1/thumb/v7e-m+fp/hard/crtend.o
 .data          0x0000000000000000        0x0 c:/st/stm32cubeide_1.9.0/stm32cubeide/plugins/com.st.stm32cube.ide.mcu.externaltools.gnu-tools-for-stm32.10.3-2021.10.win32_1.0.0.202111181127/tools/bin/../lib/gcc/arm-none-eabi/10.3.1/thumb/v7e-m+fp/hard/crtend.o
 .bss           0x0000000000000000        0x0 c:/st/stm32cubeide_1.9.0/stm32cubeide/plugins/com.st.stm32cube.ide.mcu.externaltools.gnu-tools-for-stm32.10.3-2021.10.win32_1.0.0.202111181127/tools/bin/../lib/gcc/arm-none-eabi/10.3.1/thumb/v7e-m+fp/hard/crtend.o
 .rodata        0x0000000000000000       0x24 c:/st/stm32cubeide_1.9.0/stm32cubeide/plugins/com.st.stm32cube.ide.mcu.externaltools.gnu-tools-for-stm32.10.3-2021.10.win32_1.0.0.202111181127/tools/bin/../lib/gcc/arm-none-eabi/10.3.1/thumb/v7e-m+fp/hard/crtend.o
 .eh_frame      0x0000000000000000        0x4 c:/st/stm32cubeide_1.9.0/stm32cubeide/plugins/com.st.stm32cube.ide.mcu.externaltools.gnu-tools-for-stm32.10.3-2021.10.win32_1.0.0.202111181127/tools/bin/../lib/gcc/arm-none-eabi/10.3.1/thumb/v7e-m+fp/hard/crtend.o
 .ARM.attributes
                0x0000000000000000       0x34 c:/st/stm32cubeide_1.9.0/stm32cubeide/plugins/com.st.stm32cube.ide.mcu.externaltools.gnu-tools-for-stm32.10.3-2021.10.win32_1.0.0.202111181127/tools/bin/../lib/gcc/arm-none-eabi/10.3.1/thumb/v7e-m+fp/hard/crtend.o
 .text          0x0000000000000000        0x0 c:/st/stm32cubeide_1.9.0/stm32cubeide/plugins/com.st.stm32cube.ide.mcu.externaltools.gnu-tools-for-stm32.10.3-2021.10.win32_1.0.0.202111181127/tools/bin/../lib/gcc/arm-none-eabi/10.3.1/thumb/v7e-m+fp/hard/crtn.o
 .data          0x0000000000000000        0x0 c:/st/stm32cubeide_1.9.0/stm32cubeide/plugins/com.st.stm32cube.ide.mcu.externaltools.gnu-tools-for-stm32.10.3-2021.10.win32_1.0.0.202111181127/tools/bin/../lib/gcc/arm-none-eabi/10.3.1/thumb/v7e-m+fp/hard/crtn.o
 .bss           0x0000000000000000        0x0 c:/st/stm32cubeide_1.9.0/stm32cubeide/plugins/com.st.stm32cube.ide.mcu.externaltools.gnu-tools-for-stm32.10.3-2021.10.win32_1.0.0.202111181127/tools/bin/../lib/gcc/arm-none-eabi/10.3.1/thumb/v7e-m+fp/hard/crtn.o

Memory Configuration

Name             Origin             Length             Attributes
RAM              0x0000000020000000 0x0000000000050000 xrw
FLASH            0x0000000008000000 0x0000000000100000 xr
*default*        0x0000000000000000 0xffffffffffffffff

Linker script and memory map

LOAD c:/st/stm32cubeide_1.9.0/stm32cubeide/plugins/com.st.stm32cube.ide.mcu.externaltools.gnu-tools-for-stm32.10.3-2021.10.win32_1.0.0.202111181127/tools/bin/../lib/gcc/arm-none-eabi/10.3.1/thumb/v7e-m+fp/hard/crti.o
LOAD c:/st/stm32cubeide_1.9.0/stm32cubeide/plugins/com.st.stm32cube.ide.mcu.externaltools.gnu-tools-for-stm32.10.3-2021.10.win32_1.0.0.202111181127/tools/bin/../lib/gcc/arm-none-eabi/10.3.1/thumb/v7e-m+fp/hard/crtbegin.o
LOAD c:/st/stm32cubeide_1.9.0/stm32cubeide/plugins/com.st.stm32cube.ide.mcu.externaltools.gnu-tools-for-stm32.10.3-2021.10.win32_1.0.0.202111181127/tools/bin/../lib/gcc/arm-none-eabi/10.3.1/../../../../arm-none-eabi/lib/thumb/v7e-m+fp/hard/crt0.o
LOAD ./Src/control.o
LOAD ./Src/dsp.o
LOAD ./Src/main.o
LOAD ./Src/syscalls.o
LOAD ./Src/sysmem.o
LOAD ./Src/system_stm32f7xx.o
LOAD ./Src/periph/adc.o
LOAD ./Src/periph/dac.o
LOAD ./Src/periph/dma.o
LOAD ./Src/periph/gpio.o
LOAD ./Src/periph/interrupt.o
LOAD ./Src/periph/rcc.o
LOAD ./Src/periph/timer.o
LOAD ./Startup/startup_stm32f746zgtx.o
START GROUP
LOAD c:/st/stm32cubeide_1.9.0/stm32cubeide/plugins/com.st.stm32cube.ide.mcu.externaltools.gnu-tools-for-stm32.10.3-2021.10.win32_1.0.0.202111181127/tools/bin/../lib/gcc/arm-none-eabi/10.3.1/../../../../arm-none-eabi/lib/thumb/v7e-m+fp/hard\libstdc++_nano.a
LOAD c:/st/stm32cubeide_1.9.0/stm32cubeide/plugins/com.st.stm32cube.ide.mcu.externaltools.gnu-tools-for-stm32.10.3-2021.10.win32_1.0.0.202111181127/tools/bin/../lib/gcc/arm-none-eabi/10.3.1/../../../../arm-none-eabi/lib/thumb/v7e-m+fp/hard\libsupc++_nano.a
END GROUP
LOAD c:/st/stm32cubeide_1.9.0/stm32cubeide/plugins/com.st.stm32cube.ide.mcu.externaltools.gnu-tools-for-stm32.10.3-2021.10.win32_1.0.0.202111181127/tools/bin/../lib/gcc/arm-none-eabi/10.3.1/../../../../arm-none-eabi/lib/thumb/v7e-m+fp/hard\libstdc++_nano.a
LOAD c:/st/stm32cubeide_1.9.0/stm32cubeide/plugins/com.st.stm32cube.ide.mcu.externaltools.gnu-tools-for-stm32.10.3-2021.10.win32_1.0.0.202111181127/tools/bin/../lib/gcc/arm-none-eabi/10.3.1/../../../../arm-none-eabi/lib/thumb/v7e-m+fp/hard\libm.a
LOAD c:/st/stm32cubeide_1.9.0/stm32cubeide/plugins/com.st.stm32cube.ide.mcu.externaltools.gnu-tools-for-stm32.10.3-2021.10.win32_1.0.0.202111181127/tools/bin/../lib/gcc/arm-none-eabi/10.3.1/../../../../arm-none-eabi/lib/thumb/v7e-m+fp/hard\libc_nano.a
START GROUP
LOAD c:/st/stm32cubeide_1.9.0/stm32cubeide/plugins/com.st.stm32cube.ide.mcu.externaltools.gnu-tools-for-stm32.10.3-2021.10.win32_1.0.0.202111181127/tools/bin/../lib/gcc/arm-none-eabi/10.3.1/thumb/v7e-m+fp/hard\libgcc.a
LOAD c:/st/stm32cubeide_1.9.0/stm32cubeide/plugins/com.st.stm32cube.ide.mcu.externaltools.gnu-tools-for-stm32.10.3-2021.10.win32_1.0.0.202111181127/tools/bin/../lib/gcc/arm-none-eabi/10.3.1/../../../../arm-none-eabi/lib/thumb/v7e-m+fp/hard\libc_nano.a
END GROUP
START GROUP
LOAD c:/st/stm32cubeide_1.9.0/stm32cubeide/plugins/com.st.stm32cube.ide.mcu.externaltools.gnu-tools-for-stm32.10.3-2021.10.win32_1.0.0.202111181127/tools/bin/../lib/gcc/arm-none-eabi/10.3.1/thumb/v7e-m+fp/hard\libgcc.a
LOAD c:/st/stm32cubeide_1.9.0/stm32cubeide/plugins/com.st.stm32cube.ide.mcu.externaltools.gnu-tools-for-stm32.10.3-2021.10.win32_1.0.0.202111181127/tools/bin/../lib/gcc/arm-none-eabi/10.3.1/../../../../arm-none-eabi/lib/thumb/v7e-m+fp/hard\libc_nano.a
LOAD c:/st/stm32cubeide_1.9.0/stm32cubeide/plugins/com.st.stm32cube.ide.mcu.externaltools.gnu-tools-for-stm32.10.3-2021.10.win32_1.0.0.202111181127/tools/bin/../lib/gcc/arm-none-eabi/10.3.1/../../../../arm-none-eabi/lib/thumb/v7e-m+fp/hard\libnosys.a
END GROUP
START GROUP
LOAD c:/st/stm32cubeide_1.9.0/stm32cubeide/plugins/com.st.stm32cube.ide.mcu.externaltools.gnu-tools-for-stm32.10.3-2021.10.win32_1.0.0.202111181127/tools/bin/../lib/gcc/arm-none-eabi/10.3.1/thumb/v7e-m+fp/hard\libgcc.a
LOAD c:/st/stm32cubeide_1.9.0/stm32cubeide/plugins/com.st.stm32cube.ide.mcu.externaltools.gnu-tools-for-stm32.10.3-2021.10.win32_1.0.0.202111181127/tools/bin/../lib/gcc/arm-none-eabi/10.3.1/../../../../arm-none-eabi/lib/thumb/v7e-m+fp/hard\libc_nano.a
LOAD c:/st/stm32cubeide_1.9.0/stm32cubeide/plugins/com.st.stm32cube.ide.mcu.externaltools.gnu-tools-for-stm32.10.3-2021.10.win32_1.0.0.202111181127/tools/bin/../lib/gcc/arm-none-eabi/10.3.1/../../../../arm-none-eabi/lib/thumb/v7e-m+fp/hard\libnosys.a
END GROUP
LOAD c:/st/stm32cubeide_1.9.0/stm32cubeide/plugins/com.st.stm32cube.ide.mcu.externaltools.gnu-tools-for-stm32.10.3-2021.10.win32_1.0.0.202111181127/tools/bin/../lib/gcc/arm-none-eabi/10.3.1/thumb/v7e-m+fp/hard/crtend.o
LOAD c:/st/stm32cubeide_1.9.0/stm32cubeide/plugins/com.st.stm32cube.ide.mcu.externaltools.gnu-tools-for-stm32.10.3-2021.10.win32_1.0.0.202111181127/tools/bin/../lib/gcc/arm-none-eabi/10.3.1/thumb/v7e-m+fp/hard/crtn.o
                0x0000000020050000                _estack = (ORIGIN (RAM) + LENGTH (RAM))
                0x0000000000000200                _Min_Heap_Size = 0x200
                0x0000000000000400                _Min_Stack_Size = 0x400

.isr_vector     0x0000000008000000      0x1c8
                0x0000000008000000                . = ALIGN (0x4)
 *(.isr_vector)
 .isr_vector    0x0000000008000000      0x1c8 ./Startup/startup_stm32f746zgtx.o
                0x0000000008000000                g_pfnVectors
                0x00000000080001c8                . = ALIGN (0x4)

.text           0x00000000080001c8      0xc90
                0x00000000080001c8                . = ALIGN (0x4)
 *(.text)
 .text          0x00000000080001c8       0x40 c:/st/stm32cubeide_1.9.0/stm32cubeide/plugins/com.st.stm32cube.ide.mcu.externaltools.gnu-tools-for-stm32.10.3-2021.10.win32_1.0.0.202111181127/tools/bin/../lib/gcc/arm-none-eabi/10.3.1/thumb/v7e-m+fp/hard/crtbegin.o
 *(.text*)
 .text.DMA2_Stream0_IRQHandler
                0x0000000008000208       0xb0 ./Src/control.o
                0x0000000008000208                DMA2_Stream0_IRQHandler
 .text.shift_and_scale
                0x00000000080002b8       0xfc ./Src/control.o
                0x00000000080002b8                shift_and_scale
 .text.set_shifts
                0x00000000080003b4       0x7c ./Src/control.o
                0x00000000080003b4                set_shifts
 .text.MovingFloatFilter
                0x0000000008000430       0x94 ./Src/dsp.o
                0x0000000008000430                MovingFloatFilter
 .text.main     0x00000000080004c4       0x70 ./Src/main.o
                0x00000000080004c4                main
 .text.SystemInit
                0x0000000008000534       0x24 ./Src/system_stm32f7xx.o
                0x0000000008000534                SystemInit
 .text.SystemCoreClockUpdate
                0x0000000008000558      0x100 ./Src/system_stm32f7xx.o
                0x0000000008000558                SystemCoreClockUpdate
 .text.init_ADC
                0x0000000008000658      0x188 ./Src/periph/adc.o
                0x0000000008000658                init_ADC
 .text.init_DAC
                0x00000000080007e0       0x30 ./Src/periph/dac.o
                0x00000000080007e0                init_DAC
 .text.init_DMA
                0x0000000008000810       0x98 ./Src/periph/dma.o
                0x0000000008000810                init_DMA
 .text.init_GPIO
                0x00000000080008a8       0xac ./Src/periph/gpio.o
                0x00000000080008a8                init_GPIO
 .text.init_GPIO_Output
                0x0000000008000954       0x2a ./Src/periph/gpio.o
                0x0000000008000954                init_GPIO_Output
 .text.init_GPIO_AFunction
                0x000000000800097e       0x72 ./Src/periph/gpio.o
                0x000000000800097e                init_GPIO_AFunction
 .text.init_GPIO_Analog
                0x00000000080009f0       0x2a ./Src/periph/gpio.o
                0x00000000080009f0                init_GPIO_Analog
 *fill*         0x0000000008000a1a        0x2 
 .text.__NVIC_SetPriorityGrouping
                0x0000000008000a1c       0x48 ./Src/periph/interrupt.o
 .text.__NVIC_GetPriorityGrouping
                0x0000000008000a64       0x1c ./Src/periph/interrupt.o
 .text.__NVIC_EnableIRQ
                0x0000000008000a80       0x3c ./Src/periph/interrupt.o
 .text.__NVIC_SetPriority
                0x0000000008000abc       0x54 ./Src/periph/interrupt.o
 .text.NVIC_EncodePriority
                0x0000000008000b10       0x66 ./Src/periph/interrupt.o
 .text.init_INTERRUPT
                0x0000000008000b76       0x4e ./Src/periph/interrupt.o
                0x0000000008000b76                init_INTERRUPT
 .text.TIM8_UP_TIM13_IRQHandler
                0x0000000008000bc4       0x24 ./Src/periph/interrupt.o
                0x0000000008000bc4                TIM8_UP_TIM13_IRQHandler
 .text.init_RCC
                0x0000000008000be8      0x120 ./Src/periph/rcc.o
                0x0000000008000be8                init_RCC
 .text.init_TIMER8
                0x0000000008000d08       0x9c ./Src/periph/timer.o
                0x0000000008000d08                init_TIMER8
 .text.Reset_Handler
                0x0000000008000da4       0x50 ./Startup/startup_stm32f746zgtx.o
                0x0000000008000da4                Reset_Handler
 .text.Default_Handler
                0x0000000008000df4        0x2 ./Startup/startup_stm32f746zgtx.o
                0x0000000008000df4                HASH_RNG_IRQHandler
                0x0000000008000df4                EXTI2_IRQHandler
                0x0000000008000df4                TIM8_CC_IRQHandler
                0x0000000008000df4                DebugMon_Handler
                0x0000000008000df4                UART8_IRQHandler
                0x0000000008000df4                SPI4_IRQHandler
                0x0000000008000df4                TIM1_CC_IRQHandler
                0x0000000008000df4                QuadSPI_IRQHandler
                0x0000000008000df4                DMA2_Stream5_IRQHandler
                0x0000000008000df4                HardFault_Handler
                0x0000000008000df4                DMA1_Stream5_IRQHandler
                0x0000000008000df4                SysTick_Handler
                0x0000000008000df4                PVD_IRQHandler
                0x0000000008000df4                TAMP_STAMP_IRQHandler
                0x0000000008000df4                PendSV_Handler
                0x0000000008000df4                NMI_Handler
                0x0000000008000df4                CAN2_RX1_IRQHandler
                0x0000000008000df4                EXTI3_IRQHandler
                0x0000000008000df4                TIM8_TRG_COM_TIM14_IRQHandler
                0x0000000008000df4                TIM1_UP_TIM10_IRQHandler
                0x0000000008000df4                I2C3_ER_IRQHandler
                0x0000000008000df4                LCD_TFT_IRQHandler
                0x0000000008000df4                EXTI0_IRQHandler
                0x0000000008000df4                I2C2_EV_IRQHandler
                0x0000000008000df4                DMA1_Stream2_IRQHandler
                0x0000000008000df4                CAN1_RX0_IRQHandler
                0x0000000008000df4                FPU_IRQHandler
                0x0000000008000df4                OTG_HS_WKUP_IRQHandler
                0x0000000008000df4                UsageFault_Handler
                0x0000000008000df4                LTDC_ER_IRQHandler
                0x0000000008000df4                CAN2_SCE_IRQHandler
                0x0000000008000df4                DMA2_Stream2_IRQHandler
                0x0000000008000df4                SPI1_IRQHandler
                0x0000000008000df4                TIM6_DAC_IRQHandler
                0x0000000008000df4                TIM1_BRK_TIM9_IRQHandler
                0x0000000008000df4                DCMI_IRQHandler
                0x0000000008000df4                CAN2_RX0_IRQHandler
                0x0000000008000df4                DMA2_Stream3_IRQHandler
                0x0000000008000df4                RTC_ALARM_IRQHandler
                0x0000000008000df4                SAI2_IRQHandler
                0x0000000008000df4                USART6_IRQHandler
                0x0000000008000df4                USART3_IRQHandler
                0x0000000008000df4                CRYP_IRQHandler
                0x0000000008000df4                CAN1_RX1_IRQHandler
                0x0000000008000df4                UART5_IRQHandler
                0x0000000008000df4                TIM4_IRQHandler
                0x0000000008000df4                I2C1_EV_IRQHandler
                0x0000000008000df4                HDMI_CEC_IRQHandler
                0x0000000008000df4                DMA1_Stream6_IRQHandler
                0x0000000008000df4                DMA1_Stream1_IRQHandler
                0x0000000008000df4                UART4_IRQHandler
                0x0000000008000df4                TIM3_IRQHandler
                0x0000000008000df4                RCC_IRQHandler
                0x0000000008000df4                TIM8_BRK_TIM12_IRQHandler
                0x0000000008000df4                Default_Handler
                0x0000000008000df4                EXTI15_10_IRQHandler
                0x0000000008000df4                ADC_IRQHandler
                0x0000000008000df4                DMA1_Stream7_IRQHandler
                0x0000000008000df4                SPI5_IRQHandler
                0x0000000008000df4                LPTimer1_IRQHandler
                0x0000000008000df4                TIM7_IRQHandler
                0x0000000008000df4                SDMMC1_IRQHandler
                0x0000000008000df4                CAN2_TX_IRQHandler
                0x0000000008000df4                TIM5_IRQHandler
                0x0000000008000df4                DMA2_Stream7_IRQHandler
                0x0000000008000df4                I2C3_EV_IRQHandler
                0x0000000008000df4                EXTI9_5_IRQHandler
                0x0000000008000df4                RTC_WKUP_IRQHandler
                0x0000000008000df4                ETH_WKUP_IRQHandler
                0x0000000008000df4                SPI2_IRQHandler
                0x0000000008000df4                OTG_HS_EP1_IN_IRQHandler
                0x0000000008000df4                MemManage_Handler
                0x0000000008000df4                DMA1_Stream0_IRQHandler
                0x0000000008000df4                CAN1_TX_IRQHandler
                0x0000000008000df4                SVC_Handler
                0x0000000008000df4                EXTI4_IRQHandler
                0x0000000008000df4                ETH_IRQHandler
                0x0000000008000df4                OTG_HS_EP1_OUT_IRQHandler
                0x0000000008000df4                WWDG_IRQHandler
                0x0000000008000df4                SPI6_IRQHandler
                0x0000000008000df4                I2C4_EV_IRQHandler
                0x0000000008000df4                TIM2_IRQHandler
                0x0000000008000df4                OTG_FS_WKUP_IRQHandler
                0x0000000008000df4                TIM1_TRG_COM_TIM11_IRQHandler
                0x0000000008000df4                OTG_HS_IRQHandler
                0x0000000008000df4                DMA2D_IRQHandler
                0x0000000008000df4                EXTI1_IRQHandler
                0x0000000008000df4                UART7_IRQHandler
                0x0000000008000df4                USART2_IRQHandler
                0x0000000008000df4                I2C2_ER_IRQHandler
                0x0000000008000df4                SPDIFRX_IRQHandler
                0x0000000008000df4                DMA2_Stream1_IRQHandler
                0x0000000008000df4                CAN1_SCE_IRQHandler
                0x0000000008000df4                FLASH_IRQHandler
                0x0000000008000df4                DMA2_Stream4_IRQHandler
                0x0000000008000df4                BusFault_Handler
                0x0000000008000df4                USART1_IRQHandler
                0x0000000008000df4                OTG_FS_IRQHandler
                0x0000000008000df4                SPI3_IRQHandler
                0x0000000008000df4                DMA1_Stream4_IRQHandler
                0x0000000008000df4                I2C1_ER_IRQHandler
                0x0000000008000df4                FMC_IRQHandler
                0x0000000008000df4                I2C4_ER_IRQHandler
                0x0000000008000df4                DMA2_Stream6_IRQHandler
                0x0000000008000df4                SAI1_IRQHandler
                0x0000000008000df4                DMA1_Stream3_IRQHandler
 *fill*         0x0000000008000df6        0x2 
 .text.__libc_init_array
                0x0000000008000df8       0x48 c:/st/stm32cubeide_1.9.0/stm32cubeide/plugins/com.st.stm32cube.ide.mcu.externaltools.gnu-tools-for-stm32.10.3-2021.10.win32_1.0.0.202111181127/tools/bin/../lib/gcc/arm-none-eabi/10.3.1/../../../../arm-none-eabi/lib/thumb/v7e-m+fp/hard\libc_nano.a(lib_a-init.o)
                0x0000000008000df8                __libc_init_array
 *(.glue_7)
 .glue_7        0x0000000008000e40        0x0 linker stubs
 *(.glue_7t)
 .glue_7t       0x0000000008000e40        0x0 linker stubs
 *(.eh_frame)
 .eh_frame      0x0000000008000e40        0x0 c:/st/stm32cubeide_1.9.0/stm32cubeide/plugins/com.st.stm32cube.ide.mcu.externaltools.gnu-tools-for-stm32.10.3-2021.10.win32_1.0.0.202111181127/tools/bin/../lib/gcc/arm-none-eabi/10.3.1/thumb/v7e-m+fp/hard/crtbegin.o
 *(.init)
 .init          0x0000000008000e40        0x4 c:/st/stm32cubeide_1.9.0/stm32cubeide/plugins/com.st.stm32cube.ide.mcu.externaltools.gnu-tools-for-stm32.10.3-2021.10.win32_1.0.0.202111181127/tools/bin/../lib/gcc/arm-none-eabi/10.3.1/thumb/v7e-m+fp/hard/crti.o
                0x0000000008000e40                _init
 .init          0x0000000008000e44        0x8 c:/st/stm32cubeide_1.9.0/stm32cubeide/plugins/com.st.stm32cube.ide.mcu.externaltools.gnu-tools-for-stm32.10.3-2021.10.win32_1.0.0.202111181127/tools/bin/../lib/gcc/arm-none-eabi/10.3.1/thumb/v7e-m+fp/hard/crtn.o
 *(.fini)
 .fini          0x0000000008000e4c        0x4 c:/st/stm32cubeide_1.9.0/stm32cubeide/plugins/com.st.stm32cube.ide.mcu.externaltools.gnu-tools-for-stm32.10.3-2021.10.win32_1.0.0.202111181127/tools/bin/../lib/gcc/arm-none-eabi/10.3.1/thumb/v7e-m+fp/hard/crti.o
                0x0000000008000e4c                _fini
 .fini          0x0000000008000e50        0x8 c:/st/stm32cubeide_1.9.0/stm32cubeide/plugins/com.st.stm32cube.ide.mcu.externaltools.gnu-tools-for-stm32.10.3-2021.10.win32_1.0.0.202111181127/tools/bin/../lib/gcc/arm-none-eabi/10.3.1/thumb/v7e-m+fp/hard/crtn.o
                0x0000000008000e58                . = ALIGN (0x4)
                0x0000000008000e58                _etext = .

.vfp11_veneer   0x0000000008000e58        0x0
 .vfp11_veneer  0x0000000008000e58        0x0 linker stubs

.v4_bx          0x0000000008000e58        0x0
 .v4_bx         0x0000000008000e58        0x0 linker stubs

.iplt           0x0000000008000e58        0x0
 .iplt          0x0000000008000e58        0x0 c:/st/stm32cubeide_1.9.0/stm32cubeide/plugins/com.st.stm32cube.ide.mcu.externaltools.gnu-tools-for-stm32.10.3-2021.10.win32_1.0.0.202111181127/tools/bin/../lib/gcc/arm-none-eabi/10.3.1/thumb/v7e-m+fp/hard/crtbegin.o

.rodata         0x0000000008000e58       0x10
                0x0000000008000e58                . = ALIGN (0x4)
 *(.rodata)
 *(.rodata*)
 .rodata.AHBPrescTable
                0x0000000008000e58       0x10 ./Src/system_stm32f7xx.o
                0x0000000008000e58                AHBPrescTable
                0x0000000008000e68                . = ALIGN (0x4)

.rel.dyn        0x0000000008000e68        0x0
 .rel.iplt      0x0000000008000e68        0x0 c:/st/stm32cubeide_1.9.0/stm32cubeide/plugins/com.st.stm32cube.ide.mcu.externaltools.gnu-tools-for-stm32.10.3-2021.10.win32_1.0.0.202111181127/tools/bin/../lib/gcc/arm-none-eabi/10.3.1/thumb/v7e-m+fp/hard/crtbegin.o

.ARM.extab      0x0000000008000e68        0x0
                0x0000000008000e68                . = ALIGN (0x4)
 *(.ARM.extab* .gnu.linkonce.armextab.*)
                0x0000000008000e68                . = ALIGN (0x4)

.ARM            0x0000000008000e68        0x0
                0x0000000008000e68                . = ALIGN (0x4)
                0x0000000008000e68                __exidx_start = .
 *(.ARM.exidx*)
                0x0000000008000e68                __exidx_end = .
                0x0000000008000e68                . = ALIGN (0x4)

.preinit_array  0x0000000008000e68        0x0
                0x0000000008000e68                . = ALIGN (0x4)
                0x0000000008000e68                PROVIDE (__preinit_array_start = .)
 *(.preinit_array*)
                0x0000000008000e68                PROVIDE (__preinit_array_end = .)
                0x0000000008000e68                . = ALIGN (0x4)

.init_array     0x0000000008000e68        0x4
                0x0000000008000e68                . = ALIGN (0x4)
                0x0000000008000e68                PROVIDE (__init_array_start = .)
 *(SORT_BY_NAME(.init_array.*))
 *(.init_array*)
 .init_array    0x0000000008000e68        0x4 c:/st/stm32cubeide_1.9.0/stm32cubeide/plugins/com.st.stm32cube.ide.mcu.externaltools.gnu-tools-for-stm32.10.3-2021.10.win32_1.0.0.202111181127/tools/bin/../lib/gcc/arm-none-eabi/10.3.1/thumb/v7e-m+fp/hard/crtbegin.o
                0x0000000008000e6c                PROVIDE (__init_array_end = .)
                0x0000000008000e6c                . = ALIGN (0x4)

.fini_array     0x0000000008000e6c        0x4
                0x0000000008000e6c                . = ALIGN (0x4)
                [!provide]                        PROVIDE (__fini_array_start = .)
 *(SORT_BY_NAME(.fini_array.*))
 *(.fini_array*)
 .fini_array    0x0000000008000e6c        0x4 c:/st/stm32cubeide_1.9.0/stm32cubeide/plugins/com.st.stm32cube.ide.mcu.externaltools.gnu-tools-for-stm32.10.3-2021.10.win32_1.0.0.202111181127/tools/bin/../lib/gcc/arm-none-eabi/10.3.1/thumb/v7e-m+fp/hard/crtbegin.o
                [!provide]                        PROVIDE (__fini_array_end = .)
                0x0000000008000e70                . = ALIGN (0x4)
                0x0000000008000e70                _sidata = LOADADDR (.data)

.data           0x0000000020000000       0x80 load address 0x0000000008000e70
                0x0000000020000000                . = ALIGN (0x4)
                0x0000000020000000                _sdata = .
 *(.data)
 *(.data*)
 .data.Boost_Measure
                0x0000000020000000       0x7c ./Src/control.o
                0x0000000020000000                Boost_Measure
 .data.SystemCoreClock
                0x000000002000007c        0x4 ./Src/system_stm32f7xx.o
                0x000000002000007c                SystemCoreClock
 *(.RamFunc)
 *(.RamFunc*)
                0x0000000020000080                . = ALIGN (0x4)
                0x0000000020000080                _edata = .

.igot.plt       0x0000000020000080        0x0 load address 0x0000000008000ef0
 .igot.plt      0x0000000020000080        0x0 c:/st/stm32cubeide_1.9.0/stm32cubeide/plugins/com.st.stm32cube.ide.mcu.externaltools.gnu-tools-for-stm32.10.3-2021.10.win32_1.0.0.202111181127/tools/bin/../lib/gcc/arm-none-eabi/10.3.1/thumb/v7e-m+fp/hard/crtbegin.o
                0x0000000020000080                . = ALIGN (0x4)

.bss            0x0000000020000080      0x80c load address 0x0000000008000ef0
                0x0000000020000080                _sbss = .
                0x0000000020000080                __bss_start__ = _sbss
 *(.bss)
 .bss           0x0000000020000080       0x1c c:/st/stm32cubeide_1.9.0/stm32cubeide/plugins/com.st.stm32cube.ide.mcu.externaltools.gnu-tools-for-stm32.10.3-2021.10.win32_1.0.0.202111181127/tools/bin/../lib/gcc/arm-none-eabi/10.3.1/thumb/v7e-m+fp/hard/crtbegin.o
 *(.bss*)
 .bss.FILTER_MOV
                0x000000002000009c      0x7d8 ./Src/dsp.o
                0x000000002000009c                FILTER_MOV
 .bss.ADC_Buffer
                0x0000000020000874       0x18 ./Src/periph/dma.o
                0x0000000020000874                ADC_Buffer
 *(COMMON)
                0x000000002000088c                . = ALIGN (0x4)
                0x000000002000088c                _ebss = .
                0x000000002000088c                __bss_end__ = _ebss

._user_heap_stack
                0x000000002000088c      0x604 load address 0x0000000008000ef0
                0x0000000020000890                . = ALIGN (0x8)
 *fill*         0x000000002000088c        0x4 
                [!provide]                        PROVIDE (end = .)
                0x0000000020000890                PROVIDE (_end = .)
                0x0000000020000a90                . = (. + _Min_Heap_Size)
 *fill*         0x0000000020000890      0x200 
                0x0000000020000e90                . = (. + _Min_Stack_Size)
 *fill*         0x0000000020000a90      0x400 
                0x0000000020000e90                . = ALIGN (0x8)

/DISCARD/
 libc.a(*)
 libm.a(*)
 libgcc.a(*)

.ARM.attributes
                0x0000000000000000       0x30
 *(.ARM.attributes)
 .ARM.attributes
                0x0000000000000000       0x1e c:/st/stm32cubeide_1.9.0/stm32cubeide/plugins/com.st.stm32cube.ide.mcu.externaltools.gnu-tools-for-stm32.10.3-2021.10.win32_1.0.0.202111181127/tools/bin/../lib/gcc/arm-none-eabi/10.3.1/thumb/v7e-m+fp/hard/crti.o
 .ARM.attributes
                0x000000000000001e       0x34 c:/st/stm32cubeide_1.9.0/stm32cubeide/plugins/com.st.stm32cube.ide.mcu.externaltools.gnu-tools-for-stm32.10.3-2021.10.win32_1.0.0.202111181127/tools/bin/../lib/gcc/arm-none-eabi/10.3.1/thumb/v7e-m+fp/hard/crtbegin.o
 .ARM.attributes
                0x0000000000000052       0x34 ./Src/control.o
 .ARM.attributes
                0x0000000000000086       0x34 ./Src/dsp.o
 .ARM.attributes
                0x00000000000000ba       0x34 ./Src/main.o
 .ARM.attributes
                0x00000000000000ee       0x34 ./Src/system_stm32f7xx.o
 .ARM.attributes
                0x0000000000000122       0x34 ./Src/periph/adc.o
 .ARM.attributes
                0x0000000000000156       0x34 ./Src/periph/dac.o
 .ARM.attributes
                0x000000000000018a       0x34 ./Src/periph/dma.o
 .ARM.attributes
                0x00000000000001be       0x34 ./Src/periph/gpio.o
 .ARM.attributes
                0x00000000000001f2       0x34 ./Src/periph/interrupt.o
 .ARM.attributes
                0x0000000000000226       0x34 ./Src/periph/rcc.o
 .ARM.attributes
                0x000000000000025a       0x34 ./Src/periph/timer.o
 .ARM.attributes
                0x000000000000028e       0x21 ./Startup/startup_stm32f746zgtx.o
 .ARM.attributes
                0x00000000000002af       0x34 c:/st/stm32cubeide_1.9.0/stm32cubeide/plugins/com.st.stm32cube.ide.mcu.externaltools.gnu-tools-for-stm32.10.3-2021.10.win32_1.0.0.202111181127/tools/bin/../lib/gcc/arm-none-eabi/10.3.1/../../../../arm-none-eabi/lib/thumb/v7e-m+fp/hard\libc_nano.a(lib_a-init.o)
 .ARM.attributes
                0x00000000000002e3       0x1e c:/st/stm32cubeide_1.9.0/stm32cubeide/plugins/com.st.stm32cube.ide.mcu.externaltools.gnu-tools-for-stm32.10.3-2021.10.win32_1.0.0.202111181127/tools/bin/../lib/gcc/arm-none-eabi/10.3.1/thumb/v7e-m+fp/hard/crtn.o
OUTPUT(main course2.elf elf32-littlearm)
LOAD linker stubs
LOAD c:/st/stm32cubeide_1.9.0/stm32cubeide/plugins/com.st.stm32cube.ide.mcu.externaltools.gnu-tools-for-stm32.10.3-2021.10.win32_1.0.0.202111181127/tools/bin/../lib/gcc/arm-none-eabi/10.3.1/../../../../arm-none-eabi/lib/thumb/v7e-m+fp/hard\libc.a
LOAD c:/st/stm32cubeide_1.9.0/stm32cubeide/plugins/com.st.stm32cube.ide.mcu.externaltools.gnu-tools-for-stm32.10.3-2021.10.win32_1.0.0.202111181127/tools/bin/../lib/gcc/arm-none-eabi/10.3.1/../../../../arm-none-eabi/lib/thumb/v7e-m+fp/hard\libm.a
LOAD c:/st/stm32cubeide_1.9.0/stm32cubeide/plugins/com.st.stm32cube.ide.mcu.externaltools.gnu-tools-for-stm32.10.3-2021.10.win32_1.0.0.202111181127/tools/bin/../lib/gcc/arm-none-eabi/10.3.1/thumb/v7e-m+fp/hard\libgcc.a

.debug_info     0x0000000000000000     0x3234
 .debug_info    0x0000000000000000      0x43e ./Src/control.o
 .debug_info    0x000000000000043e      0x2a7 ./Src/dsp.o
 .debug_info    0x00000000000006e5      0x2e4 ./Src/main.o
 .debug_info    0x00000000000009c9      0x725 ./Src/system_stm32f7xx.o
 .debug_info    0x00000000000010ee      0x3e9 ./Src/periph/adc.o
 .debug_info    0x00000000000014d7      0x36e ./Src/periph/dac.o
 .debug_info    0x0000000000001845      0x368 ./Src/periph/dma.o
 .debug_info    0x0000000000001bad      0x3f2 ./Src/periph/gpio.o
 .debug_info    0x0000000000001f9f      0xb05 ./Src/periph/interrupt.o
 .debug_info    0x0000000000002aa4      0x374 ./Src/periph/rcc.o
 .debug_info    0x0000000000002e18      0x3fa ./Src/periph/timer.o
 .debug_info    0x0000000000003212       0x22 ./Startup/startup_stm32f746zgtx.o

.debug_abbrev   0x0000000000000000      0xce0
 .debug_abbrev  0x0000000000000000      0x1e0 ./Src/control.o
 .debug_abbrev  0x00000000000001e0      0x1c2 ./Src/dsp.o
 .debug_abbrev  0x00000000000003a2      0x148 ./Src/main.o
 .debug_abbrev  0x00000000000004ea      0x136 ./Src/system_stm32f7xx.o
 .debug_abbrev  0x0000000000000620       0xe0 ./Src/periph/adc.o
 .debug_abbrev  0x0000000000000700       0xaf ./Src/periph/dac.o
 .debug_abbrev  0x00000000000007af       0xe2 ./Src/periph/dma.o
 .debug_abbrev  0x0000000000000891       0xf6 ./Src/periph/gpio.o
 .debug_abbrev  0x0000000000000987      0x1c5 ./Src/periph/interrupt.o
 .debug_abbrev  0x0000000000000b4c       0xd3 ./Src/periph/rcc.o
 .debug_abbrev  0x0000000000000c1f       0xaf ./Src/periph/timer.o
 .debug_abbrev  0x0000000000000cce       0x12 ./Startup/startup_stm32f746zgtx.o

.debug_aranges  0x0000000000000000      0x1f8
 .debug_aranges
                0x0000000000000000       0x30 ./Src/control.o
 .debug_aranges
                0x0000000000000030       0x30 ./Src/dsp.o
 .debug_aranges
                0x0000000000000060       0x20 ./Src/main.o
 .debug_aranges
                0x0000000000000080       0x28 ./Src/system_stm32f7xx.o
 .debug_aranges
                0x00000000000000a8       0x20 ./Src/periph/adc.o
 .debug_aranges
                0x00000000000000c8       0x20 ./Src/periph/dac.o
 .debug_aranges
                0x00000000000000e8       0x20 ./Src/periph/dma.o
 .debug_aranges
                0x0000000000000108       0x38 ./Src/periph/gpio.o
 .debug_aranges
                0x0000000000000140       0x50 ./Src/periph/interrupt.o
 .debug_aranges
                0x0000000000000190       0x20 ./Src/periph/rcc.o
 .debug_aranges
                0x00000000000001b0       0x20 ./Src/periph/timer.o
 .debug_aranges
                0x00000000000001d0       0x28 ./Startup/startup_stm32f746zgtx.o

.debug_ranges   0x0000000000000000      0x140
 .debug_ranges  0x0000000000000000       0x20 ./Src/control.o
 .debug_ranges  0x0000000000000020       0x20 ./Src/dsp.o
 .debug_ranges  0x0000000000000040       0x10 ./Src/main.o
 .debug_ranges  0x0000000000000050       0x18 ./Src/system_stm32f7xx.o
 .debug_ranges  0x0000000000000068       0x10 ./Src/periph/adc.o
 .debug_ranges  0x0000000000000078       0x10 ./Src/periph/dac.o
 .debug_ranges  0x0000000000000088       0x10 ./Src/periph/dma.o
 .debug_ranges  0x0000000000000098       0x28 ./Src/periph/gpio.o
 .debug_ranges  0x00000000000000c0       0x40 ./Src/periph/interrupt.o
 .debug_ranges  0x0000000000000100       0x10 ./Src/periph/rcc.o
 .debug_ranges  0x0000000000000110       0x10 ./Src/periph/timer.o
 .debug_ranges  0x0000000000000120       0x20 ./Startup/startup_stm32f746zgtx.o

.debug_macro    0x0000000000000000    0x1ca05
 .debug_macro   0x0000000000000000       0xe9 ./Src/control.o
 .debug_macro   0x00000000000000e9      0xa84 ./Src/control.o
 .debug_macro   0x0000000000000b6d       0x28 ./Src/control.o
 .debug_macro   0x0000000000000b95       0x3b ./Src/control.o
 .debug_macro   0x0000000000000bd0       0x22 ./Src/control.o
 .debug_macro   0x0000000000000bf2       0x8e ./Src/control.o
 .debug_macro   0x0000000000000c80       0x51 ./Src/control.o
 .debug_macro   0x0000000000000cd1      0x103 ./Src/control.o
 .debug_macro   0x0000000000000dd4       0x6a ./Src/control.o
 .debug_macro   0x0000000000000e3e      0x1df ./Src/control.o
 .debug_macro   0x000000000000101d       0x1c ./Src/control.o
 .debug_macro   0x0000000000001039       0x22 ./Src/control.o
 .debug_macro   0x000000000000105b       0xd9 ./Src/control.o
 .debug_macro   0x0000000000001134     0x12cd ./Src/control.o
 .debug_macro   0x0000000000002401      0x11f ./Src/control.o
 .debug_macro   0x0000000000002520       0x19 ./Src/control.o
 .debug_macro   0x0000000000002539    0x1920a ./Src/control.o
 .debug_macro   0x000000000001b743       0x6d ./Src/control.o
 .debug_macro   0x000000000001b7b0       0x10 ./Src/control.o
 .debug_macro   0x000000000001b7c0       0x16 ./Src/control.o
 .debug_macro   0x000000000001b7d6      0x1a5 ./Src/dsp.o
 .debug_macro   0x000000000001b97b       0x1e ./Src/dsp.o
 .debug_macro   0x000000000001b999       0x52 ./Src/dsp.o
 .debug_macro   0x000000000001b9eb       0x3c ./Src/dsp.o
 .debug_macro   0x000000000001ba27       0x34 ./Src/dsp.o
 .debug_macro   0x000000000001ba5b       0x16 ./Src/dsp.o
 .debug_macro   0x000000000001ba71      0x10e ./Src/dsp.o
 .debug_macro   0x000000000001bb7f       0x8d ./Src/dsp.o
 .debug_macro   0x000000000001bc0c       0x16 ./Src/dsp.o
 .debug_macro   0x000000000001bc22       0x43 ./Src/dsp.o
 .debug_macro   0x000000000001bc65       0x34 ./Src/dsp.o
 .debug_macro   0x000000000001bc99       0x10 ./Src/dsp.o
 .debug_macro   0x000000000001bca9       0x58 ./Src/dsp.o
 .debug_macro   0x000000000001bd01       0x71 ./Src/dsp.o
 .debug_macro   0x000000000001bd72       0x1c ./Src/dsp.o
 .debug_macro   0x000000000001bd8e      0x12a ./Src/dsp.o
 .debug_macro   0x000000000001beb8      0x341 ./Src/dsp.o
 .debug_macro   0x000000000001c1f9       0x16 ./Src/dsp.o
 .debug_macro   0x000000000001c20f       0x29 ./Src/dsp.o
 .debug_macro   0x000000000001c238      0x11a ./Src/main.o
 .debug_macro   0x000000000001c352       0xd7 ./Src/system_stm32f7xx.o
 .debug_macro   0x000000000001c429       0xd5 ./Src/periph/adc.o
 .debug_macro   0x000000000001c4fe       0xd5 ./Src/periph/dac.o
 .debug_macro   0x000000000001c5d3       0xd5 ./Src/periph/dma.o
 .debug_macro   0x000000000001c6a8       0xd5 ./Src/periph/gpio.o
 .debug_macro   0x000000000001c77d       0xde ./Src/periph/interrupt.o
 .debug_macro   0x000000000001c85b       0xd5 ./Src/periph/rcc.o
 .debug_macro   0x000000000001c930       0xd5 ./Src/periph/timer.o

.debug_line     0x0000000000000000     0x38f1
 .debug_line    0x0000000000000000      0x59c ./Src/control.o
 .debug_line    0x000000000000059c      0x679 ./Src/dsp.o
 .debug_line    0x0000000000000c15      0x50f ./Src/main.o
 .debug_line    0x0000000000001124      0x4ef ./Src/system_stm32f7xx.o
 .debug_line    0x0000000000001613      0x4a4 ./Src/periph/adc.o
 .debug_line    0x0000000000001ab7      0x47c ./Src/periph/dac.o
 .debug_line    0x0000000000001f33      0x498 ./Src/periph/dma.o
 .debug_line    0x00000000000023cb      0x515 ./Src/periph/gpio.o
 .debug_line    0x00000000000028e0      0x5ca ./Src/periph/interrupt.o
 .debug_line    0x0000000000002eaa      0x51c ./Src/periph/rcc.o
 .debug_line    0x00000000000033c6      0x4a7 ./Src/periph/timer.o
 .debug_line    0x000000000000386d       0x84 ./Startup/startup_stm32f746zgtx.o

.debug_str      0x0000000000000000    0x9eed5
 .debug_str     0x0000000000000000    0x9b088 ./Src/control.o
                                      0x9b221 (size before relaxing)
 .debug_str     0x000000000009b088     0x31b6 ./Src/dsp.o
                                      0x9e29e (size before relaxing)
 .debug_str     0x000000000009e23e       0xff ./Src/main.o
                                      0x9b161 (size before relaxing)
 .debug_str     0x000000000009e33d      0x2fb ./Src/system_stm32f7xx.o
                                      0x9b2e3 (size before relaxing)
 .debug_str     0x000000000009e638       0x7f ./Src/periph/adc.o
                                      0x9b187 (size before relaxing)
 .debug_str     0x000000000009e6b7       0x14 ./Src/periph/dac.o
                                      0x9b17f (size before relaxing)
 .debug_str     0x000000000009e6cb       0x36 ./Src/periph/dma.o
                                      0x9b15c (size before relaxing)
 .debug_str     0x000000000009e701       0x50 ./Src/periph/gpio.o
                                      0x9b18c (size before relaxing)
 .debug_str     0x000000000009e751      0x6e8 ./Src/periph/interrupt.o
                                      0x9b90d (size before relaxing)
 .debug_str     0x000000000009ee39       0x55 ./Src/periph/rcc.o
                                      0x9b178 (size before relaxing)
 .debug_str     0x000000000009ee8e       0x16 ./Src/periph/timer.o
                                      0x9b178 (size before relaxing)
 .debug_str     0x000000000009eea4       0x31 ./Startup/startup_stm32f746zgtx.o
                                         0x41 (size before relaxing)

.comment        0x0000000000000000       0x50
 .comment       0x0000000000000000       0x50 ./Src/control.o
                                         0x51 (size before relaxing)
 .comment       0x0000000000000050       0x51 ./Src/dsp.o
 .comment       0x0000000000000050       0x51 ./Src/main.o
 .comment       0x0000000000000050       0x51 ./Src/system_stm32f7xx.o
 .comment       0x0000000000000050       0x51 ./Src/periph/adc.o
 .comment       0x0000000000000050       0x51 ./Src/periph/dac.o
 .comment       0x0000000000000050       0x51 ./Src/periph/dma.o
 .comment       0x0000000000000050       0x51 ./Src/periph/gpio.o
 .comment       0x0000000000000050       0x51 ./Src/periph/interrupt.o
 .comment       0x0000000000000050       0x51 ./Src/periph/rcc.o
 .comment       0x0000000000000050       0x51 ./Src/periph/timer.o

.debug_frame    0x0000000000000000      0x450
 .debug_frame   0x0000000000000000       0x74 ./Src/control.o
 .debug_frame   0x0000000000000074       0x84 ./Src/dsp.o
 .debug_frame   0x00000000000000f8       0x30 ./Src/main.o
 .debug_frame   0x0000000000000128       0x58 ./Src/system_stm32f7xx.o
 .debug_frame   0x0000000000000180       0x30 ./Src/periph/adc.o
 .debug_frame   0x00000000000001b0       0x30 ./Src/periph/dac.o
 .debug_frame   0x00000000000001e0       0x30 ./Src/periph/dma.o
 .debug_frame   0x0000000000000210       0xa4 ./Src/periph/gpio.o
 .debug_frame   0x00000000000002b4      0x10c ./Src/periph/interrupt.o
 .debug_frame   0x00000000000003c0       0x34 ./Src/periph/rcc.o
 .debug_frame   0x00000000000003f4       0x30 ./Src/periph/timer.o
 .debug_frame   0x0000000000000424       0x2c c:/st/stm32cubeide_1.9.0/stm32cubeide/plugins/com.st.stm32cube.ide.mcu.externaltools.gnu-tools-for-stm32.10.3-2021.10.win32_1.0.0.202111181127/tools/bin/../lib/gcc/arm-none-eabi/10.3.1/../../../../arm-none-eabi/lib/thumb/v7e-m+fp/hard\libc_nano.a(lib_a-init.o)
