C:/Users/amoiseenko.YAM/STM32CubeIDE/workspace_1.9.0/main course2/Drivers/CMSIS/Core/Include/core_cm7.h:1865:22:__NVIC_SetPriorityGrouping	24	static
C:/Users/amoiseenko.YAM/STM32CubeIDE/workspace_1.9.0/main course2/Drivers/CMSIS/Core/Include/core_cm7.h:1884:26:__NVIC_GetPriorityGrouping	4	static
C:/Users/amoiseenko.YAM/STM32CubeIDE/workspace_1.9.0/main course2/Drivers/CMSIS/Core/Include/core_cm7.h:1896:22:__NVIC_EnableIRQ	16	static
C:/Users/amoiseenko.YAM/STM32CubeIDE/workspace_1.9.0/main course2/Drivers/CMSIS/Core/Include/core_cm7.h:2024:22:__NVIC_SetPriority	16	static
C:/Users/amoiseenko.YAM/STM32CubeIDE/workspace_1.9.0/main course2/Drivers/CMSIS/Core/Include/core_cm7.h:2071:26:NVIC_EncodePriority	40	static
../Src/interrupt.c:8:6:init_INTERRUPT	8	static
../Src/interrupt.c:30:6:TIM8_UP_TIM13_IRQHandler	4	static,ignoring_inline_asm
../Src/interrupt.c:60:6:DMA2_Stream0_IRQHandler	32	static,ignoring_inline_asm
